Component: ARM Compiler 5.06 (build 20) Tool: armlink [4d35a3]

==============================================================================

Section Cross References

    main.o(i.InitializeSystem) refers to adc.o(i.Initialize_ADC) for Initialize_ADC
    main.o(i.InitializeSystem) refers to uart.o(i.Initialize_UART) for Initialize_UART
    main.o(i.main) refers to main.o(i.InitializeSystem) for InitializeSystem
    main.o(i.main) refers to uart.o(i.UART_puts) for UART_puts
    adc.o(i.EnableTimerInterrupt) refers to misc.o(i.NVIC_Init) for NVIC_Init
    adc.o(i.InitializeTimer) refers to stm32f4xx_rcc.o(i.RCC_APB1PeriphClockCmd) for RCC_APB1PeriphClockCmd
    adc.o(i.InitializeTimer) refers to stm32f4xx_tim.o(i.TIM_TimeBaseInit) for TIM_TimeBaseInit
    adc.o(i.InitializeTimer) refers to stm32f4xx_tim.o(i.TIM_Cmd) for TIM_Cmd
    adc.o(i.InitializeTimer) refers to stm32f4xx_tim.o(i.TIM_ITConfig) for TIM_ITConfig
    adc.o(i.Initialize_ADC) refers to stm32f4xx_rcc.o(i.RCC_APB2PeriphClockCmd) for RCC_APB2PeriphClockCmd
    adc.o(i.Initialize_ADC) refers to stm32f4xx_rcc.o(i.RCC_AHB1PeriphClockCmd) for RCC_AHB1PeriphClockCmd
    adc.o(i.Initialize_ADC) refers to stm32f4xx_gpio.o(i.GPIO_StructInit) for GPIO_StructInit
    adc.o(i.Initialize_ADC) refers to stm32f4xx_gpio.o(i.GPIO_Init) for GPIO_Init
    adc.o(i.Initialize_ADC) refers to stm32f4xx_adc.o(i.ADC_DeInit) for ADC_DeInit
    adc.o(i.Initialize_ADC) refers to stm32f4xx_adc.o(i.ADC_Init) for ADC_Init
    adc.o(i.Initialize_ADC) refers to stm32f4xx_adc.o(i.ADC_Cmd) for ADC_Cmd
    adc.o(i.Initialize_ADC) refers to stm32f4xx_adc.o(i.ADC_RegularChannelConfig) for ADC_RegularChannelConfig
    adc.o(i.Initialize_ADC) refers to adc.o(i.InitializeTimer) for InitializeTimer
    adc.o(i.Initialize_ADC) refers to adc.o(i.EnableTimerInterrupt) for EnableTimerInterrupt
    adc.o(i.TIM2_IRQHandler) refers to _printf_percent.o(.ARM.Collect$$_printf_percent$$00000000) for _printf_percent
    adc.o(i.TIM2_IRQHandler) refers to _printf_f.o(.ARM.Collect$$_printf_percent$$00000003) for _printf_f
    adc.o(i.TIM2_IRQHandler) refers to printf1.o(x$fpl$printf1) for _printf_fp_dec
    adc.o(i.TIM2_IRQHandler) refers to stm32f4xx_tim.o(i.TIM_GetITStatus) for TIM_GetITStatus
    adc.o(i.TIM2_IRQHandler) refers to stm32f4xx_tim.o(i.TIM_ClearITPendingBit) for TIM_ClearITPendingBit
    adc.o(i.TIM2_IRQHandler) refers to adc.o(i.readADC1) for readADC1
    adc.o(i.TIM2_IRQHandler) refers to dflt_clz.o(x$fpl$dfltu) for __aeabi_ui2d
    adc.o(i.TIM2_IRQHandler) refers to daddsub_clz.o(x$fpl$dsub) for __aeabi_dsub
    adc.o(i.TIM2_IRQHandler) refers to ddiv_clz.o(x$fpl$ddiv) for __aeabi_ddiv
    adc.o(i.TIM2_IRQHandler) refers to d2f_clz.o(x$fpl$d2f) for __aeabi_d2f
    adc.o(i.TIM2_IRQHandler) refers to f2d.o(x$fpl$f2d) for __aeabi_f2d
    adc.o(i.TIM2_IRQHandler) refers to noretval__2sprintf.o(.text) for __2sprintf
    adc.o(i.TIM2_IRQHandler) refers to uart.o(i.UART_puts) for UART_puts
    adc.o(i.TIM2_IRQHandler) refers to inputdata.o(i.insertValue) for insertValue
    adc.o(i.readADC1) refers to stm32f4xx_adc.o(i.ADC_SoftwareStartConv) for ADC_SoftwareStartConv
    adc.o(i.readADC1) refers to stm32f4xx_adc.o(i.ADC_GetFlagStatus) for ADC_GetFlagStatus
    adc.o(i.readADC1) refers to stm32f4xx_adc.o(i.ADC_GetConversionValue) for ADC_GetConversionValue
    inputdata.o(i.insertValue) refers to inputdata.o(i.NVIC_DisableIRQ) for NVIC_DisableIRQ
    inputdata.o(i.insertValue) refers to fft.o(i.computeFFT) for computeFFT
    inputdata.o(i.insertValue) refers to main.o(.data) for dataReady
    inputdata.o(i.insertValue) refers to main.o(.bss) for input
    inputdata.o(i.insertValueFloat) refers to inputdata.o(i.NVIC_DisableIRQ) for NVIC_DisableIRQ
    inputdata.o(i.insertValueFloat) refers to fft.o(i.computeFFT) for computeFFT
    inputdata.o(i.insertValueFloat) refers to main.o(.data) for dataReady
    inputdata.o(i.insertValueFloat) refers to main.o(.bss) for input
    inputdata.o(i.isFull) refers to main.o(.data) for inputIndex
    inputdata.o(i.resetTable) refers to main.o(.data) for inputIndex
    fft.o(i.computeFFT) refers to arm_cfft_f32.o(.text) for arm_cfft_f32
    fft.o(i.computeFFT) refers to arm_cmplx_mag_f32.o(.text) for arm_cmplx_mag_f32
    fft.o(i.computeFFT) refers to fft.o(i.getFrequency) for getFrequency
    fft.o(i.computeFFT) refers to main.o(.bss) for input
    fft.o(i.computeFFT) refers to arm_const_structs.o(.constdata) for arm_cfft_sR_f32_len1024
    fft.o(i.computeFFT) refers to main.o(.data) for dataReady
    fft.o(i.getFrequency) refers to _printf_percent.o(.ARM.Collect$$_printf_percent$$00000000) for _printf_percent
    fft.o(i.getFrequency) refers to _printf_d.o(.ARM.Collect$$_printf_percent$$00000009) for _printf_d
    fft.o(i.getFrequency) refers to _printf_dec.o(.text) for _printf_int_dec
    fft.o(i.getFrequency) refers to _printf_f.o(.ARM.Collect$$_printf_percent$$00000003) for _printf_f
[...]
    ../clib/signal.c                         0x00000000   Number         0  defsig_rtmem_outer.o ABSOLUTE
    ../clib/signal.c                         0x00000000   Number         0  defsig_segv_inner.o ABSOLUTE
    ../clib/signal.c                         0x00000000   Number         0  __raise.o ABSOLUTE
    ../clib/signal.c                         0x00000000   Number         0  defsig_rtmem_inner.o ABSOLUTE
    ../clib/signal.c                         0x00000000   Number         0  defsig_general.o ABSOLUTE
    ../clib/signal.c                         0x00000000   Number         0  defsig_rtmem_formal.o ABSOLUTE
    ../clib/signal.c                         0x00000000   Number         0  defsig_other.o ABSOLUTE
    ../clib/signal.c                         0x00000000   Number         0  defsig_abrt_inner.o ABSOLUTE
    ../clib/signal.c                         0x00000000   Number         0  defsig_rtred_inner.o ABSOLUTE
    ../clib/signal.c                         0x00000000   Number         0  defsig_fpe_outer.o ABSOLUTE
    ../clib/signal.c                         0x00000000   Number         0  defsig_fpe_formal.o ABSOLUTE
    ../clib/signal.c                         0x00000000   Number         0  defsig_fpe_inner.o ABSOLUTE
    ../clib/signal.c                         0x00000000   Number         0  defsig_stak_inner.o ABSOLUTE
    ../clib/signal.c                         0x00000000   Number         0  defsig_exit.o ABSOLUTE
    ../clib/signal.c                         0x00000000   Number         0  defsig_pvfn_inner.o ABSOLUTE
    ../clib/signal.c                         0x00000000   Number         0  defsig_cppl_inner.o ABSOLUTE
    ../clib/signal.s                         0x00000000   Number         0  defsig.o ABSOLUTE
    ../clib/stdlib.c                         0x00000000   Number         0  exit.o ABSOLUTE
    ../fplib/d2f.s                           0x00000000   Number         0  d2f_clz.o ABSOLUTE
    ../fplib/daddsub.s                       0x00000000   Number         0  daddsub_clz.o ABSOLUTE
    ../fplib/ddiv.s                          0x00000000   Number         0  ddiv_clz.o ABSOLUTE
    ../fplib/dflt.s                          0x00000000   Number         0  dflt_clz.o ABSOLUTE
    ../fplib/dnaninf.s                       0x00000000   Number         0  dnaninf.o ABSOLUTE
    ../fplib/drenorm.s                       0x00000000   Number         0  drenorm_clz.o ABSOLUTE
    ../fplib/dretinf.s                       0x00000000   Number         0  dretinf.o ABSOLUTE
    ../fplib/dunder.s                        0x00000000   Number         0  dunder_clz.o ABSOLUTE
    ../fplib/except.s                        0x00000000   Number         0  except.o ABSOLUTE
    ../fplib/f2d.s                           0x00000000   Number         0  f2d.o ABSOLUTE
    ../fplib/fnaninf.s                       0x00000000   Number         0  fnaninf.o ABSOLUTE
    ../fplib/fpinit.s                        0x00000000   Number         0  fpinit.o ABSOLUTE
    ../fplib/fretinf.s                       0x00000000   Number         0  fretinf.o ABSOLUTE
    ../fplib/funder.s                        0x00000000   Number         0  funder_clz.o ABSOLUTE
    ../fplib/istatus.s                       0x00000000   Number         0  istatus.o ABSOLUTE
    ../fplib/printf1.s                       0x00000000   Number         0  printf1.o ABSOLUTE
    ../fplib/retnan.s                        0x00000000   Number         0  retnan.o ABSOLUTE
    ../fplib/trapv.s                         0x00000000   Number         0  trapv.o ABSOLUTE
    ../fplib/usenofp.s                       0x00000000   Number         0  usenofp.o ABSOLUTE
    ../mathlib/fpclassify.c                  0x00000000   Number         0  fpclassify.o ABSOLUTE
    ..\CommonTables\arm_common_tables.c      0x00000000   Number         0  arm_common_tables.o ABSOLUTE
    ..\CommonTables\arm_const_structs.c      0x00000000   Number         0  arm_const_structs.o ABSOLUTE
    ..\ComplexMathFunctions\arm_cmplx_mag_f32.c 0x00000000   Number         0  arm_cmplx_mag_f32.o ABSOLUTE
    ..\STM32F4_DRIVER_LIB\misc.c             0x00000000   Number         0  misc.o ABSOLUTE
    ..\STM32F4_DRIVER_LIB\stm32f4xx_adc.c    0x00000000   Number         0  stm32f4xx_adc.o ABSOLUTE
    ..\STM32F4_DRIVER_LIB\stm32f4xx_can.c    0x00000000   Number         0  stm32f4xx_can.o ABSOLUTE
    ..\STM32F4_DRIVER_LIB\stm32f4xx_crc.c    0x00000000   Number         0  stm32f4xx_crc.o ABSOLUTE
    ..\STM32F4_DRIVER_LIB\stm32f4xx_cryp.c   0x00000000   Number         0  stm32f4xx_cryp.o ABSOLUTE
    ..\STM32F4_DRIVER_LIB\stm32f4xx_cryp_aes.c 0x00000000   Number         0  stm32f4xx_cryp_aes.o ABSOLUTE
    ..\STM32F4_DRIVER_LIB\stm32f4xx_cryp_des.c 0x00000000   Number         0  stm32f4xx_cryp_des.o ABSOLUTE
    ..\STM32F4_DRIVER_LIB\stm32f4xx_cryp_tdes.c 0x00000000   Number         0  stm32f4xx_cryp_tdes.o ABSOLUTE
    ..\STM32F4_DRIVER_LIB\stm32f4xx_dac.c    0x00000000   Number         0  stm32f4xx_dac.o ABSOLUTE
    ..\STM32F4_DRIVER_LIB\stm32f4xx_dbgmcu.c 0x00000000   Number         0  stm32f4xx_dbgmcu.o ABSOLUTE
    ..\STM32F4_DRIVER_LIB\stm32f4xx_dcmi.c   0x00000000   Number         0  stm32f4xx_dcmi.o ABSOLUTE
    ..\STM32F4_DRIVER_LIB\stm32f4xx_dma.c    0x00000000   Number         0  stm32f4xx_dma.o ABSOLUTE
    ..\STM32F4_DRIVER_LIB\stm32f4xx_exti.c   0x00000000   Number         0  stm32f4xx_exti.o ABSOLUTE
    ..\STM32F4_DRIVER_LIB\stm32f4xx_flash.c  0x00000000   Number         0  stm32f4xx_flash.o ABSOLUTE
    ..\STM32F4_DRIVER_LIB\stm32f4xx_fsmc.c   0x00000000   Number         0  stm32f4xx_fsmc.o ABSOLUTE
    ..\STM32F4_DRIVER_LIB\stm32f4xx_gpio.c   0x00000000   Number         0  stm32f4xx_gpio.o ABSOLUTE
    ..\STM32F4_DRIVER_LIB\stm32f4xx_hash.c   0x00000000   Number         0  stm32f4xx_hash.o ABSOLUTE
    ..\STM32F4_DRIVER_LIB\stm32f4xx_hash_md5.c 0x00000000   Number         0  stm32f4xx_hash_md5.o ABSOLUTE
    ..\STM32F4_DRIVER_LIB\stm32f4xx_hash_sha1.c 0x00000000   Number         0  stm32f4xx_hash_sha1.o ABSOLUTE
    ..\STM32F4_DRIVER_LIB\stm32f4xx_i2c.c    0x00000000   Number         0  stm32f4xx_i2c.o ABSOLUTE
    ..\STM32F4_DRIVER_LIB\stm32f4xx_iwdg.c   0x00000000   Number         0  stm32f4xx_iwdg.o ABSOLUTE
    ..\STM32F4_DRIVER_LIB\stm32f4xx_pwr.c    0x00000000   Number         0  stm32f4xx_pwr.o ABSOLUTE
    ..\STM32F4_DRIVER_LIB\stm32f4xx_rcc.c    0x00000000   Number         0  stm32f4xx_rcc.o ABSOLUTE
    ..\STM32F4_DRIVER_LIB\stm32f4xx_rng.c    0x00000000   Number         0  stm32f4xx_rng.o ABSOLUTE
    ..\STM32F4_DRIVER_LIB\stm32f4xx_rtc.c    0x00000000   Number         0  stm32f4xx_rtc.o ABSOLUTE
    ..\STM32F4_DRIVER_LIB\stm32f4xx_sdio.c   0x00000000   Number         0  stm32f4xx_sdio.o ABSOLUTE
    ..\STM32F4_DRIVER_LIB\stm32f4xx_spi.c    0x00000000   Number         0  stm32f4xx_spi.o ABSOLUTE
    ..\STM32F4_DRIVER_LIB\stm32f4xx_syscfg.c 0x00000000   Number         0  stm32f4xx_syscfg.o ABSOLUTE
    ..\STM32F4_DRIVER_LIB\stm32f4xx_tim.c    0x00000000   Number         0  stm32f4xx_tim.o ABSOLUTE
    ..\STM32F4_DRIVER_LIB\stm32f4xx_usart.c  0x00000000   Number         0  stm32f4xx_usart.o ABSOLUTE
    ..\STM32F4_DRIVER_LIB\stm32f4xx_wwdg.c   0x00000000   Number         0  stm32f4xx_wwdg.o ABSOLUTE
    ..\StatisticsFunctions\arm_max_f32.c     0x00000000   Number         0  arm_max_f32.o ABSOLUTE
    ..\TransformFunctions\arm_cfft_f32.c     0x00000000   Number         0  arm_cfft_f32.o ABSOLUTE
    ..\TransformFunctions\arm_cfft_radix8_f32.c 0x00000000   Number         0  arm_cfft_radix8_f32.o ABSOLUTE
    ..\\CommonTables\\arm_common_tables.c    0x00000000   Number         0  arm_common_tables.o ABSOLUTE
    ..\\CommonTables\\arm_const_structs.c    0x00000000   Number         0  arm_const_structs.o ABSOLUTE
    ..\\ComplexMathFunctions\\arm_cmplx_mag_f32.c 0x00000000   Number         0  arm_cmplx_mag_f32.o ABSOLUTE
    ..\\STM32F4_DRIVER_LIB\\misc.c           0x00000000   Number         0  misc.o ABSOLUTE
    ..\\STM32F4_DRIVER_LIB\\stm32f4xx_adc.c  0x00000000   Number         0  stm32f4xx_adc.o ABSOLUTE
    ..\\STM32F4_DRIVER_LIB\\stm32f4xx_can.c  0x00000000   Number         0  stm32f4xx_can.o ABSOLUTE
    ..\\STM32F4_DRIVER_LIB\\stm32f4xx_crc.c  0x00000000   Number         0  stm32f4xx_crc.o ABSOLUTE
    ..\\STM32F4_DRIVER_LIB\\stm32f4xx_cryp.c 0x00000000   Number         0  stm32f4xx_cryp.o ABSOLUTE
    ..\\STM32F4_DRIVER_LIB\\stm32f4xx_cryp_aes.c 0x00000000   Number         0  stm32f4xx_cryp_aes.o ABSOLUTE
    ..\\STM32F4_DRIVER_LIB\\stm32f4xx_cryp_des.c 0x00000000   Number         0  stm32f4xx_cryp_des.o ABSOLUTE
    ..\\STM32F4_DRIVER_LIB\\stm32f4xx_cryp_tdes.c 0x00000000   Number         0  stm32f4xx_cryp_tdes.o ABSOLUTE
    ..\\STM32F4_DRIVER_LIB\\stm32f4xx_dac.c  0x00000000   Number         0  stm32f4xx_dac.o ABSOLUTE
    ..\\STM32F4_DRIVER_LIB\\stm32f4xx_dbgmcu.c 0x00000000   Number         0  stm32f4xx_dbgmcu.o ABSOLUTE
    ..\\STM32F4_DRIVER_LIB\\stm32f4xx_dcmi.c 0x00000000   Number         0  stm32f4xx_dcmi.o ABSOLUTE
    ..\\STM32F4_DRIVER_LIB\\stm32f4xx_dma.c  0x00000000   Number         0  stm32f4xx_dma.o ABSOLUTE
    ..\\STM32F4_DRIVER_LIB\\stm32f4xx_exti.c 0x00000000   Number         0  stm32f4xx_exti.o ABSOLUTE
    ..\\STM32F4_DRIVER_LIB\\stm32f4xx_flash.c 0x00000000   Number         0  stm32f4xx_flash.o ABSOLUTE
    ..\\STM32F4_DRIVER_LIB\\stm32f4xx_fsmc.c 0x00000000   Number         0  stm32f4xx_fsmc.o ABSOLUTE
    ..\\STM32F4_DRIVER_LIB\\stm32f4xx_gpio.c 0x00000000   Number         0  stm32f4xx_gpio.o ABSOLUTE
    ..\\STM32F4_DRIVER_LIB\\stm32f4xx_hash.c 0x00000000   Number         0  stm32f4xx_hash.o ABSOLUTE
    ..\\STM32F4_DRIVER_LIB\\stm32f4xx_hash_md5.c 0x00000000   Number         0  stm32f4xx_hash_md5.o ABSOLUTE
    ..\\STM32F4_DRIVER_LIB\\stm32f4xx_hash_sha1.c 0x00000000   Number         0  stm32f4xx_hash_sha1.o ABSOLUTE
    ..\\STM32F4_DRIVER_LIB\\stm32f4xx_i2c.c  0x00000000   Number         0  stm32f4xx_i2c.o ABSOLUTE
    ..\\STM32F4_DRIVER_LIB\\stm32f4xx_iwdg.c 0x00000000   Number         0  stm32f4xx_iwdg.o ABSOLUTE
    ..\\STM32F4_DRIVER_LIB\\stm32f4xx_pwr.c  0x00000000   Number         0  stm32f4xx_pwr.o ABSOLUTE
    ..\\STM32F4_DRIVER_LIB\\stm32f4xx_rcc.c  0x00000000   Number         0  stm32f4xx_rcc.o ABSOLUTE
    ..\\STM32F4_DRIVER_LIB\\stm32f4xx_rng.c  0x00000000   Number         0  stm32f4xx_rng.o ABSOLUTE
    ..\\STM32F4_DRIVER_LIB\\stm32f4xx_rtc.c  0x00000000   Number         0  stm32f4xx_rtc.o ABSOLUTE
    ..\\STM32F4_DRIVER_LIB\\stm32f4xx_sdio.c 0x00000000   Number         0  stm32f4xx_sdio.o ABSOLUTE
    ..\\STM32F4_DRIVER_LIB\\stm32f4xx_spi.c  0x00000000   Number         0  stm32f4xx_spi.o ABSOLUTE
    ..\\STM32F4_DRIVER_LIB\\stm32f4xx_syscfg.c 0x00000000   Number         0  stm32f4xx_syscfg.o ABSOLUTE
    ..\\STM32F4_DRIVER_LIB\\stm32f4xx_tim.c  0x00000000   Number         0  stm32f4xx_tim.o ABSOLUTE
    ..\\STM32F4_DRIVER_LIB\\stm32f4xx_usart.c 0x00000000   Number         0  stm32f4xx_usart.o ABSOLUTE
    ..\\STM32F4_DRIVER_LIB\\stm32f4xx_wwdg.c 0x00000000   Number         0  stm32f4xx_wwdg.o ABSOLUTE
    ..\\StatisticsFunctions\\arm_max_f32.c   0x00000000   Number         0  arm_max_f32.o ABSOLUTE
    ..\\TransformFunctions\\arm_bitreversal2.S 0x00000000   Number         0  arm_bitreversal2.o ABSOLUTE
    ..\\TransformFunctions\\arm_cfft_f32.c   0x00000000   Number         0  arm_cfft_f32.o ABSOLUTE
    ..\\TransformFunctions\\arm_cfft_radix8_f32.c 0x00000000   Number         0  arm_cfft_radix8_f32.o ABSOLUTE
    ADC.c                                    0x00000000   Number         0  adc.o ABSOLUTE
    ADC.c                                    0x00000000   Number         0  adc.o ABSOLUTE
    FFT.c                                    0x00000000   Number         0  fft.o ABSOLUTE
    FFT.c                                    0x00000000   Number         0  fft.o ABSOLUTE
    InputData.c                              0x00000000   Number         0  inputdata.o ABSOLUTE
    InputData.c                              0x00000000   Number         0  inputdata.o ABSOLUTE
    RTE\Device\STM32F415RGTx\startup_stm32f415xx.s 0x00000000   Number         0  startup_stm32f415xx.o ABSOLUTE
    RTE\Device\STM32F415RGTx\system_stm32f4xx.c 0x00000000   Number         0  system_stm32f4xx.o ABSOLUTE
    RTE\\Device\\STM32F415RGTx\\system_stm32f4xx.c 0x00000000   Number         0  system_stm32f4xx.o ABSOLUTE
    UART.c                                   0x00000000   Number         0  uart.o ABSOLUTE
    UART.c                                   0x00000000   Number         0  uart.o ABSOLUTE
    dc.s                                     0x00000000   Number         0  dc.o ABSOLUTE
    main.c                                   0x00000000   Number         0  main.o ABSOLUTE
    main.c                                   0x00000000   Number         0  main.o ABSOLUTE
    RESET                                    0x08000000   Section      392  startup_stm32f415xx.o(RESET)
    !!!main                                  0x08000188   Section        8  __main.o(!!!main)
    !!!scatter                               0x08000190   Section       52  __scatter.o(!!!scatter)
    !!handler_copy                           0x080001c4   Section       26  __scatter_copy.o(!!handler_copy)
    !!handler_zi                             0x080001e0   Section       28  __scatter_zi.o(!!handler_zi)
    . text                                   0x080001fc   Section      192  arm_bitreversal2.o(. text)
    $v0                                      0x080001fc   Number         0  arm_bitreversal2.o(. text)
    .ARM.Collect$$_printf_percent$$00000000  0x080002bc   Section        0  _printf_percent.o(.ARM.Collect$$_printf_percent$$00000000)
    .ARM.Collect$$_printf_percent$$00000003  0x080002bc   Section        6  _printf_f.o(.ARM.Collect$$_printf_percent$$00000003)
    .ARM.Collect$$_printf_percent$$00000009  0x080002c2   Section        6  _printf_d.o(.ARM.Collect$$_printf_percent$$00000009)
    .ARM.Collect$$_printf_percent$$00000017  0x080002c8   Section        4  _printf_percent_end.o(.ARM.Collect$$_printf_percent$$00000017)
    .ARM.Collect$$libinit$$00000000          0x080002cc   Section        2  libinit.o(.ARM.Collect$$libinit$$00000000)
    .ARM.Collect$$libinit$$00000001          0x080002ce   Section        4  libinit2.o(.ARM.Collect$$libinit$$00000001)
    .ARM.Collect$$libinit$$00000004          0x080002d2   Section        0  libinit2.o(.ARM.Collect$$libinit$$00000004)
    .ARM.Collect$$libinit$$0000000A          0x080002d2   Section        0  libinit2.o(.ARM.Collect$$libinit$$0000000A)
    .ARM.Collect$$libinit$$0000000C          0x080002d2   Section        0  libinit2.o(.ARM.Collect$$libinit$$0000000C)
    .ARM.Collect$$libinit$$0000000E          0x080002d2   Section        0  libinit2.o(.ARM.Collect$$libinit$$0000000E)
    .ARM.Collect$$libinit$$0000000F          0x080002d2   Section        6  libinit2.o(.ARM.Collect$$libinit$$0000000F)
    .ARM.Collect$$libinit$$00000011          0x080002d8   Section        0  libinit2.o(.ARM.Collect$$libinit$$00000011)
    .ARM.Collect$$libinit$$00000013          0x080002d8   Section        0  libinit2.o(.ARM.Collect$$libinit$$00000013)
    .ARM.Collect$$libinit$$00000015          0x080002d8   Section        0  libinit2.o(.ARM.Collect$$libinit$$00000015)
    .ARM.Collect$$libinit$$00000016          0x080002d8   Section       10  libinit2.o(.ARM.Collect$$libinit$$00000016)
    .ARM.Collect$$libinit$$00000017          0x080002e2   Section        0  libinit2.o(.ARM.Collect$$libinit$$00000017)
    .ARM.Collect$$libinit$$00000019          0x080002e2   Section        0  libinit2.o(.ARM.Collect$$libinit$$00000019)
    .ARM.Collect$$libinit$$0000001B          0x080002e2   Section        0  libinit2.o(.ARM.Collect$$libinit$$0000001B)
    .ARM.Collect$$libinit$$0000001D          0x080002e2   Section        0  libinit2.o(.ARM.Collect$$libinit$$0000001D)
    .ARM.Collect$$libinit$$0000001F          0x080002e2   Section        0  libinit2.o(.ARM.Collect$$libinit$$0000001F)
    .ARM.Collect$$libinit$$00000021          0x080002e2   Section        0  libinit2.o(.ARM.Collect$$libinit$$00000021)
    .ARM.Collect$$libinit$$00000023          0x080002e2   Section        0  libinit2.o(.ARM.Collect$$libinit$$00000023)
    .ARM.Collect$$libinit$$00000025          0x080002e2   Section        0  libinit2.o(.ARM.Collect$$libinit$$00000025)
    .ARM.Collect$$libinit$$0000002C          0x080002e2   Section        0  libinit2.o(.ARM.Collect$$libinit$$0000002C)
    .ARM.Collect$$libinit$$0000002E          0x080002e2   Section        0  libinit2.o(.ARM.Collect$$libinit$$0000002E)
    .ARM.Collect$$libinit$$00000030          0x080002e2   Section        0  libinit2.o(.ARM.Collect$$libinit$$00000030)
    .ARM.Collect$$libinit$$00000032          0x080002e2   Section        0  libinit2.o(.ARM.Collect$$libinit$$00000032)
    .ARM.Collect$$libinit$$00000033          0x080002e2   Section        2  libinit2.o(.ARM.Collect$$libinit$$00000033)
    .ARM.Collect$$libshutdown$$00000000      0x080002e4   Section        2  libshutdown.o(.ARM.Collect$$libshutdown$$00000000)
    .ARM.Collect$$libshutdown$$00000002      0x080002e6   Section        0  libshutdown2.o(.ARM.Collect$$libshutdown$$00000002)
    .ARM.Collect$$libshutdown$$00000004      0x080002e6   Section        0  libshutdown2.o(.ARM.Collect$$libshutdown$$00000004)
    .ARM.Collect$$libshutdown$$00000007      0x080002e6   Section        0  libshutdown2.o(.ARM.Collect$$libshutdown$$00000007)
    .ARM.Collect$$libshutdown$$0000000A      0x080002e6   Section        0  libshutdown2.o(.ARM.Collect$$libshutdown$$0000000A)
    .ARM.Collect$$libshutdown$$0000000C      0x080002e6   Section        0  libshutdown2.o(.ARM.Collect$$libshutdown$$0000000C)
    .ARM.Collect$$libshutdown$$0000000F      0x080002e6   Section        0  libshutdown2.o(.ARM.Collect$$libshutdown$$0000000F)
    .ARM.Collect$$libshutdown$$00000010      0x080002e6   Section        2  libshutdown2.o(.ARM.Collect$$libshutdown$$00000010)
    .ARM.Collect$$rtentry$$00000000          0x080002e8   Section        0  __rtentry.o(.ARM.Collect$$rtentry$$00000000)
    .ARM.Collect$$rtentry$$00000002          0x080002e8   Section        0  __rtentry2.o(.ARM.Collect$$rtentry$$00000002)
    .ARM.Collect$$rtentry$$00000004          0x080002e8   Section        6  __rtentry4.o(.ARM.Collect$$rtentry$$00000004)
    .ARM.Collect$$rtentry$$00000009          0x080002ee   Section        0  __rtentry2.o(.ARM.Collect$$rtentry$$00000009)
    .ARM.Collect$$rtentry$$0000000A          0x080002ee   Section        4  __rtentry2.o(.ARM.Collect$$rtentry$$0000000A)
    .ARM.Collect$$rtentry$$0000000C          0x080002f2   Section        0  __rtentry2.o(.ARM.Collect$$rtentry$$0000000C)
    .ARM.Collect$$rtentry$$0000000D          0x080002f2   Section        8  __rtentry2.o(.ARM.Collect$$rtentry$$0000000D)
    .ARM.Collect$$rtexit$$00000000           0x080002fa   Section        2  rtexit.o(.ARM.Collect$$rtexit$$00000000)
    .ARM.Collect$$rtexit$$00000002           0x080002fc   Section        0  rtexit2.o(.ARM.Collect$$rtexit$$00000002)
    .ARM.Collect$$rtexit$$00000003           0x080002fc   Section        4  rtexit2.o(.ARM.Collect$$rtexit$$00000003)
    .ARM.Collect$$rtexit$$00000004           0x08000300   Section        6  rtexit2.o(.ARM.Collect$$rtexit$$00000004)
    .text                                    0x08000308   Section       64  startup_stm32f415xx.o(.text)
    $v0                                      0x08000308   Number         0  startup_stm32f415xx.o(.text)
    .text                                    0x08000348   Section        0  arm_cmplx_mag_f32.o(.text)
    .text                                    0x08000444   Section        0  arm_cfft_f32.o(.text)
    .text                                    0x08000b68   Section        0  arm_max_f32.o(.text)
    .text                                    0x08000c40   Section        0  arm_cfft_radix8_f32.o(.text)
    .text                                    0x0800111c   Section        0  noretval__2sprintf.o(.text)
    .text                                    0x08001144   Section        0  __printf.o(.text)
    .text                                    0x080011ac   Section        0  _printf_dec.o(.text)
    .text                                    0x08001224   Section        0  heapauxi.o(.text)
    .text                                    0x0800122a   Section        0  _printf_intcommon.o(.text)
    .text                                    0x080012dc   Section        0  _printf_fp_dec.o(.text)
    _fp_digits                               0x080012df   Thumb Code   428  _printf_fp_dec.o(.text)
    .text                                    0x080016f8   Section        0  _printf_char_common.o(.text)
    _printf_input_char                       0x080016f9   Thumb Code    10  _printf_char_common.o(.text)
    .text                                    0x08001728   Section        0  _sputc.o(.text)
    .text                                    0x08001734   Section        8  rt_locale_intlibspace.o(.text)
    .text                                    0x0800173c   Section      138  lludiv10.o(.text)
    .text                                    0x080017c8   Section        0  _fptrap.o(.text)
    .text                                    0x080017f8   Section        0  _printf_fp_infnan.o(.text)
    .text                                    0x08001878   Section        0  bigflt0.o(.text)
    .text                                    0x08001954   Section        8  libspace.o(.text)
    .text                                    0x0800195c   Section       74  sys_stackheap_outer.o(.text)
    .text                                    0x080019a6   Section        0  exit.o(.text)
    .text                                    0x080019b8   Section        0  defsig_fpe_outer.o(.text)
    .text                                    0x080019c8   Section      128  strcmpv7m.o(.text)
    .text                                    0x08001a48   Section        0  defsig_exit.o(.text)
    .text                                    0x08001a54   Section        0  defsig_fpe_inner.o(.text)
    .text                                    0x08001b00   Section        0  sys_exit.o(.text)
    .text                                    0x08001b0c   Section        0  defsig_general.o(.text)
    .text                                    0x08001b3e   Section        0  sys_wrch.o(.text)
    .text                                    0x08001b4c   Section        2  use_no_semi.o(.text)
    .text                                    0x08001b4e   Section        0  indicate_semi.o(.text)
    CL$$btod_d2e                             0x08001b4e   Section       62  btod.o(CL$$btod_d2e)
    CL$$btod_d2e_denorm_low                  0x08001b8c   Section       70  btod.o(CL$$btod_d2e_denorm_low)
    CL$$btod_d2e_norm_op1                    0x08001bd2   Section       96  btod.o(CL$$btod_d2e_norm_op1)
    CL$$btod_div_common                      0x08001c32   Section      824  btod.o(CL$$btod_div_common)
    CL$$btod_e2e                             0x08001f6a   Section      198  btod.o(CL$$btod_e2e)
    CL$$btod_ediv                            0x08002030   Section       40  btod.o(CL$$btod_ediv)
    CL$$btod_emul                            0x08002058   Section       40  btod.o(CL$$btod_emul)
    CL$$btod_mult_common                     0x08002080   Section      580  btod.o(CL$$btod_mult_common)
    i.ADC_Cmd                                0x080022c4   Section        0  stm32f4xx_adc.o(i.ADC_Cmd)
    i.ADC_DeInit                             0x080022da   Section        0  stm32f4xx_adc.o(i.ADC_DeInit)
    i.ADC_GetConversionValue                 0x080022f0   Section        0  stm32f4xx_adc.o(i.ADC_GetConversionValue)
    i.ADC_GetFlagStatus                      0x080022f8   Section        0  stm32f4xx_adc.o(i.ADC_GetFlagStatus)
    i.ADC_Init                               0x0800230c   Section        0  stm32f4xx_adc.o(i.ADC_Init)
    i.ADC_RegularChannelConfig               0x08002360   Section        0  stm32f4xx_adc.o(i.ADC_RegularChannelConfig)
    i.ADC_SoftwareStartConv                  0x08002418   Section        0  stm32f4xx_adc.o(i.ADC_SoftwareStartConv)
    i.EnableTimerInterrupt                   0x08002422   Section        0  adc.o(i.EnableTimerInterrupt)
    i.GPIO_Init                              0x08002442   Section        0  stm32f4xx_gpio.o(i.GPIO_Init)
    i.GPIO_PinAFConfig                       0x080024d2   Section        0  stm32f4xx_gpio.o(i.GPIO_PinAFConfig)
    i.GPIO_StructInit                        0x08002518   Section        0  stm32f4xx_gpio.o(i.GPIO_StructInit)
    i.InitializeSystem                       0x0800252a   Section        0  main.o(i.InitializeSystem)
    i.InitializeTimer                        0x0800253a   Section        0  adc.o(i.InitializeTimer)
    i.Initialize_ADC                         0x0800257c   Section        0  adc.o(i.Initialize_ADC)
    i.Initialize_UART                        0x08002600   Section        0  uart.o(i.Initialize_UART)
    i.NVIC_DisableIRQ                        0x08002688   Section        0  inputdata.o(i.NVIC_DisableIRQ)
    NVIC_DisableIRQ                          0x08002689   Thumb Code    18  inputdata.o(i.NVIC_DisableIRQ)
    i.NVIC_Init                              0x080026a0   Section        0  misc.o(i.NVIC_Init)
    i.RCC_AHB1PeriphClockCmd                 0x08002718   Section        0  stm32f4xx_rcc.o(i.RCC_AHB1PeriphClockCmd)
    i.RCC_APB1PeriphClockCmd                 0x08002738   Section        0  stm32f4xx_rcc.o(i.RCC_APB1PeriphClockCmd)
    i.RCC_APB2PeriphClockCmd                 0x08002758   Section        0  stm32f4xx_rcc.o(i.RCC_APB2PeriphClockCmd)
    i.RCC_APB2PeriphResetCmd                 0x08002778   Section        0  stm32f4xx_rcc.o(i.RCC_APB2PeriphResetCmd)
    i.RCC_GetClocksFreq                      0x08002798   Section        0  stm32f4xx_rcc.o(i.RCC_GetClocksFreq)
    i.SetSysClock                            0x08002880   Section        0  system_stm32f4xx.o(i.SetSysClock)
    SetSysClock                              0x08002881   Thumb Code   220  system_stm32f4xx.o(i.SetSysClock)
    i.SystemInit                             0x0800296c   Section        0  system_stm32f4xx.o(i.SystemInit)
    i.TIM2_IRQHandler                        0x080029d4   Section        0  adc.o(i.TIM2_IRQHandler)
    i.TIM_ClearITPendingBit                  0x08002a68   Section        0  stm32f4xx_tim.o(i.TIM_ClearITPendingBit)
    i.TIM_Cmd                                0x08002a6e   Section        0  stm32f4xx_tim.o(i.TIM_Cmd)
    i.TIM_GetITStatus                        0x08002a86   Section        0  stm32f4xx_tim.o(i.TIM_GetITStatus)
    i.TIM_ITConfig                           0x08002aa8   Section        0  stm32f4xx_tim.o(i.TIM_ITConfig)
    i.TIM_TimeBaseInit                       0x08002abc   Section        0  stm32f4xx_tim.o(i.TIM_TimeBaseInit)
    i.UART_puts                              0x08002b40   Section        0  uart.o(i.UART_puts)
    i.USART_Cmd                              0x08002b6c   Section        0  stm32f4xx_usart.o(i.USART_Cmd)
    i.USART_Init                             0x08002b84   Section        0  stm32f4xx_usart.o(i.USART_Init)
    i.USART_SendData                         0x08002c54   Section        0  stm32f4xx_usart.o(i.USART_SendData)
    i.__ARM_fpclassify                       0x08002c5c   Section        0  fpclassify.o(i.__ARM_fpclassify)
    i.computeFFT                             0x08002c8c   Section        0  fft.o(i.computeFFT)
    i.getFrequency                           0x08002ccc   Section        0  fft.o(i.getFrequency)
    i.getMaxValueIndex                       0x08002d8c   Section        0  fft.o(i.getMaxValueIndex)
    i.insertValue                            0x08002da4   Section        0  inputdata.o(i.insertValue)
    i.main                                   0x08002e14   Section        0  main.o(i.main)
    i.readADC1                               0x08002e2c   Section        0  adc.o(i.readADC1)
    i.resetTable                             0x08002e50   Section        0  inputdata.o(i.resetTable)
    locale$$code                             0x08002e78   Section       44  lc_numeric_c.o(locale$$code)
    x$fpl$d2f                                0x08002ea4   Section      708  d2f_clz.o(x$fpl$d2f)
    $v0                                      0x08002ea4   Number         0  d2f_clz.o(x$fpl$d2f)
    x$fpl$dadd                               0x08003168   Section      588  daddsub_clz.o(x$fpl$dadd)
    $v0                                      0x08003168   Number         0  daddsub_clz.o(x$fpl$dadd)
    _dadd1                                   0x08003193   Thumb Code     0  daddsub_clz.o(x$fpl$dadd)
    dadd_zerodenorm                          0x08003333   Thumb Code     0  daddsub_clz.o(x$fpl$dadd)
    x$fpl$ddiv                               0x080033b4   Section      892  ddiv_clz.o(x$fpl$ddiv)
    $v0                                      0x080033b4   Number         0  ddiv_clz.o(x$fpl$ddiv)
    ddiv_entry                               0x080033bb   Thumb Code     0  ddiv_clz.o(x$fpl$ddiv)
    x$fpl$dfltn                              0x08003730   Section       26  dflt_clz.o(x$fpl$dfltn)
    $v0                                      0x08003730   Number         0  dflt_clz.o(x$fpl$dfltn)
    x$fpl$dfltu                              0x0800374a   Section       38  dflt_clz.o(x$fpl$dfltu)
    $v0                                      0x0800374a   Number         0  dflt_clz.o(x$fpl$dfltu)
    x$fpl$dnaninf                            0x08003770   Section      258  dnaninf.o(x$fpl$dnaninf)
    $v0                                      0x08003770   Number         0  dnaninf.o(x$fpl$dnaninf)
    x$fpl$drenorm                            0x08003872   Section      112  drenorm_clz.o(x$fpl$drenorm)
    $v0                                      0x08003872   Number         0  drenorm_clz.o(x$fpl$drenorm)
    x$fpl$dretinf                            0x080038e2   Section       12  dretinf.o(x$fpl$dretinf)
    $v0                                      0x080038e2   Number         0  dretinf.o(x$fpl$dretinf)
    x$fpl$dsub                               0x080038f0   Section      668  daddsub_clz.o(x$fpl$dsub)
    $v0                                      0x080038f0   Number         0  daddsub_clz.o(x$fpl$dsub)
    _dsub1                                   0x0800391b   Thumb Code     0  daddsub_clz.o(x$fpl$dsub)
    daddsub_denorm                           0x08003adf   Thumb Code     0  daddsub_clz.o(x$fpl$dsub)
    dsub_uncommon_first                      0x08003af3   Thumb Code     0  daddsub_clz.o(x$fpl$dsub)
    dsub_zerodenorm                          0x08003b11   Thumb Code     0  daddsub_clz.o(x$fpl$dsub)
    x$fpl$dunder                             0x08003b8c   Section      378  dunder_clz.o(x$fpl$dunder)
    $v0                                      0x08003b8c   Number         0  dunder_clz.o(x$fpl$dunder)
    x$fpl$exception                          0x08003d08   Section      492  except.o(x$fpl$exception)
    $v0                                      0x08003d08   Number         0  except.o(x$fpl$exception)
    x$fpl$f2d                                0x08003ef4   Section      122  f2d.o(x$fpl$f2d)
    $v0                                      0x08003ef4   Number         0  f2d.o(x$fpl$f2d)
    x$fpl$fnaninf                            0x08003f6e   Section      242  fnaninf.o(x$fpl$fnaninf)
    $v0                                      0x08003f6e   Number         0  fnaninf.o(x$fpl$fnaninf)
    x$fpl$fpinit                             0x08004060   Section       10  fpinit.o(x$fpl$fpinit)
    $v0                                      0x08004060   Number         0  fpinit.o(x$fpl$fpinit)
    x$fpl$fretinf                            0x0800406a   Section       10  fretinf.o(x$fpl$fretinf)
    $v0                                      0x0800406a   Number         0  fretinf.o(x$fpl$fretinf)
    x$fpl$funder                             0x08004074   Section      316  funder_clz.o(x$fpl$funder)
    $v0                                      0x08004074   Number         0  funder_clz.o(x$fpl$funder)
    x$fpl$ieeestatus                         0x080041b0   Section       32  istatus.o(x$fpl$ieeestatus)
    $v0                                      0x080041b0   Number         0  istatus.o(x$fpl$ieeestatus)
    x$fpl$printf1                            0x080041d0   Section        4  printf1.o(x$fpl$printf1)
    $v0                                      0x080041d0   Number         0  printf1.o(x$fpl$printf1)
    x$fpl$retnan                             0x080041d4   Section      178  retnan.o(x$fpl$retnan)
    $v0                                      0x080041d4   Number         0  retnan.o(x$fpl$retnan)
    x$fpl$trapveneer                         0x08004286   Section      126  trapv.o(x$fpl$trapveneer)
    $v0                                      0x08004286   Number         0  trapv.o(x$fpl$trapveneer)
    .constdata                               0x08004304   Section       16  arm_const_structs.o(.constdata)
    x$fpl$usenofp                            0x08004304   Section        0  usenofp.o(x$fpl$usenofp)
    .constdata                               0x08004314   Section     8192  arm_common_tables.o(.constdata)
    .constdata                               0x08006314   Section     3600  arm_common_tables.o(.constdata)
    .constdata                               0x08007124   Section      148  bigflt0.o(.constdata)
    tenpwrs_x                                0x08007124   Data          60  bigflt0.o(.constdata)
    tenpwrs_i                                0x08007160   Data          64  bigflt0.o(.constdata)
    locale$$data                             0x080071d8   Section       28  lc_numeric_c.o(locale$$data)
    __lcnum_c_name                           0x080071dc   Data           2  lc_numeric_c.o(locale$$data)
    __lcnum_c_start                          0x080071e4   Data           0  lc_numeric_c.o(locale$$data)
    __lcnum_c_point                          0x080071f0   Data           0  lc_numeric_c.o(locale$$data)
    __lcnum_c_thousands                      0x080071f2   Data           0  lc_numeric_c.o(locale$$data)
    __lcnum_c_grouping                       0x080071f3   Data           0  lc_numeric_c.o(locale$$data)
    __lcnum_c_end                            0x080071f4   Data           0  lc_numeric_c.o(locale$$data)
    .data                                    0x20000000   Section       16  main.o(.data)
    .data                                    0x20000010   Section       16  stm32f4xx_rcc.o(.data)
    APBAHBPrescTable                         0x20000010   Data          16  stm32f4xx_rcc.o(.data)
    .bss                                     0x20000020   Section    12288  main.o(.bss)
    .bss                                     0x20003020   Section       96  libspace.o(.bss)
    HEAP                                     0x20003080   Section      512  startup_stm32f415xx.o(HEAP)
    Heap_Mem                                 0x20003080   Data         512  startup_stm32f415xx.o(HEAP)
    STACK                                    0x20003280   Section     1024  startup_stm32f415xx.o(STACK)
    Stack_Mem                                0x20003280   Data        1024  startup_stm32f415xx.o(STACK)
    __initial_sp                             0x20003680   Data           0  startup_stm32f415xx.o(STACK)

    Global Symbols

    Symbol Name                              Value     Ov Type        Size  Object(Section)

    BuildAttributes$$THM_ISAv4$E$P$D$K$B$S$7EM$VFPi3$EXTD16$VFPS$VFMA$PE$A:L22UL41UL21$X:L11$S22US41US21$IEEE1$IW$USESV6$~STKCKD$USESV7$~SHL$OTIME$ROPI$IEEEX$EBA8$UX$STANDARDLIB$REQ8$PRES8$EABIv2 0x00000000   Number         0  anon$$obj.o ABSOLUTE
    __ARM_use_no_argv                        0x00000000   Number         0  main.o ABSOLUTE
    __ARM_exceptions_init                     - Undefined Weak Reference
    __alloca_initialize                       - Undefined Weak Reference
    __arm_preinit_                            - Undefined Weak Reference
    __cpp_initialize__aeabi_                  - Undefined Weak Reference
    __cxa_finalize                            - Undefined Weak Reference
    __sigvec_lookup                           - Undefined Weak Reference
    _atexit_init                              - Undefined Weak Reference
    _call_atexit_fns                          - Undefined Weak Reference
    _clock_init                               - Undefined Weak Reference
    _fp_trap_big                              - Undefined Weak Reference
    _fp_trap_init                             - Undefined Weak Reference
    _fp_trap_shutdown                         - Undefined Weak Reference
    _get_lc_collate                           - Undefined Weak Reference
    _get_lc_ctype                             - Undefined Weak Reference
    _get_lc_monetary                          - Undefined Weak Reference
    _get_lc_time                              - Undefined Weak Reference
    _getenv_init                              - Undefined Weak Reference
    _handle_redirection                       - Undefined Weak Reference
    _init_alloc                               - Undefined Weak Reference
    _init_user_alloc                          - Undefined Weak Reference
    _initio                                   - Undefined Weak Reference
    _printf_post_padding                      - Undefined Weak Reference
    _printf_pre_padding                       - Undefined Weak Reference
    _printf_truncate_signed                   - Undefined Weak Reference
    _printf_truncate_unsigned                 - Undefined Weak Reference
    _rand_init                                - Undefined Weak Reference
    _signal_finish                            - Undefined Weak Reference
    _signal_init                              - Undefined Weak Reference
    _terminate_alloc                          - Undefined Weak Reference
    _terminate_user_alloc                     - Undefined Weak Reference
    _terminateio                              - Undefined Weak Reference
    __Vectors_Size                           0x00000188   Number         0  startup_stm32f415xx.o ABSOLUTE
    __Vectors                                0x08000000   Data           4  startup_stm32f415xx.o(RESET)
    __Vectors_End                            0x08000188   Data           0  startup_stm32f415xx.o(RESET)
    __main                                   0x08000189   Thumb Code     8  __main.o(!!!main)
    __scatterload                            0x08000191   Thumb Code     0  __scatter.o(!!!scatter)
    __scatterload_rt2                        0x08000191   Thumb Code    44  __scatter.o(!!!scatter)
    __scatterload_rt2_thumb_only             0x08000191   Thumb Code     0  __scatter.o(!!!scatter)
    __scatterload_null                       0x0800019f   Thumb Code     0  __scatter.o(!!!scatter)
    __scatterload_copy                       0x080001c5   Thumb Code    26  __scatter_copy.o(!!handler_copy)
    __scatterload_zeroinit                   0x080001e1   Thumb Code    28  __scatter_zi.o(!!handler_zi)
    arm_bitreversal_32                       0x080001fd   Thumb Code   106  arm_bitreversal2.o(. text)
    arm_bitreversal_16                       0x08000267   Thumb Code    86  arm_bitreversal2.o(. text)
    _printf_f                                0x080002bd   Thumb Code     0  _printf_f.o(.ARM.Collect$$_printf_percent$$00000003)
    _printf_percent                          0x080002bd   Thumb Code     0  _printf_percent.o(.ARM.Collect$$_printf_percent$$00000000)
    _printf_d                                0x080002c3   Thumb Code     0  _printf_d.o(.ARM.Collect$$_printf_percent$$00000009)
    _printf_percent_end                      0x080002c9   Thumb Code     0  _printf_percent_end.o(.ARM.Collect$$_printf_percent$$00000017)
    __rt_lib_init                            0x080002cd   Thumb Code     0  libinit.o(.ARM.Collect$$libinit$$00000000)
    __rt_lib_init_fp_1                       0x080002cf   Thumb Code     0  libinit2.o(.ARM.Collect$$libinit$$00000001)
    __rt_lib_init_heap_1                     0x080002d3   Thumb Code     0  libinit2.o(.ARM.Collect$$libinit$$0000000A)
    __rt_lib_init_lc_common                  0x080002d3   Thumb Code     0  libinit2.o(.ARM.Collect$$libinit$$0000000F)
    __rt_lib_init_preinit_1                  0x080002d3   Thumb Code     0  libinit2.o(.ARM.Collect$$libinit$$00000004)
    __rt_lib_init_rand_1                     0x080002d3   Thumb Code     0  libinit2.o(.ARM.Collect$$libinit$$0000000E)
    __rt_lib_init_user_alloc_1               0x080002d3   Thumb Code     0  libinit2.o(.ARM.Collect$$libinit$$0000000C)
    __rt_lib_init_lc_collate_1               0x080002d9   Thumb Code     0  libinit2.o(.ARM.Collect$$libinit$$00000011)
    __rt_lib_init_lc_ctype_1                 0x080002d9   Thumb Code     0  libinit2.o(.ARM.Collect$$libinit$$00000013)
    __rt_lib_init_lc_monetary_1              0x080002d9   Thumb Code     0  libinit2.o(.ARM.Collect$$libinit$$00000015)
    __rt_lib_init_lc_numeric_2               0x080002d9   Thumb Code     0  libinit2.o(.ARM.Collect$$libinit$$00000016)
    __rt_lib_init_alloca_1                   0x080002e3   Thumb Code     0  libinit2.o(.ARM.Collect$$libinit$$0000002E)
    __rt_lib_init_argv_1                     0x080002e3   Thumb Code     0  libinit2.o(.ARM.Collect$$libinit$$0000002C)
    __rt_lib_init_atexit_1                   0x080002e3   Thumb Code     0  libinit2.o(.ARM.Collect$$libinit$$0000001B)
    __rt_lib_init_clock_1                    0x080002e3   Thumb Code     0  libinit2.o(.ARM.Collect$$libinit$$00000021)
    __rt_lib_init_cpp_1                      0x080002e3   Thumb Code     0  libinit2.o(.ARM.Collect$$libinit$$00000032)
    __rt_lib_init_exceptions_1               0x080002e3   Thumb Code     0  libinit2.o(.ARM.Collect$$libinit$$00000030)
    __rt_lib_init_fp_trap_1                  0x080002e3   Thumb Code     0  libinit2.o(.ARM.Collect$$libinit$$0000001F)
    __rt_lib_init_getenv_1                   0x080002e3   Thumb Code     0  libinit2.o(.ARM.Collect$$libinit$$00000023)
    __rt_lib_init_lc_numeric_1               0x080002e3   Thumb Code     0  libinit2.o(.ARM.Collect$$libinit$$00000017)
    __rt_lib_init_lc_time_1                  0x080002e3   Thumb Code     0  libinit2.o(.ARM.Collect$$libinit$$00000019)
    __rt_lib_init_return                     0x080002e3   Thumb Code     0  libinit2.o(.ARM.Collect$$libinit$$00000033)
    __rt_lib_init_signal_1                   0x080002e3   Thumb Code     0  libinit2.o(.ARM.Collect$$libinit$$0000001D)
    __rt_lib_init_stdio_1                    0x080002e3   Thumb Code     0  libinit2.o(.ARM.Collect$$libinit$$00000025)
    __rt_lib_shutdown                        0x080002e5   Thumb Code     0  libshutdown.o(.ARM.Collect$$libshutdown$$00000000)
    __rt_lib_shutdown_cpp_1                  0x080002e7   Thumb Code     0  libshutdown2.o(.ARM.Collect$$libshutdown$$00000002)
    __rt_lib_shutdown_fp_trap_1              0x080002e7   Thumb Code     0  libshutdown2.o(.ARM.Collect$$libshutdown$$00000007)
    __rt_lib_shutdown_heap_1                 0x080002e7   Thumb Code     0  libshutdown2.o(.ARM.Collect$$libshutdown$$0000000F)
    __rt_lib_shutdown_return                 0x080002e7   Thumb Code     0  libshutdown2.o(.ARM.Collect$$libshutdown$$00000010)
    __rt_lib_shutdown_signal_1               0x080002e7   Thumb Code     0  libshutdown2.o(.ARM.Collect$$libshutdown$$0000000A)
    __rt_lib_shutdown_stdio_1                0x080002e7   Thumb Code     0  libshutdown2.o(.ARM.Collect$$libshutdown$$00000004)
    __rt_lib_shutdown_user_alloc_1           0x080002e7   Thumb Code     0  libshutdown2.o(.ARM.Collect$$libshutdown$$0000000C)
    __rt_entry                               0x080002e9   Thumb Code     0  __rtentry.o(.ARM.Collect$$rtentry$$00000000)
    __rt_entry_presh_1                       0x080002e9   Thumb Code     0  __rtentry2.o(.ARM.Collect$$rtentry$$00000002)
    __rt_entry_sh                            0x080002e9   Thumb Code     0  __rtentry4.o(.ARM.Collect$$rtentry$$00000004)
    __rt_entry_li                            0x080002ef   Thumb Code     0  __rtentry2.o(.ARM.Collect$$rtentry$$0000000A)
    __rt_entry_postsh_1                      0x080002ef   Thumb Code     0  __rtentry2.o(.ARM.Collect$$rtentry$$00000009)
    __rt_entry_main                          0x080002f3   Thumb Code     0  __rtentry2.o(.ARM.Collect$$rtentry$$0000000D)
    __rt_entry_postli_1                      0x080002f3   Thumb Code     0  __rtentry2.o(.ARM.Collect$$rtentry$$0000000C)
    __rt_exit                                0x080002fb   Thumb Code     0  rtexit.o(.ARM.Collect$$rtexit$$00000000)
    __rt_exit_ls                             0x080002fd   Thumb Code     0  rtexit2.o(.ARM.Collect$$rtexit$$00000003)
    __rt_exit_prels_1                        0x080002fd   Thumb Code     0  rtexit2.o(.ARM.Collect$$rtexit$$00000002)
    __rt_exit_exit                           0x08000301   Thumb Code     0  rtexit2.o(.ARM.Collect$$rtexit$$00000004)
    Reset_Handler                            0x08000309   Thumb Code     8  startup_stm32f415xx.o(.text)
    NMI_Handler                              0x08000311   Thumb Code     2  startup_stm32f415xx.o(.text)
    HardFault_Handler                        0x08000313   Thumb Code     2  startup_stm32f415xx.o(.text)
    MemManage_Handler                        0x08000315   Thumb Code     2  startup_stm32f415xx.o(.text)
    BusFault_Handler                         0x08000317   Thumb Code     2  startup_stm32f415xx.o(.text)
    UsageFault_Handler                       0x08000319   Thumb Code     2  startup_stm32f415xx.o(.text)
    SVC_Handler                              0x0800031b   Thumb Code     2  startup_stm32f415xx.o(.text)
    DebugMon_Handler                         0x0800031d   Thumb Code     2  startup_stm32f415xx.o(.text)
    PendSV_Handler                           0x0800031f   Thumb Code     2  startup_stm32f415xx.o(.text)
    SysTick_Handler                          0x08000321   Thumb Code     2  startup_stm32f415xx.o(.text)
    ADC_IRQHandler                           0x08000323   Thumb Code     0  startup_stm32f415xx.o(.text)
    CAN1_RX0_IRQHandler                      0x08000323   Thumb Code     0  startup_stm32f415xx.o(.text)
    CAN1_RX1_IRQHandler                      0x08000323   Thumb Code     0  startup_stm32f415xx.o(.text)
    CAN1_SCE_IRQHandler                      0x08000323   Thumb Code     0  startup_stm32f415xx.o(.text)
    CAN1_TX_IRQHandler                       0x08000323   Thumb Code     0  startup_stm32f415xx.o(.text)
    CAN2_RX0_IRQHandler                      0x08000323   Thumb Code     0  startup_stm32f415xx.o(.text)
    CAN2_RX1_IRQHandler                      0x08000323   Thumb Code     0  startup_stm32f415xx.o(.text)
    CAN2_SCE_IRQHandler                      0x08000323   Thumb Code     0  startup_stm32f415xx.o(.text)
    CAN2_TX_IRQHandler                       0x08000323   Thumb Code     0  startup_stm32f415xx.o(.text)
    CRYP_IRQHandler                          0x08000323   Thumb Code     0  startup_stm32f415xx.o(.text)
    DMA1_Stream0_IRQHandler                  0x08000323   Thumb Code     0  startup_stm32f415xx.o(.text)
    DMA1_Stream1_IRQHandler                  0x08000323   Thumb Code     0  startup_stm32f415xx.o(.text)
    DMA1_Stream2_IRQHandler                  0x08000323   Thumb Code     0  startup_stm32f415xx.o(.text)
    DMA1_Stream3_IRQHandler                  0x08000323   Thumb Code     0  startup_stm32f415xx.o(.text)
    DMA1_Stream4_IRQHandler                  0x08000323   Thumb Code     0  startup_stm32f415xx.o(.text)
    DMA1_Stream5_IRQHandler                  0x08000323   Thumb Code     0  startup_stm32f415xx.o(.text)
    DMA1_Stream6_IRQHandler                  0x08000323   Thumb Code     0  startup_stm32f415xx.o(.text)
    DMA1_Stream7_IRQHandler                  0x08000323   Thumb Code     0  startup_stm32f415xx.o(.text)
    DMA2_Stream0_IRQHandler                  0x08000323   Thumb Code     0  startup_stm32f415xx.o(.text)
    DMA2_Stream1_IRQHandler                  0x08000323   Thumb Code     0  startup_stm32f415xx.o(.text)
    DMA2_Stream2_IRQHandler                  0x08000323   Thumb Code     0  startup_stm32f415xx.o(.text)
    DMA2_Stream3_IRQHandler                  0x08000323   Thumb Code     0  startup_stm32f415xx.o(.text)
    DMA2_Stream4_IRQHandler                  0x08000323   Thumb Code     0  startup_stm32f415xx.o(.text)
    DMA2_Stream5_IRQHandler                  0x08000323   Thumb Code     0  startup_stm32f415xx.o(.text)
    DMA2_Stream6_IRQHandler                  0x08000323   Thumb Code     0  startup_stm32f415xx.o(.text)
    DMA2_Stream7_IRQHandler                  0x08000323   Thumb Code     0  startup_stm32f415xx.o(.text)
    EXTI0_IRQHandler                         0x08000323   Thumb Code     0  startup_stm32f415xx.o(.text)
    EXTI15_10_IRQHandler                     0x08000323   Thumb Code     0  startup_stm32f415xx.o(.text)
    EXTI1_IRQHandler                         0x08000323   Thumb Code     0  startup_stm32f415xx.o(.text)
    EXTI2_IRQHandler                         0x08000323   Thumb Code     0  startup_stm32f415xx.o(.text)
    EXTI3_IRQHandler                         0x08000323   Thumb Code     0  startup_stm32f415xx.o(.text)
    EXTI4_IRQHandler                         0x08000323   Thumb Code     0  startup_stm32f415xx.o(.text)
    EXTI9_5_IRQHandler                       0x08000323   Thumb Code     0  startup_stm32f415xx.o(.text)
    FLASH_IRQHandler                         0x08000323   Thumb Code     0  startup_stm32f415xx.o(.text)
    FMC_IRQHandler                           0x08000323   Thumb Code     0  startup_stm32f415xx.o(.text)
    FPU_IRQHandler                           0x08000323   Thumb Code     0  startup_stm32f415xx.o(.text)
    HASH_RNG_IRQHandler                      0x08000323   Thumb Code     0  startup_stm32f415xx.o(.text)
    I2C1_ER_IRQHandler                       0x08000323   Thumb Code     0  startup_stm32f415xx.o(.text)
    I2C1_EV_IRQHandler                       0x08000323   Thumb Code     0  startup_stm32f415xx.o(.text)
    I2C2_ER_IRQHandler                       0x08000323   Thumb Code     0  startup_stm32f415xx.o(.text)
    I2C2_EV_IRQHandler                       0x08000323   Thumb Code     0  startup_stm32f415xx.o(.text)
    I2C3_ER_IRQHandler                       0x08000323   Thumb Code     0  startup_stm32f415xx.o(.text)
    I2C3_EV_IRQHandler                       0x08000323   Thumb Code     0  startup_stm32f415xx.o(.text)
    OTG_FS_IRQHandler                        0x08000323   Thumb Code     0  startup_stm32f415xx.o(.text)
    OTG_FS_WKUP_IRQHandler                   0x08000323   Thumb Code     0  startup_stm32f415xx.o(.text)
    OTG_HS_EP1_IN_IRQHandler                 0x08000323   Thumb Code     0  startup_stm32f415xx.o(.text)
    OTG_HS_EP1_OUT_IRQHandler                0x08000323   Thumb Code     0  startup_stm32f415xx.o(.text)
    OTG_HS_IRQHandler                        0x08000323   Thumb Code     0  startup_stm32f415xx.o(.text)
    OTG_HS_WKUP_IRQHandler                   0x08000323   Thumb Code     0  startup_stm32f415xx.o(.text)
    PVD_IRQHandler                           0x08000323   Thumb Code     0  startup_stm32f415xx.o(.text)
    RCC_IRQHandler                           0x08000323   Thumb Code     0  startup_stm32f415xx.o(.text)
    RTC_Alarm_IRQHandler                     0x08000323   Thumb Code     0  startup_stm32f415xx.o(.text)
    RTC_WKUP_IRQHandler                      0x08000323   Thumb Code     0  startup_stm32f415xx.o(.text)
    SDIO_IRQHandler                          0x08000323   Thumb Code     0  startup_stm32f415xx.o(.text)
    SPI1_IRQHandler                          0x08000323   Thumb Code     0  startup_stm32f415xx.o(.text)
    SPI2_IRQHandler                          0x08000323   Thumb Code     0  startup_stm32f415xx.o(.text)
    SPI3_IRQHandler                          0x08000323   Thumb Code     0  startup_stm32f415xx.o(.text)
    TAMP_STAMP_IRQHandler                    0x08000323   Thumb Code     0  startup_stm32f415xx.o(.text)
    TIM1_BRK_TIM9_IRQHandler                 0x08000323   Thumb Code     0  startup_stm32f415xx.o(.text)
    TIM1_CC_IRQHandler                       0x08000323   Thumb Code     0  startup_stm32f415xx.o(.text)
    TIM1_TRG_COM_TIM11_IRQHandler            0x08000323   Thumb Code     0  startup_stm32f415xx.o(.text)
    TIM1_UP_TIM10_IRQHandler                 0x08000323   Thumb Code     0  startup_stm32f415xx.o(.text)
    TIM3_IRQHandler                          0x08000323   Thumb Code     0  startup_stm32f415xx.o(.text)
    TIM4_IRQHandler                          0x08000323   Thumb Code     0  startup_stm32f415xx.o(.text)
    TIM5_IRQHandler                          0x08000323   Thumb Code     0  startup_stm32f415xx.o(.text)
    TIM6_DAC_IRQHandler                      0x08000323   Thumb Code     0  startup_stm32f415xx.o(.text)
    TIM7_IRQHandler                          0x08000323   Thumb Code     0  startup_stm32f415xx.o(.text)
    TIM8_BRK_TIM12_IRQHandler                0x08000323   Thumb Code     0  startup_stm32f415xx.o(.text)
    TIM8_CC_IRQHandler                       0x08000323   Thumb Code     0  startup_stm32f415xx.o(.text)
    TIM8_TRG_COM_TIM14_IRQHandler            0x08000323   Thumb Code     0  startup_stm32f415xx.o(.text)
    TIM8_UP_TIM13_IRQHandler                 0x08000323   Thumb Code     0  startup_stm32f415xx.o(.text)
    UART4_IRQHandler                         0x08000323   Thumb Code     0  startup_stm32f415xx.o(.text)
    UART5_IRQHandler                         0x08000323   Thumb Code     0  startup_stm32f415xx.o(.text)
    USART1_IRQHandler                        0x08000323   Thumb Code     0  startup_stm32f415xx.o(.text)
    USART2_IRQHandler                        0x08000323   Thumb Code     0  startup_stm32f415xx.o(.text)
    USART3_IRQHandler                        0x08000323   Thumb Code     0  startup_stm32f415xx.o(.text)
    USART6_IRQHandler                        0x08000323   Thumb Code     0  startup_stm32f415xx.o(.text)
    WWDG_IRQHandler                          0x08000323   Thumb Code     0  startup_stm32f415xx.o(.text)
    __user_initial_stackheap                 0x08000325   Thumb Code     0  startup_stm32f415xx.o(.text)
    arm_cmplx_mag_f32                        0x08000349   Thumb Code   246  arm_cmplx_mag_f32.o(.text)
    arm_cfft_radix8by2_f32                   0x08000445   Thumb Code   398  arm_cfft_f32.o(.text)
    arm_cfft_radix8by4_f32                   0x080005d3   Thumb Code  1098  arm_cfft_f32.o(.text)
    arm_cfft_f32                             0x08000a1d   Thumb Code   330  arm_cfft_f32.o(.text)
    arm_max_f32                              0x08000b69   Thumb Code   216  arm_max_f32.o(.text)
    arm_radix8_butterfly_f32                 0x08000c41   Thumb Code  1244  arm_cfft_radix8_f32.o(.text)
    __2sprintf                               0x0800111d   Thumb Code    34  noretval__2sprintf.o(.text)
    __printf                                 0x08001145   Thumb Code   104  __printf.o(.text)
    _printf_int_dec                          0x080011ad   Thumb Code   104  _printf_dec.o(.text)
    __use_two_region_memory                  0x08001225   Thumb Code     2  heapauxi.o(.text)
    __rt_heap_escrow$2region                 0x08001227   Thumb Code     2  heapauxi.o(.text)
    __rt_heap_expand$2region                 0x08001229   Thumb Code     2  heapauxi.o(.text)
    _printf_int_common                       0x0800122b   Thumb Code   178  _printf_intcommon.o(.text)
    __lib_sel_fp_printf                      0x080012dd   Thumb Code     2  _printf_fp_dec.o(.text)
    _printf_fp_dec_real                      0x0800148b   Thumb Code   620  _printf_fp_dec.o(.text)
    _printf_char_common                      0x08001703   Thumb Code    32  _printf_char_common.o(.text)
    _sputc                                   0x08001729   Thumb Code    10  _sputc.o(.text)
    __rt_locale                              0x08001735   Thumb Code     8  rt_locale_intlibspace.o(.text)
    _ll_udiv10                               0x0800173d   Thumb Code   138  lludiv10.o(.text)
    _fp_trap                                 0x080017c9   Thumb Code    44  _fptrap.o(.text)
    _printf_fp_infnan                        0x080017f9   Thumb Code   112  _printf_fp_infnan.o(.text)
    _btod_etento                             0x08001879   Thumb Code   216  bigflt0.o(.text)
    __user_libspace                          0x08001955   Thumb Code     8  libspace.o(.text)
    __user_perproc_libspace                  0x08001955   Thumb Code     0  libspace.o(.text)
    __user_perthread_libspace                0x08001955   Thumb Code     0  libspace.o(.text)
    __user_setup_stackheap                   0x0800195d   Thumb Code    74  sys_stackheap_outer.o(.text)
    exit                                     0x080019a7   Thumb Code    18  exit.o(.text)
    __rt_SIGFPE                              0x080019b9   Thumb Code    14  defsig_fpe_outer.o(.text)
    strcmp                                   0x080019c9   Thumb Code   128  strcmpv7m.o(.text)
    __sig_exit                               0x08001a49   Thumb Code    10  defsig_exit.o(.text)
    __rt_SIGFPE_inner                        0x08001a55   Thumb Code    62  defsig_fpe_inner.o(.text)
    _sys_exit                                0x08001b01   Thumb Code     8  sys_exit.o(.text)
    __default_signal_display                 0x08001b0d   Thumb Code    50  defsig_general.o(.text)
    _ttywrch                                 0x08001b3f   Thumb Code    14  sys_wrch.o(.text)
    __I$use$semihosting                      0x08001b4d   Thumb Code     0  use_no_semi.o(.text)
    __use_no_semihosting_swi                 0x08001b4d   Thumb Code     2  use_no_semi.o(.text)
    __semihosting_library_function           0x08001b4f   Thumb Code     0  indicate_semi.o(.text)
    _btod_d2e                                0x08001b4f   Thumb Code    62  btod.o(CL$$btod_d2e)
    _d2e_denorm_low                          0x08001b8d   Thumb Code    70  btod.o(CL$$btod_d2e_denorm_low)
    _d2e_norm_op1                            0x08001bd3   Thumb Code    96  btod.o(CL$$btod_d2e_norm_op1)
    __btod_div_common                        0x08001c33   Thumb Code   696  btod.o(CL$$btod_div_common)
    _e2e                                     0x08001f6b   Thumb Code   198  btod.o(CL$$btod_e2e)
    _btod_ediv                               0x08002031   Thumb Code    40  btod.o(CL$$btod_ediv)
    _btod_emul                               0x08002059   Thumb Code    40  btod.o(CL$$btod_emul)
    __btod_mult_common                       0x08002081   Thumb Code   580  btod.o(CL$$btod_mult_common)
    ADC_Cmd                                  0x080022c5   Thumb Code    22  stm32f4xx_adc.o(i.ADC_Cmd)
    ADC_DeInit                               0x080022db   Thumb Code    22  stm32f4xx_adc.o(i.ADC_DeInit)
    ADC_GetConversionValue                   0x080022f1   Thumb Code     8  stm32f4xx_adc.o(i.ADC_GetConversionValue)
    ADC_GetFlagStatus                        0x080022f9   Thumb Code    18  stm32f4xx_adc.o(i.ADC_GetFlagStatus)
    ADC_Init                                 0x0800230d   Thumb Code    74  stm32f4xx_adc.o(i.ADC_Init)
    ADC_RegularChannelConfig                 0x08002361   Thumb Code   184  stm32f4xx_adc.o(i.ADC_RegularChannelConfig)
    ADC_SoftwareStartConv                    0x08002419   Thumb Code    10  stm32f4xx_adc.o(i.ADC_SoftwareStartConv)
    EnableTimerInterrupt                     0x08002423   Thumb Code    32  adc.o(i.EnableTimerInterrupt)
    GPIO_Init                                0x08002443   Thumb Code   144  stm32f4xx_gpio.o(i.GPIO_Init)
    GPIO_PinAFConfig                         0x080024d3   Thumb Code    70  stm32f4xx_gpio.o(i.GPIO_PinAFConfig)
    GPIO_StructInit                          0x08002519   Thumb Code    18  stm32f4xx_gpio.o(i.GPIO_StructInit)
    InitializeSystem                         0x0800252b   Thumb Code    16  main.o(i.InitializeSystem)
    InitializeTimer                          0x0800253b   Thumb Code    66  adc.o(i.InitializeTimer)
    Initialize_ADC                           0x0800257d   Thumb Code   124  adc.o(i.Initialize_ADC)
    Initialize_UART                          0x08002601   Thumb Code   126  uart.o(i.Initialize_UART)
    NVIC_Init                                0x080026a1   Thumb Code   106  misc.o(i.NVIC_Init)
    RCC_AHB1PeriphClockCmd                   0x08002719   Thumb Code    26  stm32f4xx_rcc.o(i.RCC_AHB1PeriphClockCmd)
    RCC_APB1PeriphClockCmd                   0x08002739   Thumb Code    26  stm32f4xx_rcc.o(i.RCC_APB1PeriphClockCmd)
    RCC_APB2PeriphClockCmd                   0x08002759   Thumb Code    26  stm32f4xx_rcc.o(i.RCC_APB2PeriphClockCmd)
    RCC_APB2PeriphResetCmd                   0x08002779   Thumb Code    26  stm32f4xx_rcc.o(i.RCC_APB2PeriphResetCmd)
    RCC_GetClocksFreq                        0x08002799   Thumb Code   214  stm32f4xx_rcc.o(i.RCC_GetClocksFreq)
    SystemInit                               0x0800296d   Thumb Code    88  system_stm32f4xx.o(i.SystemInit)
    TIM2_IRQHandler                          0x080029d5   Thumb Code   134  adc.o(i.TIM2_IRQHandler)
    TIM_ClearITPendingBit                    0x08002a69   Thumb Code     6  stm32f4xx_tim.o(i.TIM_ClearITPendingBit)
    TIM_Cmd                                  0x08002a6f   Thumb Code    24  stm32f4xx_tim.o(i.TIM_Cmd)
    TIM_GetITStatus                          0x08002a87   Thumb Code    34  stm32f4xx_tim.o(i.TIM_GetITStatus)
    TIM_ITConfig                             0x08002aa9   Thumb Code    18  stm32f4xx_tim.o(i.TIM_ITConfig)
    TIM_TimeBaseInit                         0x08002abd   Thumb Code   104  stm32f4xx_tim.o(i.TIM_TimeBaseInit)
    UART_puts                                0x08002b41   Thumb Code    40  uart.o(i.UART_puts)
    USART_Cmd                                0x08002b6d   Thumb Code    24  stm32f4xx_usart.o(i.USART_Cmd)
    USART_Init                               0x08002b85   Thumb Code   198  stm32f4xx_usart.o(i.USART_Init)
    USART_SendData                           0x08002c55   Thumb Code     8  stm32f4xx_usart.o(i.USART_SendData)
    __ARM_fpclassify                         0x08002c5d   Thumb Code    48  fpclassify.o(i.__ARM_fpclassify)
    computeFFT                               0x08002c8d   Thumb Code    42  fft.o(i.computeFFT)
    getFrequency                             0x08002ccd   Thumb Code   152  fft.o(i.getFrequency)
    getMaxValueIndex                         0x08002d8d   Thumb Code    20  fft.o(i.getMaxValueIndex)
    insertValue                              0x08002da5   Thumb Code    96  inputdata.o(i.insertValue)
    main                                     0x08002e15   Thumb Code    14  main.o(i.main)
    readADC1                                 0x08002e2d   Thumb Code    32  adc.o(i.readADC1)
    resetTable                               0x08002e51   Thumb Code    32  inputdata.o(i.resetTable)
    _get_lc_numeric                          0x08002e79   Thumb Code    44  lc_numeric_c.o(locale$$code)
    __aeabi_d2f                              0x08002ea5   Thumb Code     0  d2f_clz.o(x$fpl$d2f)
    _d2f                                     0x08002ea5   Thumb Code   700  d2f_clz.o(x$fpl$d2f)
    __aeabi_dadd                             0x08003169   Thumb Code     0  daddsub_clz.o(x$fpl$dadd)
    _dadd                                    0x08003169   Thumb Code   580  daddsub_clz.o(x$fpl$dadd)
    __aeabi_ddiv                             0x080033b5   Thumb Code     0  ddiv_clz.o(x$fpl$ddiv)
    _ddiv                                    0x080033b5   Thumb Code   748  ddiv_clz.o(x$fpl$ddiv)
    __dflt_normalise                         0x08003731   Thumb Code    26  dflt_clz.o(x$fpl$dfltn)
    __aeabi_ui2d                             0x0800374b   Thumb Code     0  dflt_clz.o(x$fpl$dfltu)
    _dfltu                                   0x0800374b   Thumb Code    38  dflt_clz.o(x$fpl$dfltu)
    __fpl_dnaninf                            0x08003771   Thumb Code   258  dnaninf.o(x$fpl$dnaninf)
    __fpl_drenorm2                           0x08003873   Thumb Code   106  drenorm_clz.o(x$fpl$drenorm)
    __fpl_drenorm1                           0x080038dd   Thumb Code     6  drenorm_clz.o(x$fpl$drenorm)
    __fpl_dretinf                            0x080038e3   Thumb Code    12  dretinf.o(x$fpl$dretinf)
    __aeabi_dsub                             0x080038f1   Thumb Code     0  daddsub_clz.o(x$fpl$dsub)
    _dsub                                    0x080038f1   Thumb Code   664  daddsub_clz.o(x$fpl$dsub)
    __dunder                                 0x08003b8d   Thumb Code   314  dunder_clz.o(x$fpl$dunder)
    __dunder_d                               0x08003cc7   Thumb Code    64  dunder_clz.o(x$fpl$dunder)
    __fpl_exception                          0x08003d09   Thumb Code   454  except.o(x$fpl$exception)
    __aeabi_f2d                              0x08003ef5   Thumb Code     0  f2d.o(x$fpl$f2d)
    _f2d                                     0x08003ef5   Thumb Code   122  f2d.o(x$fpl$f2d)
    __fpl_fnaninf                            0x08003f6f   Thumb Code   242  fnaninf.o(x$fpl$fnaninf)
    _fp_init                                 0x08004061   Thumb Code    10  fpinit.o(x$fpl$fpinit)
    __fplib_config_fpu_vfp                   0x08004069   Thumb Code     0  fpinit.o(x$fpl$fpinit)
    __fplib_config_pureend_doubles           0x08004069   Thumb Code     0  fpinit.o(x$fpl$fpinit)
    __fpl_fretinf                            0x0800406b   Thumb Code    10  fretinf.o(x$fpl$fretinf)
    __funder                                 0x08004075   Thumb Code   254  funder_clz.o(x$fpl$funder)
    __funder_d                               0x08004173   Thumb Code    62  funder_clz.o(x$fpl$funder)
    __ieee_status                            0x080041b1   Thumb Code    28  istatus.o(x$fpl$ieeestatus)
    _printf_fp_dec                           0x080041d1   Thumb Code     4  printf1.o(x$fpl$printf1)
    __fpl_return_NaN                         0x080041d5   Thumb Code   178  retnan.o(x$fpl$retnan)
    _fp_trapveneer                           0x08004287   Thumb Code    36  trapv.o(x$fpl$trapveneer)
    __fpl_cmpreturn                          0x080042ab   Thumb Code    90  trapv.o(x$fpl$trapveneer)
    __I$use$fp                               0x08004304   Number         0  usenofp.o(x$fpl$usenofp)
    arm_cfft_sR_f32_len1024                  0x08004304   Data          16  arm_const_structs.o(.constdata)
    twiddleCoef_1024                         0x08004314   Data        8192  arm_common_tables.o(.constdata)
    armBitRevIndexTable1024                  0x08006314   Data        3600  arm_common_tables.o(.constdata)
    Region$$Table$$Base                      0x080071b8   Number         0  anon$$obj.o(Region$$Table)
    Region$$Table$$Limit                     0x080071d8   Number         0  anon$$obj.o(Region$$Table)
    inputIndex                               0x20000000   Data           2  main.o(.data)
    outputIndex                              0x20000002   Data           2  main.o(.data)
    dataReady                                0x20000004   Data           1  main.o(.data)
    divisor                                  0x20000008   Data           4  main.o(.data)
    currentFrequencyBin                      0x2000000c   Data           4  main.o(.data)
    input                                    0x20000020   Data        8192  main.o(.bss)
    output                                   0x20002020   Data        4096  main.o(.bss)
    __libspace_start                         0x20003020   Data          96  libspace.o(.bss)
    __temporary_stack_top$libspace           0x20003080   Data           0  libspace.o(.bss)



==============================================================================

Memory Map of the image

  Image Entry point : 0x08000309

  Load Region LR_1 (Base: 0x08000000, Size: 0x00007214, Max: 0xffffffff, ABSOLUTE)

    Execution Region ER_RO (Base: 0x08000000, Size: 0x000071f4, Max: 0xffffffff, ABSOLUTE)

    Base Addr    Size         Type   Attr      Idx    E Section Name        Object

    0x08000000   0x00000188   Data   RO         4479    RESET               startup_stm32f415xx.o
    0x08000188   0x00000008   Code   RO         4824  * !!!main             c_w.l(__main.o)
    0x08000190   0x00000034   Code   RO         5084    !!!scatter          c_w.l(__scatter.o)
    0x080001c4   0x0000001a   Code   RO         5086    !!handler_copy      c_w.l(__scatter_copy.o)
    0x080001de   0x00000002   PAD
    0x080001e0   0x0000001c   Code   RO         5088    !!handler_zi        c_w.l(__scatter_zi.o)
    0x080001fc   0x000000c0   Code   RO         4703    . text              arm_cortexM4lf_math.lib(arm_bitreversal2.o)
    0x080002bc   0x00000000   Code   RO         4821    .ARM.Collect$$_printf_percent$$00000000  c_w.l(_printf_percent.o)
    0x080002bc   0x00000006   Code   RO         4820    .ARM.Collect$$_printf_percent$$00000003  c_w.l(_printf_f.o)
    0x080002c2   0x00000006   Code   RO         4819    .ARM.Collect$$_printf_percent$$00000009  c_w.l(_printf_d.o)
    0x080002c8   0x00000004   Code   RO         4857    .ARM.Collect$$_printf_percent$$00000017  c_w.l(_printf_percent_end.o)
    0x080002cc   0x00000002   Code   RO         4957    .ARM.Collect$$libinit$$00000000  c_w.l(libinit.o)
    0x080002ce   0x00000004   Code   RO         4958    .ARM.Collect$$libinit$$00000001  c_w.l(libinit2.o)
    0x080002d2   0x00000000   Code   RO         4961    .ARM.Collect$$libinit$$00000004  c_w.l(libinit2.o)
    0x080002d2   0x00000000   Code   RO         4964    .ARM.Collect$$libinit$$0000000A  c_w.l(libinit2.o)
    0x080002d2   0x00000000   Code   RO         4966    .ARM.Collect$$libinit$$0000000C  c_w.l(libinit2.o)
    0x080002d2   0x00000000   Code   RO         4968    .ARM.Collect$$libinit$$0000000E  c_w.l(libinit2.o)
    0x080002d2   0x00000006   Code   RO         4969    .ARM.Collect$$libinit$$0000000F  c_w.l(libinit2.o)
    0x080002d8   0x00000000   Code   RO         4971    .ARM.Collect$$libinit$$00000011  c_w.l(libinit2.o)
    0x080002d8   0x00000000   Code   RO         4973    .ARM.Collect$$libinit$$00000013  c_w.l(libinit2.o)
    0x080002d8   0x00000000   Code   RO         4975    .ARM.Collect$$libinit$$00000015  c_w.l(libinit2.o)
    0x080002d8   0x0000000a   Code   RO         4976    .ARM.Collect$$libinit$$00000016  c_w.l(libinit2.o)
    0x080002e2   0x00000000   Code   RO         4977    .ARM.Collect$$libinit$$00000017  c_w.l(libinit2.o)
    0x080002e2   0x00000000   Code   RO         4979    .ARM.Collect$$libinit$$00000019  c_w.l(libinit2.o)
    0x080002e2   0x00000000   Code   RO         4981    .ARM.Collect$$libinit$$0000001B  c_w.l(libinit2.o)
    0x080002e2   0x00000000   Code   RO         4983    .ARM.Collect$$libinit$$0000001D  c_w.l(libinit2.o)
    0x080002e2   0x00000000   Code   RO         4985    .ARM.Collect$$libinit$$0000001F  c_w.l(libinit2.o)
    0x080002e2   0x00000000   Code   RO         4987    .ARM.Collect$$libinit$$00000021  c_w.l(libinit2.o)
    0x080002e2   0x00000000   Code   RO         4989    .ARM.Collect$$libinit$$00000023  c_w.l(libinit2.o)
    0x080002e2   0x00000000   Code   RO         4991    .ARM.Collect$$libinit$$00000025  c_w.l(libinit2.o)
    0x080002e2   0x00000000   Code   RO         4995    .ARM.Collect$$libinit$$0000002C  c_w.l(libinit2.o)
    0x080002e2   0x00000000   Code   RO         4997    .ARM.Collect$$libinit$$0000002E  c_w.l(libinit2.o)
    0x080002e2   0x00000000   Code   RO         4999    .ARM.Collect$$libinit$$00000030  c_w.l(libinit2.o)
    0x080002e2   0x00000000   Code   RO         5001    .ARM.Collect$$libinit$$00000032  c_w.l(libinit2.o)
    0x080002e2   0x00000002   Code   RO         5002    .ARM.Collect$$libinit$$00000033  c_w.l(libinit2.o)
    0x080002e4   0x00000002   Code   RO         5049    .ARM.Collect$$libshutdown$$00000000  c_w.l(libshutdown.o)
    0x080002e6   0x00000000   Code   RO         5067    .ARM.Collect$$libshutdown$$00000002  c_w.l(libshutdown2.o)
    0x080002e6   0x00000000   Code   RO         5069    .ARM.Collect$$libshutdown$$00000004  c_w.l(libshutdown2.o)
    0x080002e6   0x00000000   Code   RO         5072    .ARM.Collect$$libshutdown$$00000007  c_w.l(libshutdown2.o)
    0x080002e6   0x00000000   Code   RO         5075    .ARM.Collect$$libshutdown$$0000000A  c_w.l(libshutdown2.o)
    0x080002e6   0x00000000   Code   RO         5077    .ARM.Collect$$libshutdown$$0000000C  c_w.l(libshutdown2.o)
    0x080002e6   0x00000000   Code   RO         5080    .ARM.Collect$$libshutdown$$0000000F  c_w.l(libshutdown2.o)
    0x080002e6   0x00000002   Code   RO         5081    .ARM.Collect$$libshutdown$$00000010  c_w.l(libshutdown2.o)
    0x080002e8   0x00000000   Code   RO         4848    .ARM.Collect$$rtentry$$00000000  c_w.l(__rtentry.o)
    0x080002e8   0x00000000   Code   RO         4878    .ARM.Collect$$rtentry$$00000002  c_w.l(__rtentry2.o)
    0x080002e8   0x00000006   Code   RO         4890    .ARM.Collect$$rtentry$$00000004  c_w.l(__rtentry4.o)
    0x080002ee   0x00000000   Code   RO         4880    .ARM.Collect$$rtentry$$00000009  c_w.l(__rtentry2.o)
    0x080002ee   0x00000004   Code   RO         4881    .ARM.Collect$$rtentry$$0000000A  c_w.l(__rtentry2.o)
    0x080002f2   0x00000000   Code   RO         4883    .ARM.Collect$$rtentry$$0000000C  c_w.l(__rtentry2.o)
    0x080002f2   0x00000008   Code   RO         4884    .ARM.Collect$$rtentry$$0000000D  c_w.l(__rtentry2.o)
    0x080002fa   0x00000002   Code   RO         5003    .ARM.Collect$$rtexit$$00000000  c_w.l(rtexit.o)
    0x080002fc   0x00000000   Code   RO         5018    .ARM.Collect$$rtexit$$00000002  c_w.l(rtexit2.o)
    0x080002fc   0x00000004   Code   RO         5019    .ARM.Collect$$rtexit$$00000003  c_w.l(rtexit2.o)
    0x08000300   0x00000006   Code   RO         5020    .ARM.Collect$$rtexit$$00000004  c_w.l(rtexit2.o)
    0x08000306   0x00000002   PAD
    0x08000308   0x00000040   Code   RO         4480  * .text               startup_stm32f415xx.o
    0x08000348   0x000000fc   Code   RO         4528    .text               arm_cortexM4lf_math.lib(arm_cmplx_mag_f32.o)
    0x08000444   0x00000722   Code   RO         4577    .text               arm_cortexM4lf_math.lib(arm_cfft_f32.o)
    0x08000b66   0x00000002   PAD
    0x08000b68   0x000000d8   Code   RO         4608    .text               arm_cortexM4lf_math.lib(arm_max_f32.o)
    0x08000c40   0x000004dc   Code   RO         4682    .text               arm_cortexM4lf_math.lib(arm_cfft_radix8_f32.o)
    0x0800111c   0x00000028   Code   RO         4793    .text               c_w.l(noretval__2sprintf.o)
    0x08001144   0x00000068   Code   RO         4795    .text               c_w.l(__printf.o)
    0x080011ac   0x00000078   Code   RO         4797    .text               c_w.l(_printf_dec.o)
    0x08001224   0x00000006   Code   RO         4822    .text               c_w.l(heapauxi.o)
    0x0800122a   0x000000b2   Code   RO         4849    .text               c_w.l(_printf_intcommon.o)
    0x080012dc   0x0000041a   Code   RO         4851    .text               c_w.l(_printf_fp_dec.o)
    0x080016f6   0x00000002   PAD
    0x080016f8   0x00000030   Code   RO         4853    .text               c_w.l(_printf_char_common.o)
    0x08001728   0x0000000a   Code   RO         4855    .text               c_w.l(_sputc.o)
    0x08001732   0x00000002   PAD
    0x08001734   0x00000008   Code   RO         4895    .text               c_w.l(rt_locale_intlibspace.o)
    0x0800173c   0x0000008a   Code   RO         4897    .text               c_w.l(lludiv10.o)
    0x080017c6   0x00000002   PAD
    0x080017c8   0x00000030   Code   RO         4899    .text               c_w.l(_fptrap.o)
    0x080017f8   0x00000080   Code   RO         4901    .text               c_w.l(_printf_fp_infnan.o)
    0x08001878   0x000000dc   Code   RO         4905    .text               c_w.l(bigflt0.o)
    0x08001954   0x00000008   Code   RO         4939    .text               c_w.l(libspace.o)
    0x0800195c   0x0000004a   Code   RO         4942    .text               c_w.l(sys_stackheap_outer.o)
    0x080019a6   0x00000012   Code   RO         4944    .text               c_w.l(exit.o)
    0x080019b8   0x0000000e   Code   RO         4946    .text               c_w.l(defsig_fpe_outer.o)
    0x080019c6   0x00000002   PAD
    0x080019c8   0x00000080   Code   RO         4950    .text               c_w.l(strcmpv7m.o)
    0x08001a48   0x0000000a   Code   RO         5007    .text               c_w.l(defsig_exit.o)
    0x08001a52   0x00000002   PAD
    0x08001a54   0x000000ac   Code   RO         5009    .text               c_w.l(defsig_fpe_inner.o)
    0x08001b00   0x0000000c   Code   RO         5015    .text               c_w.l(sys_exit.o)
    0x08001b0c   0x00000032   Code   RO         5026    .text               c_w.l(defsig_general.o)
    0x08001b3e   0x0000000e   Code   RO         5032    .text               c_w.l(sys_wrch.o)
    0x08001b4c   0x00000002   Code   RO         5036    .text               c_w.l(use_no_semi.o)
    0x08001b4e   0x00000000   Code   RO         5038    .text               c_w.l(indicate_semi.o)
    0x08001b4e   0x0000003e   Code   RO         4908    CL$$btod_d2e        c_w.l(btod.o)
    0x08001b8c   0x00000046   Code   RO         4910    CL$$btod_d2e_denorm_low  c_w.l(btod.o)
    0x08001bd2   0x00000060   Code   RO         4909    CL$$btod_d2e_norm_op1  c_w.l(btod.o)
    0x08001c32   0x00000338   Code   RO         4918    CL$$btod_div_common  c_w.l(btod.o)
    0x08001f6a   0x000000c6   Code   RO         4915    CL$$btod_e2e        c_w.l(btod.o)
    0x08002030   0x00000028   Code   RO         4912    CL$$btod_ediv       c_w.l(btod.o)
    0x08002058   0x00000028   Code   RO         4911    CL$$btod_emul       c_w.l(btod.o)
    0x08002080   0x00000244   Code   RO         4917    CL$$btod_mult_common  c_w.l(btod.o)
    0x080022c4   0x00000016   Code   RO          345    i.ADC_Cmd           stm32f4xx_adc.o
    0x080022da   0x00000016   Code   RO          351    i.ADC_DeInit        stm32f4xx_adc.o
    0x080022f0   0x00000008   Code   RO          357    i.ADC_GetConversionValue  stm32f4xx_adc.o
    0x080022f8   0x00000012   Code   RO          358    i.ADC_GetFlagStatus  stm32f4xx_adc.o
    0x0800230a   0x00000002   PAD
    0x0800230c   0x00000054   Code   RO          365    i.ADC_Init          stm32f4xx_adc.o
    0x08002360   0x000000b8   Code   RO          370    i.ADC_RegularChannelConfig  stm32f4xx_adc.o
    0x08002418   0x0000000a   Code   RO          372    i.ADC_SoftwareStartConv  stm32f4xx_adc.o
    0x08002422   0x00000020   Code   RO          122    i.EnableTimerInterrupt  adc.o
    0x08002442   0x00000090   Code   RO         1857    i.GPIO_Init         stm32f4xx_gpio.o
    0x080024d2   0x00000046   Code   RO         1858    i.GPIO_PinAFConfig  stm32f4xx_gpio.o
    0x08002518   0x00000012   Code   RO         1866    i.GPIO_StructInit   stm32f4xx_gpio.o
    0x0800252a   0x00000010   Code   RO            4    i.InitializeSystem  main.o
    0x0800253a   0x00000042   Code   RO          123    i.InitializeTimer   adc.o
    0x0800257c   0x00000084   Code   RO          124    i.Initialize_ADC    adc.o
    0x08002600   0x00000088   Code   RO          261    i.Initialize_UART   uart.o
    0x08002688   0x00000018   Code   RO          174    i.NVIC_DisableIRQ   inputdata.o
    0x080026a0   0x00000078   Code   RO          291    i.NVIC_Init         misc.o
    0x08002718   0x00000020   Code   RO         2510    i.RCC_AHB1PeriphClockCmd  stm32f4xx_rcc.o
    0x08002738   0x00000020   Code   RO         2519    i.RCC_APB1PeriphClockCmd  stm32f4xx_rcc.o
    0x08002758   0x00000020   Code   RO         2522    i.RCC_APB2PeriphClockCmd  stm32f4xx_rcc.o
    0x08002778   0x00000020   Code   RO         2524    i.RCC_APB2PeriphResetCmd  stm32f4xx_rcc.o
    0x08002798   0x000000e8   Code   RO         2531    i.RCC_GetClocksFreq  stm32f4xx_rcc.o
    0x08002880   0x000000ec   Code   RO         4487    i.SetSysClock       system_stm32f4xx.o
    0x0800296c   0x00000068   Code   RO         4489    i.SystemInit        system_stm32f4xx.o
    0x080029d4   0x00000094   Code   RO          125    i.TIM2_IRQHandler   adc.o
    0x08002a68   0x00000006   Code   RO         3664    i.TIM_ClearITPendingBit  stm32f4xx_tim.o
    0x08002a6e   0x00000018   Code   RO         3669    i.TIM_Cmd           stm32f4xx_tim.o
    0x08002a86   0x00000022   Code   RO         3690    i.TIM_GetITStatus   stm32f4xx_tim.o
    0x08002aa8   0x00000012   Code   RO         3694    i.TIM_ITConfig      stm32f4xx_tim.o
    0x08002aba   0x00000002   PAD
    0x08002abc   0x00000084   Code   RO         3741    i.TIM_TimeBaseInit  stm32f4xx_tim.o
    0x08002b40   0x0000002c   Code   RO          262    i.UART_puts         uart.o
    0x08002b6c   0x00000018   Code   RO         4223    i.USART_Cmd         stm32f4xx_usart.o
    0x08002b84   0x000000d0   Code   RO         4230    i.USART_Init        stm32f4xx_usart.o
    0x08002c54   0x00000008   Code   RO         4240    i.USART_SendData    stm32f4xx_usart.o
    0x08002c5c   0x00000030   Code   RO         4937    i.__ARM_fpclassify  m_wm.l(fpclassify.o)
    0x08002c8c   0x00000040   Code   RO          225    i.computeFFT        fft.o
    0x08002ccc   0x000000c0   Code   RO          226    i.getFrequency      fft.o
    0x08002d8c   0x00000018   Code   RO          227    i.getMaxValueIndex  fft.o
    0x08002da4   0x00000070   Code   RO          175    i.insertValue       inputdata.o
    0x08002e14   0x00000018   Code   RO            5    i.main              main.o
    0x08002e2c   0x00000024   Code   RO          126    i.readADC1          adc.o
    0x08002e50   0x00000028   Code   RO          178    i.resetTable        inputdata.o
    0x08002e78   0x0000002c   Code   RO         4931    locale$$code        c_w.l(lc_numeric_c.o)
    0x08002ea4   0x000002c4   Code   RO         4826    x$fpl$d2f           g_wm.l(d2f_clz.o)
    0x08003168   0x0000024c   Code   RO         4828    x$fpl$dadd          g_wm.l(daddsub_clz.o)
    0x080033b4   0x0000037c   Code   RO         4835    x$fpl$ddiv          g_wm.l(ddiv_clz.o)
    0x08003730   0x0000001a   Code   RO         4840    x$fpl$dfltn         g_wm.l(dflt_clz.o)
    0x0800374a   0x00000026   Code   RO         4838    x$fpl$dfltu         g_wm.l(dflt_clz.o)
    0x08003770   0x00000102   Code   RO         4858    x$fpl$dnaninf       g_wm.l(dnaninf.o)
    0x08003872   0x00000070   Code   RO         4860    x$fpl$drenorm       g_wm.l(drenorm_clz.o)
    0x080038e2   0x0000000c   Code   RO         4862    x$fpl$dretinf       g_wm.l(dretinf.o)
    0x080038ee   0x00000002   PAD
    0x080038f0   0x0000029c   Code   RO         4830    x$fpl$dsub          g_wm.l(daddsub_clz.o)
    0x08003b8c   0x0000017a   Code   RO         4864    x$fpl$dunder        g_wm.l(dunder_clz.o)
    0x08003d06   0x00000002   PAD
    0x08003d08   0x000001ec   Code   RO         4866    x$fpl$exception     g_wm.l(except.o)
    0x08003ef4   0x0000007a   Code   RO         4844    x$fpl$f2d           g_wm.l(f2d.o)
    0x08003f6e   0x000000f2   Code   RO         4868    x$fpl$fnaninf       g_wm.l(fnaninf.o)
    0x08004060   0x0000000a   Code   RO         5013    x$fpl$fpinit        g_wm.l(fpinit.o)
    0x0800406a   0x0000000a   Code   RO         4870    x$fpl$fretinf       g_wm.l(fretinf.o)
    0x08004074   0x0000013c   Code   RO         4872    x$fpl$funder        g_wm.l(funder_clz.o)
    0x080041b0   0x00000020   Code   RO         4933    x$fpl$ieeestatus    g_wm.l(istatus.o)
    0x080041d0   0x00000004   Code   RO         4846    x$fpl$printf1       g_wm.l(printf1.o)
    0x080041d4   0x000000b2   Code   RO         4935    x$fpl$retnan        g_wm.l(retnan.o)
    0x08004286   0x0000007e   Code   RO         4874    x$fpl$trapveneer    g_wm.l(trapv.o)
    0x08004304   0x00000000   Code   RO         4876    x$fpl$usenofp       g_wm.l(usenofp.o)
    0x08004304   0x00000010   Data   RO         4638    .constdata          arm_cortexM4lf_math.lib(arm_const_structs.o)
    0x08004314   0x00002000   Data   RO         4717    .constdata          arm_cortexM4lf_math.lib(arm_common_tables.o)
    0x08006314   0x00000e10   Data   RO         4746    .constdata          arm_cortexM4lf_math.lib(arm_common_tables.o)
    0x08007124   0x00000094   Data   RO         4906    .constdata          c_w.l(bigflt0.o)
    0x080071b8   0x00000020   Data   RO         5082    Region$$Table       anon$$obj.o
    0x080071d8   0x0000001c   Data   RO         4930    locale$$data        c_w.l(lc_numeric_c.o)


    Execution Region ER_RW (Base: 0x20000000, Size: 0x00000020, Max: 0xffffffff, ABSOLUTE)

    Base Addr    Size         Type   Attr      Idx    E Section Name        Object

    0x20000000   0x00000010   Data   RW            7    .data               main.o
    0x20000010   0x00000010   Data   RW         2554    .data               stm32f4xx_rcc.o


    Execution Region ER_ZI (Base: 0x20000020, Size: 0x00003660, Max: 0xffffffff, ABSOLUTE)

    Base Addr    Size         Type   Attr      Idx    E Section Name        Object

    0x20000020   0x00003000   Zero   RW            6    .bss                main.o
    0x20003020   0x00000060   Zero   RW         4940    .bss                c_w.l(libspace.o)
    0x20003080   0x00000200   Zero   RW         4478    HEAP                startup_stm32f415xx.o
    0x20003280   0x00000400   Zero   RW         4477    STACK               startup_stm32f415xx.o


==============================================================================

Image component sizes


      Code (inc. data)   RO Data    RW Data    ZI Data      Debug   Object Name

       414         26          0          0          0       2807   adc.o
       280         66          0          0          0       1707   fft.o
       176         30          0          0          0      27806   inputdata.o
        40         10          0         16      12288     287290   main.o
       120         14          0          0          0       1052   misc.o
        64         26        392          0       1536        876   startup_stm32f415xx.o
       348         10          0          0          0       5622   stm32f4xx_adc.o
       232          0          0          0          0       2385   stm32f4xx_gpio.o
       360         42          0         16          0       5072   stm32f4xx_rcc.o
       214         28          0          0          0       3786   stm32f4xx_tim.o
       240         10          0          0          0       2686   stm32f4xx_usart.o
       340         32          0          0          0       1637   system_stm32f4xx.o
       180         14          0          0          0       1190   uart.o

    ----------------------------------------------------------------------
      3012        308        424         32      13824     343916   Object Totals
         0          0         32          0          0          0   (incl. Generated)
         4          0          0          0          0          0   (incl. Padding)

    ----------------------------------------------------------------------

      Code (inc. data)   RO Data    RW Data    ZI Data      Debug   Library Member Name

       192          0          0          0          0        528   arm_bitreversal2.o
      1826          0          0          0          0      16853   arm_cfft_f32.o
      1244          4          0          0          0       2395   arm_cfft_radix8_f32.o
       252          6          0          0          0      17360   arm_cmplx_mag_f32.o
         0          0      11792          0          0       4636   arm_common_tables.o
         0          0         16          0          0       2191   arm_const_structs.o
       216          0          0          0          0       1286   arm_max_f32.o
         8          0          0          0          0         68   __main.o
       104          0          0          0          0         84   __printf.o
         0          0          0          0          0          0   __rtentry.o
        12          0          0          0          0          0   __rtentry2.o
         6          0          0          0          0          0   __rtentry4.o
        52          8          0          0          0          0   __scatter.o
        26          0          0          0          0          0   __scatter_copy.o
        28          0          0          0          0          0   __scatter_zi.o
        48          4          0          0          0         84   _fptrap.o
        48          6          0          0          0         96   _printf_char_common.o
         6          0          0          0          0          0   _printf_d.o
       120         16          0          0          0         92   _printf_dec.o
         6          0          0          0          0          0   _printf_f.o
      1050          0          0          0          0        216   _printf_fp_dec.o
       128         16          0          0          0         84   _printf_fp_infnan.o
       178          0          0          0          0         88   _printf_intcommon.o
         0          0          0          0          0          0   _printf_percent.o
         4          0          0          0          0          0   _printf_percent_end.o
        10          0          0          0          0         68   _sputc.o
       220          4        148          0          0         96   bigflt0.o
      1910        128          0          0          0        672   btod.o
        10          0          0          0          0         68   defsig_exit.o
       172        110          0          0          0         76   defsig_fpe_inner.o
        14          0          0          0          0         80   defsig_fpe_outer.o
        50          0          0          0          0         88   defsig_general.o
        18          0          0          0          0         80   exit.o
         6          0          0          0          0        152   heapauxi.o
         0          0          0          0          0          0   indicate_semi.o
        44         10         28          0          0         76   lc_numeric_c.o
         2          0          0          0          0          0   libinit.o
        22          0          0          0          0          0   libinit2.o
         2          0          0          0          0          0   libshutdown.o
         2          0          0          0          0          0   libshutdown2.o
         8          4          0          0         96         68   libspace.o
       138          0          0          0          0         80   lludiv10.o
        40          6          0          0          0         84   noretval__2sprintf.o
         8          4          0          0          0         68   rt_locale_intlibspace.o
         2          0          0          0          0          0   rtexit.o
        10          0          0          0          0          0   rtexit2.o
       128          0          0          0          0         68   strcmpv7m.o
        12          4          0          0          0         68   sys_exit.o
        74          0          0          0          0         80   sys_stackheap_outer.o
        14          0          0          0          0         76   sys_wrch.o
         2          0          0          0          0         68   use_no_semi.o
       708         16          0          0          0        140   d2f_clz.o
      1256         28          0          0          0        408   daddsub_clz.o
       892        152          0          0          0        292   ddiv_clz.o
        64          0          0          0          0        232   dflt_clz.o
       258          4          0          0          0        156   dnaninf.o
       112          0          0          0          0        160   drenorm_clz.o
        12          0          0          0          0        116   dretinf.o
       378          0          0          0          0        168   dunder_clz.o
       492         36          0          0          0        148   except.o
       122          8          0          0          0        132   f2d.o
       242          4          0          0          0        144   fnaninf.o
        10          0          0          0          0        116   fpinit.o
        10          0          0          0          0        116   fretinf.o
       316          0          0          0          0        132   funder_clz.o
        32          4          0          0          0        116   istatus.o
         4          0          0          0          0        116   printf1.o
       178          0          0          0          0        116   retnan.o
       126          0          0          0          0        148   trapv.o
         0          0          0          0          0          0   usenofp.o
        48          0          0          0          0        124   fpclassify.o

    ----------------------------------------------------------------------
     13752        582      11984          0         96      51257   Library Totals
        20          0          0          0          0          0   (incl. Padding)

    ----------------------------------------------------------------------

      Code (inc. data)   RO Data    RW Data    ZI Data      Debug   Library Name

      3730         10      11808          0          0      45249   arm_cortexM4lf_math.lib
      4742        320        176          0         96       2928   c_w.l
      5212        252          0          0          0       2956   g_wm.l
        48          0          0          0          0        124   m_wm.l

    ----------------------------------------------------------------------
     13752        582      11984          0         96      51257   Library Totals

    ----------------------------------------------------------------------

==============================================================================


      Code (inc. data)   RO Data    RW Data    ZI Data      Debug   

     16764        890      12408         32      13920     387461   Grand Totals
     16764        890      12408         32      13920     387461   ELF Image Totals
     16764        890      12408         32          0          0   ROM Totals

==============================================================================

    Total RO  Size (Code + RO Data)                29172 (  28.49kB)
    Total RW  Size (RW Data + ZI Data)             13952 (  13.63kB)
    Total ROM Size (Code + RO Data + RW Data)      29204 (  28.52kB)

==============================================================================

