Component: ARM Compiler 5.06 update 1 (build 61) Tool: armlink [4d35a8]

==============================================================================

Section Cross References

    main.o(i.InitializeSystem) refers to adc.o(i.Initialize_ADC) for Initialize_ADC
    main.o(i.InitializeSystem) refers to uart.o(i.Initialize_UART) for Initialize_UART
    main.o(i.SetupDebugButtons) refers to stm32f4xx_rcc.o(i.RCC_AHB1PeriphClockCmd) for RCC_AHB1PeriphClockCmd
    main.o(i.SetupDebugButtons) refers to stm32f4xx_gpio.o(i.GPIO_Init) for GPIO_Init
    main.o(i.SetupDebugLeds) refers to stm32f4xx_rcc.o(i.RCC_AHB1PeriphClockCmd) for RCC_AHB1PeriphClockCmd
    main.o(i.SetupDebugLeds) refers to stm32f4xx_gpio.o(i.GPIO_Init) for GPIO_Init
    main.o(i.main) refers to _printf_percent.o(.ARM.Collect$$_printf_percent$$00000000) for _printf_percent
    main.o(i.main) refers to _printf_d.o(.ARM.Collect$$_printf_percent$$00000009) for _printf_d
    main.o(i.main) refers to _printf_dec.o(.text) for _printf_int_dec
    main.o(i.main) refers to main.o(i.SetupDebugLeds) for SetupDebugLeds
    main.o(i.main) refers to main.o(i.SetupDebugButtons) for SetupDebugButtons
    main.o(i.main) refers to main.o(i.InitializeSystem) for InitializeSystem
    main.o(i.main) refers to uart.o(i.UART_puts) for UART_puts
    main.o(i.main) refers to adc.o(i.readADC1) for readADC1
    main.o(i.main) refers to noretval__2sprintf.o(.text) for __2sprintf
    adc.o(i.EnableTimerInterrupt) refers to misc.o(i.NVIC_Init) for NVIC_Init
    adc.o(i.InitializeTimer) refers to stm32f4xx_rcc.o(i.RCC_APB1PeriphClockCmd) for RCC_APB1PeriphClockCmd
    adc.o(i.InitializeTimer) refers to stm32f4xx_tim.o(i.TIM_TimeBaseInit) for TIM_TimeBaseInit
    adc.o(i.InitializeTimer) refers to stm32f4xx_tim.o(i.TIM_Cmd) for TIM_Cmd
    adc.o(i.InitializeTimer) refers to stm32f4xx_tim.o(i.TIM_ITConfig) for TIM_ITConfig
    adc.o(i.Initialize_ADC) refers to stm32f4xx_rcc.o(i.RCC_APB2PeriphClockCmd) for RCC_APB2PeriphClockCmd
    adc.o(i.Initialize_ADC) refers to stm32f4xx_rcc.o(i.RCC_AHB1PeriphClockCmd) for RCC_AHB1PeriphClockCmd
    adc.o(i.Initialize_ADC) refers to stm32f4xx_gpio.o(i.GPIO_StructInit) for GPIO_StructInit
    adc.o(i.Initialize_ADC) refers to stm32f4xx_gpio.o(i.GPIO_Init) for GPIO_Init
    adc.o(i.Initialize_ADC) refers to stm32f4xx_adc.o(i.ADC_DeInit) for ADC_DeInit
    adc.o(i.Initialize_ADC) refers to stm32f4xx_adc.o(i.ADC_Init) for ADC_Init
    adc.o(i.Initialize_ADC) refers to stm32f4xx_adc.o(i.ADC_Cmd) for ADC_Cmd
    adc.o(i.Initialize_ADC) refers to stm32f4xx_adc.o(i.ADC_RegularChannelConfig) for ADC_RegularChannelConfig
    adc.o(i.TIM2_IRQHandler) refers to _printf_percent.o(.ARM.Collect$$_printf_percent$$00000000) for _printf_percent
    adc.o(i.TIM2_IRQHandler) refers to _printf_f.o(.ARM.Collect$$_printf_percent$$00000003) for _printf_f
    adc.o(i.TIM2_IRQHandler) refers to printf1.o(x$fpl$printf1) for _printf_fp_dec
    adc.o(i.TIM2_IRQHandler) refers to stm32f4xx_tim.o(i.TIM_GetITStatus) for TIM_GetITStatus
    adc.o(i.TIM2_IRQHandler) refers to stm32f4xx_tim.o(i.TIM_ClearITPendingBit) for TIM_ClearITPendingBit
    adc.o(i.TIM2_IRQHandler) refers to adc.o(i.readADC1) for readADC1
    adc.o(i.TIM2_IRQHandler) refers to dflt_clz.o(x$fpl$dfltu) for __aeabi_ui2d
    adc.o(i.TIM2_IRQHandler) refers to daddsub_clz.o(x$fpl$dsub) for __aeabi_dsub
    adc.o(i.TIM2_IRQHandler) refers to ddiv_clz.o(x$fpl$ddiv) for __aeabi_ddiv
    adc.o(i.TIM2_IRQHandler) refers to d2f_clz.o(x$fpl$d2f) for __aeabi_d2f
    adc.o(i.TIM2_IRQHandler) refers to f2d.o(x$fpl$f2d) for __aeabi_f2d
    adc.o(i.TIM2_IRQHandler) refers to noretval__2sprintf.o(.text) for __2sprintf
    adc.o(i.TIM2_IRQHandler) refers to uart.o(i.UART_puts) for UART_puts
    adc.o(i.TIM2_IRQHandler) refers to inputdata.o(i.insertValue) for insertValue
    adc.o(i.readADC1) refers to stm32f4xx_adc.o(i.ADC_SoftwareStartConv) for ADC_SoftwareStartConv
    adc.o(i.readADC1) refers to stm32f4xx_adc.o(i.ADC_GetFlagStatus) for ADC_GetFlagStatus
    adc.o(i.readADC1) refers to stm32f4xx_adc.o(i.ADC_GetConversionValue) for ADC_GetConversionValue
    inputdata.o(i.insertValue) refers to inputdata.o(i.NVIC_DisableIRQ) for NVIC_DisableIRQ
    inputdata.o(i.insertValue) refers to fft.o(i.computeFFT) for computeFFT
    inputdata.o(i.insertValue) refers to main.o(.data) for dataReady
    inputdata.o(i.insertValue) refers to main.o(.bss) for input
    inputdata.o(i.insertValueFloat) refers to inputdata.o(i.NVIC_DisableIRQ) for NVIC_DisableIRQ
    inputdata.o(i.insertValueFloat) refers to fft.o(i.computeFFT) for computeFFT
    inputdata.o(i.insertValueFloat) refers to main.o(.data) for dataReady
    inputdata.o(i.insertValueFloat) refers to main.o(.bss) for input
    inputdata.o(i.isFull) refers to main.o(.data) for inputIndex
    inputdata.o(i.resetTable) refers to main.o(.data) for inputIndex
    fft.o(i.computeFFT) refers to arm_cfft_f32.o(.text) for arm_cfft_f32
[...]
    ../clib/printf.c                         0x00000000   Number         0  __printf.o ABSOLUTE
    ../clib/printf.c                         0x00000000   Number         0  __printf_nopercent.o ABSOLUTE
    ../clib/printf.c                         0x00000000   Number         0  _printf_fp_infnan.o ABSOLUTE
    ../clib/printf.c                         0x00000000   Number         0  __2sprintf.o ABSOLUTE
    ../clib/printf.c                         0x00000000   Number         0  __printf_flags_ss_wp.o ABSOLUTE
    ../clib/printf.c                         0x00000000   Number         0  __printf_wp.o ABSOLUTE
    ../clib/printf.c                         0x00000000   Number         0  __printf_ss.o ABSOLUTE
    ../clib/printf.c                         0x00000000   Number         0  _printf_dec.o ABSOLUTE
    ../clib/printf.c                         0x00000000   Number         0  __printf_flags_ss.o ABSOLUTE
    ../clib/printf.c                         0x00000000   Number         0  _printf_char_common.o ABSOLUTE
    ../clib/printf.c                         0x00000000   Number         0  __printf_ss_wp.o ABSOLUTE
    ../clib/printf.c                         0x00000000   Number         0  __printf_flags.o ABSOLUTE
    ../clib/printf.c                         0x00000000   Number         0  __printf_flags_wp.o ABSOLUTE
    ../clib/printf.c                         0x00000000   Number         0  noretval__2sprintf.o ABSOLUTE
    ../clib/printf.c                         0x00000000   Number         0  _sputc.o ABSOLUTE
    ../clib/printf_percent.s                 0x00000000   Number         0  _printf_d.o ABSOLUTE
    ../clib/printf_percent.s                 0x00000000   Number         0  _printf_f.o ABSOLUTE
    ../clib/printf_percent.s                 0x00000000   Number         0  _printf_percent.o ABSOLUTE
    ../clib/printf_percent.s                 0x00000000   Number         0  _printf_percent_end.o ABSOLUTE
    ../clib/signal.c                         0x00000000   Number         0  defsig_fpe_outer.o ABSOLUTE
    ../clib/signal.c                         0x00000000   Number         0  __raise.o ABSOLUTE
    ../clib/signal.c                         0x00000000   Number         0  defsig_fpe_formal.o ABSOLUTE
    ../clib/signal.c                         0x00000000   Number         0  defsig_rtred_inner.o ABSOLUTE
    ../clib/signal.c                         0x00000000   Number         0  defsig_fpe_inner.o ABSOLUTE
    ../clib/signal.c                         0x00000000   Number         0  defsig_cppl_inner.o ABSOLUTE
    ../clib/signal.c                         0x00000000   Number         0  defsig_exit.o ABSOLUTE
    ../clib/signal.c                         0x00000000   Number         0  defsig_general.o ABSOLUTE
    ../clib/signal.c                         0x00000000   Number         0  defsig_other.o ABSOLUTE
    ../clib/signal.c                         0x00000000   Number         0  defsig_rtmem_outer.o ABSOLUTE
    ../clib/signal.c                         0x00000000   Number         0  defsig_segv_inner.o ABSOLUTE
    ../clib/signal.c                         0x00000000   Number         0  defsig_pvfn_inner.o ABSOLUTE
    ../clib/signal.c                         0x00000000   Number         0  defsig_stak_inner.o ABSOLUTE
    ../clib/signal.c                         0x00000000   Number         0  defsig_abrt_inner.o ABSOLUTE
    ../clib/signal.c                         0x00000000   Number         0  defsig_rtmem_inner.o ABSOLUTE
    ../clib/signal.c                         0x00000000   Number         0  defsig_rtmem_formal.o ABSOLUTE
    ../clib/signal.s                         0x00000000   Number         0  defsig.o ABSOLUTE
    ../clib/stdlib.c                         0x00000000   Number         0  exit.o ABSOLUTE
    ../fplib/d2f.s                           0x00000000   Number         0  d2f_clz.o ABSOLUTE
    ../fplib/daddsub.s                       0x00000000   Number         0  daddsub_clz.o ABSOLUTE
    ../fplib/ddiv.s                          0x00000000   Number         0  ddiv_clz.o ABSOLUTE
    ../fplib/dflt.s                          0x00000000   Number         0  dflt_clz.o ABSOLUTE
    ../fplib/dnaninf.s                       0x00000000   Number         0  dnaninf.o ABSOLUTE
    ../fplib/drenorm.s                       0x00000000   Number         0  drenorm_clz.o ABSOLUTE
    ../fplib/dretinf.s                       0x00000000   Number         0  dretinf.o ABSOLUTE
    ../fplib/dunder.s                        0x00000000   Number         0  dunder_clz.o ABSOLUTE
    ../fplib/except.s                        0x00000000   Number         0  except.o ABSOLUTE
    ../fplib/f2d.s                           0x00000000   Number         0  f2d.o ABSOLUTE
    ../fplib/fnaninf.s                       0x00000000   Number         0  fnaninf.o ABSOLUTE
    ../fplib/fpinit.s                        0x00000000   Number         0  fpinit.o ABSOLUTE
    ../fplib/fretinf.s                       0x00000000   Number         0  fretinf.o ABSOLUTE
    ../fplib/funder.s                        0x00000000   Number         0  funder_clz.o ABSOLUTE
    ../fplib/istatus.s                       0x00000000   Number         0  istatus.o ABSOLUTE
    ../fplib/printf1.s                       0x00000000   Number         0  printf1.o ABSOLUTE
    ../fplib/retnan.s                        0x00000000   Number         0  retnan.o ABSOLUTE
    ../fplib/trapv.s                         0x00000000   Number         0  trapv.o ABSOLUTE
    ../fplib/usenofp.s                       0x00000000   Number         0  usenofp.o ABSOLUTE
    ../mathlib/fpclassify.c                  0x00000000   Number         0  fpclassify.o ABSOLUTE
    ..\CommonTables\arm_common_tables.c      0x00000000   Number         0  arm_common_tables.o ABSOLUTE
    ..\CommonTables\arm_const_structs.c      0x00000000   Number         0  arm_const_structs.o ABSOLUTE
    ..\ComplexMathFunctions\arm_cmplx_mag_f32.c 0x00000000   Number         0  arm_cmplx_mag_f32.o ABSOLUTE
    ..\StatisticsFunctions\arm_max_f32.c     0x00000000   Number         0  arm_max_f32.o ABSOLUTE
    ..\TransformFunctions\arm_cfft_f32.c     0x00000000   Number         0  arm_cfft_f32.o ABSOLUTE
    ..\TransformFunctions\arm_cfft_radix8_f32.c 0x00000000   Number         0  arm_cfft_radix8_f32.o ABSOLUTE
    ..\\CommonTables\\arm_common_tables.c    0x00000000   Number         0  arm_common_tables.o ABSOLUTE
    ..\\CommonTables\\arm_const_structs.c    0x00000000   Number         0  arm_const_structs.o ABSOLUTE
    ..\\ComplexMathFunctions\\arm_cmplx_mag_f32.c 0x00000000   Number         0  arm_cmplx_mag_f32.o ABSOLUTE
    ..\\StatisticsFunctions\\arm_max_f32.c   0x00000000   Number         0  arm_max_f32.o ABSOLUTE
    ..\\TransformFunctions\\arm_bitreversal2.S 0x00000000   Number         0  arm_bitreversal2.o ABSOLUTE
    ..\\TransformFunctions\\arm_cfft_f32.c   0x00000000   Number         0  arm_cfft_f32.o ABSOLUTE
    ..\\TransformFunctions\\arm_cfft_radix8_f32.c 0x00000000   Number         0  arm_cfft_radix8_f32.o ABSOLUTE
    ADC.c                                    0x00000000   Number         0  adc.o ABSOLUTE
    ADC.c                                    0x00000000   Number         0  adc.o ABSOLUTE
    FFT.c                                    0x00000000   Number         0  fft.o ABSOLUTE
    FFT.c                                    0x00000000   Number         0  fft.o ABSOLUTE
    InputData.c                              0x00000000   Number         0  inputdata.o ABSOLUTE
    InputData.c                              0x00000000   Number         0  inputdata.o ABSOLUTE
    RTE\Device\STM32F415RGTx\startup_stm32f415xx.s 0x00000000   Number         0  startup_stm32f415xx.o ABSOLUTE
    RTE\Device\STM32F415RGTx\system_stm32f4xx.c 0x00000000   Number         0  system_stm32f4xx.o ABSOLUTE
    RTE\\Device\\STM32F415RGTx\\system_stm32f4xx.c 0x00000000   Number         0  system_stm32f4xx.o ABSOLUTE
    STM32F4_DRIVER_LIB\\misc.c               0x00000000   Number         0  misc.o ABSOLUTE
    STM32F4_DRIVER_LIB\\stm32f4xx_adc.c      0x00000000   Number         0  stm32f4xx_adc.o ABSOLUTE
    STM32F4_DRIVER_LIB\\stm32f4xx_can.c      0x00000000   Number         0  stm32f4xx_can.o ABSOLUTE
    STM32F4_DRIVER_LIB\\stm32f4xx_crc.c      0x00000000   Number         0  stm32f4xx_crc.o ABSOLUTE
    STM32F4_DRIVER_LIB\\stm32f4xx_cryp.c     0x00000000   Number         0  stm32f4xx_cryp.o ABSOLUTE
    STM32F4_DRIVER_LIB\\stm32f4xx_cryp_aes.c 0x00000000   Number         0  stm32f4xx_cryp_aes.o ABSOLUTE
    STM32F4_DRIVER_LIB\\stm32f4xx_cryp_des.c 0x00000000   Number         0  stm32f4xx_cryp_des.o ABSOLUTE
    STM32F4_DRIVER_LIB\\stm32f4xx_cryp_tdes.c 0x00000000   Number         0  stm32f4xx_cryp_tdes.o ABSOLUTE
    STM32F4_DRIVER_LIB\\stm32f4xx_dac.c      0x00000000   Number         0  stm32f4xx_dac.o ABSOLUTE
    STM32F4_DRIVER_LIB\\stm32f4xx_dbgmcu.c   0x00000000   Number         0  stm32f4xx_dbgmcu.o ABSOLUTE
    STM32F4_DRIVER_LIB\\stm32f4xx_dcmi.c     0x00000000   Number         0  stm32f4xx_dcmi.o ABSOLUTE
    STM32F4_DRIVER_LIB\\stm32f4xx_dma.c      0x00000000   Number         0  stm32f4xx_dma.o ABSOLUTE
    STM32F4_DRIVER_LIB\\stm32f4xx_exti.c     0x00000000   Number         0  stm32f4xx_exti.o ABSOLUTE
    STM32F4_DRIVER_LIB\\stm32f4xx_flash.c    0x00000000   Number         0  stm32f4xx_flash.o ABSOLUTE
    STM32F4_DRIVER_LIB\\stm32f4xx_fsmc.c     0x00000000   Number         0  stm32f4xx_fsmc.o ABSOLUTE
    STM32F4_DRIVER_LIB\\stm32f4xx_gpio.c     0x00000000   Number         0  stm32f4xx_gpio.o ABSOLUTE
    STM32F4_DRIVER_LIB\\stm32f4xx_hash.c     0x00000000   Number         0  stm32f4xx_hash.o ABSOLUTE
    STM32F4_DRIVER_LIB\\stm32f4xx_hash_md5.c 0x00000000   Number         0  stm32f4xx_hash_md5.o ABSOLUTE
    STM32F4_DRIVER_LIB\\stm32f4xx_hash_sha1.c 0x00000000   Number         0  stm32f4xx_hash_sha1.o ABSOLUTE
    STM32F4_DRIVER_LIB\\stm32f4xx_i2c.c      0x00000000   Number         0  stm32f4xx_i2c.o ABSOLUTE
    STM32F4_DRIVER_LIB\\stm32f4xx_iwdg.c     0x00000000   Number         0  stm32f4xx_iwdg.o ABSOLUTE
    STM32F4_DRIVER_LIB\\stm32f4xx_pwr.c      0x00000000   Number         0  stm32f4xx_pwr.o ABSOLUTE
    STM32F4_DRIVER_LIB\\stm32f4xx_rcc.c      0x00000000   Number         0  stm32f4xx_rcc.o ABSOLUTE
    STM32F4_DRIVER_LIB\\stm32f4xx_rng.c      0x00000000   Number         0  stm32f4xx_rng.o ABSOLUTE
    STM32F4_DRIVER_LIB\\stm32f4xx_rtc.c      0x00000000   Number         0  stm32f4xx_rtc.o ABSOLUTE
    STM32F4_DRIVER_LIB\\stm32f4xx_sdio.c     0x00000000   Number         0  stm32f4xx_sdio.o ABSOLUTE
    STM32F4_DRIVER_LIB\\stm32f4xx_spi.c      0x00000000   Number         0  stm32f4xx_spi.o ABSOLUTE
    STM32F4_DRIVER_LIB\\stm32f4xx_syscfg.c   0x00000000   Number         0  stm32f4xx_syscfg.o ABSOLUTE
    STM32F4_DRIVER_LIB\\stm32f4xx_tim.c      0x00000000   Number         0  stm32f4xx_tim.o ABSOLUTE
    STM32F4_DRIVER_LIB\\stm32f4xx_usart.c    0x00000000   Number         0  stm32f4xx_usart.o ABSOLUTE
    STM32F4_DRIVER_LIB\\stm32f4xx_wwdg.c     0x00000000   Number         0  stm32f4xx_wwdg.o ABSOLUTE
    STM32F4_DRIVER_LIB\misc.c                0x00000000   Number         0  misc.o ABSOLUTE
    STM32F4_DRIVER_LIB\stm32f4xx_adc.c       0x00000000   Number         0  stm32f4xx_adc.o ABSOLUTE
    STM32F4_DRIVER_LIB\stm32f4xx_can.c       0x00000000   Number         0  stm32f4xx_can.o ABSOLUTE
    STM32F4_DRIVER_LIB\stm32f4xx_crc.c       0x00000000   Number         0  stm32f4xx_crc.o ABSOLUTE
    STM32F4_DRIVER_LIB\stm32f4xx_cryp.c      0x00000000   Number         0  stm32f4xx_cryp.o ABSOLUTE
    STM32F4_DRIVER_LIB\stm32f4xx_cryp_aes.c  0x00000000   Number         0  stm32f4xx_cryp_aes.o ABSOLUTE
    STM32F4_DRIVER_LIB\stm32f4xx_cryp_des.c  0x00000000   Number         0  stm32f4xx_cryp_des.o ABSOLUTE
    STM32F4_DRIVER_LIB\stm32f4xx_cryp_tdes.c 0x00000000   Number         0  stm32f4xx_cryp_tdes.o ABSOLUTE
    STM32F4_DRIVER_LIB\stm32f4xx_dac.c       0x00000000   Number         0  stm32f4xx_dac.o ABSOLUTE
    STM32F4_DRIVER_LIB\stm32f4xx_dbgmcu.c    0x00000000   Number         0  stm32f4xx_dbgmcu.o ABSOLUTE
    STM32F4_DRIVER_LIB\stm32f4xx_dcmi.c      0x00000000   Number         0  stm32f4xx_dcmi.o ABSOLUTE
    STM32F4_DRIVER_LIB\stm32f4xx_dma.c       0x00000000   Number         0  stm32f4xx_dma.o ABSOLUTE
    STM32F4_DRIVER_LIB\stm32f4xx_exti.c      0x00000000   Number         0  stm32f4xx_exti.o ABSOLUTE
    STM32F4_DRIVER_LIB\stm32f4xx_flash.c     0x00000000   Number         0  stm32f4xx_flash.o ABSOLUTE
    STM32F4_DRIVER_LIB\stm32f4xx_fsmc.c      0x00000000   Number         0  stm32f4xx_fsmc.o ABSOLUTE
    STM32F4_DRIVER_LIB\stm32f4xx_gpio.c      0x00000000   Number         0  stm32f4xx_gpio.o ABSOLUTE
    STM32F4_DRIVER_LIB\stm32f4xx_hash.c      0x00000000   Number         0  stm32f4xx_hash.o ABSOLUTE
    STM32F4_DRIVER_LIB\stm32f4xx_hash_md5.c  0x00000000   Number         0  stm32f4xx_hash_md5.o ABSOLUTE
    STM32F4_DRIVER_LIB\stm32f4xx_hash_sha1.c 0x00000000   Number         0  stm32f4xx_hash_sha1.o ABSOLUTE
    STM32F4_DRIVER_LIB\stm32f4xx_i2c.c       0x00000000   Number         0  stm32f4xx_i2c.o ABSOLUTE
    STM32F4_DRIVER_LIB\stm32f4xx_iwdg.c      0x00000000   Number         0  stm32f4xx_iwdg.o ABSOLUTE
    STM32F4_DRIVER_LIB\stm32f4xx_pwr.c       0x00000000   Number         0  stm32f4xx_pwr.o ABSOLUTE
    STM32F4_DRIVER_LIB\stm32f4xx_rcc.c       0x00000000   Number         0  stm32f4xx_rcc.o ABSOLUTE
    STM32F4_DRIVER_LIB\stm32f4xx_rng.c       0x00000000   Number         0  stm32f4xx_rng.o ABSOLUTE
    STM32F4_DRIVER_LIB\stm32f4xx_rtc.c       0x00000000   Number         0  stm32f4xx_rtc.o ABSOLUTE
    STM32F4_DRIVER_LIB\stm32f4xx_sdio.c      0x00000000   Number         0  stm32f4xx_sdio.o ABSOLUTE
    STM32F4_DRIVER_LIB\stm32f4xx_spi.c       0x00000000   Number         0  stm32f4xx_spi.o ABSOLUTE
    STM32F4_DRIVER_LIB\stm32f4xx_syscfg.c    0x00000000   Number         0  stm32f4xx_syscfg.o ABSOLUTE
    STM32F4_DRIVER_LIB\stm32f4xx_tim.c       0x00000000   Number         0  stm32f4xx_tim.o ABSOLUTE
    STM32F4_DRIVER_LIB\stm32f4xx_usart.c     0x00000000   Number         0  stm32f4xx_usart.o ABSOLUTE
    STM32F4_DRIVER_LIB\stm32f4xx_wwdg.c      0x00000000   Number         0  stm32f4xx_wwdg.o ABSOLUTE
    UART.c                                   0x00000000   Number         0  uart.o ABSOLUTE
    UART.c                                   0x00000000   Number         0  uart.o ABSOLUTE
    dc.s                                     0x00000000   Number         0  dc.o ABSOLUTE
    main.c                                   0x00000000   Number         0  main.o ABSOLUTE
    main.c                                   0x00000000   Number         0  main.o ABSOLUTE
    RESET                                    0x08000000   Section      392  startup_stm32f415xx.o(RESET)
    !!!main                                  0x08000188   Section        8  __main.o(!!!main)
    !!!scatter                               0x08000190   Section       52  __scatter.o(!!!scatter)
    !!handler_copy                           0x080001c4   Section       26  __scatter_copy.o(!!handler_copy)
    !!handler_zi                             0x080001e0   Section       28  __scatter_zi.o(!!handler_zi)
    . text                                   0x080001fc   Section      192  arm_bitreversal2.o(. text)
    $v0                                      0x080001fc   Number         0  arm_bitreversal2.o(. text)
    .ARM.Collect$$_printf_percent$$00000000  0x080002bc   Section        0  _printf_percent.o(.ARM.Collect$$_printf_percent$$00000000)
    .ARM.Collect$$_printf_percent$$00000003  0x080002bc   Section        6  _printf_f.o(.ARM.Collect$$_printf_percent$$00000003)
    .ARM.Collect$$_printf_percent$$00000009  0x080002c2   Section        6  _printf_d.o(.ARM.Collect$$_printf_percent$$00000009)
    .ARM.Collect$$_printf_percent$$00000017  0x080002c8   Section        4  _printf_percent_end.o(.ARM.Collect$$_printf_percent$$00000017)
    .ARM.Collect$$libinit$$00000000          0x080002cc   Section        2  libinit.o(.ARM.Collect$$libinit$$00000000)
    .ARM.Collect$$libinit$$00000001          0x080002ce   Section        4  libinit2.o(.ARM.Collect$$libinit$$00000001)
    .ARM.Collect$$libinit$$00000004          0x080002d2   Section        0  libinit2.o(.ARM.Collect$$libinit$$00000004)
    .ARM.Collect$$libinit$$0000000A          0x080002d2   Section        0  libinit2.o(.ARM.Collect$$libinit$$0000000A)
    .ARM.Collect$$libinit$$0000000C          0x080002d2   Section        0  libinit2.o(.ARM.Collect$$libinit$$0000000C)
    .ARM.Collect$$libinit$$0000000E          0x080002d2   Section        0  libinit2.o(.ARM.Collect$$libinit$$0000000E)
    .ARM.Collect$$libinit$$0000000F          0x080002d2   Section        6  libinit2.o(.ARM.Collect$$libinit$$0000000F)
    .ARM.Collect$$libinit$$00000011          0x080002d8   Section        0  libinit2.o(.ARM.Collect$$libinit$$00000011)
    .ARM.Collect$$libinit$$00000013          0x080002d8   Section        0  libinit2.o(.ARM.Collect$$libinit$$00000013)
    .ARM.Collect$$libinit$$00000015          0x080002d8   Section        0  libinit2.o(.ARM.Collect$$libinit$$00000015)
    .ARM.Collect$$libinit$$00000016          0x080002d8   Section       10  libinit2.o(.ARM.Collect$$libinit$$00000016)
    .ARM.Collect$$libinit$$00000017          0x080002e2   Section        0  libinit2.o(.ARM.Collect$$libinit$$00000017)
    .ARM.Collect$$libinit$$00000019          0x080002e2   Section        0  libinit2.o(.ARM.Collect$$libinit$$00000019)
    .ARM.Collect$$libinit$$0000001B          0x080002e2   Section        0  libinit2.o(.ARM.Collect$$libinit$$0000001B)
    .ARM.Collect$$libinit$$0000001D          0x080002e2   Section        0  libinit2.o(.ARM.Collect$$libinit$$0000001D)
    .ARM.Collect$$libinit$$0000001F          0x080002e2   Section        0  libinit2.o(.ARM.Collect$$libinit$$0000001F)
    .ARM.Collect$$libinit$$00000021          0x080002e2   Section        0  libinit2.o(.ARM.Collect$$libinit$$00000021)
    .ARM.Collect$$libinit$$00000023          0x080002e2   Section        0  libinit2.o(.ARM.Collect$$libinit$$00000023)
    .ARM.Collect$$libinit$$00000025          0x080002e2   Section        0  libinit2.o(.ARM.Collect$$libinit$$00000025)
    .ARM.Collect$$libinit$$0000002C          0x080002e2   Section        0  libinit2.o(.ARM.Collect$$libinit$$0000002C)
    .ARM.Collect$$libinit$$0000002E          0x080002e2   Section        0  libinit2.o(.ARM.Collect$$libinit$$0000002E)
    .ARM.Collect$$libinit$$00000030          0x080002e2   Section        0  libinit2.o(.ARM.Collect$$libinit$$00000030)
    .ARM.Collect$$libinit$$00000032          0x080002e2   Section        0  libinit2.o(.ARM.Collect$$libinit$$00000032)
    .ARM.Collect$$libinit$$00000033          0x080002e2   Section        2  libinit2.o(.ARM.Collect$$libinit$$00000033)
    .ARM.Collect$$libshutdown$$00000000      0x080002e4   Section        2  libshutdown.o(.ARM.Collect$$libshutdown$$00000000)
    .ARM.Collect$$libshutdown$$00000002      0x080002e6   Section        0  libshutdown2.o(.ARM.Collect$$libshutdown$$00000002)
    .ARM.Collect$$libshutdown$$00000004      0x080002e6   Section        0  libshutdown2.o(.ARM.Collect$$libshutdown$$00000004)
    .ARM.Collect$$libshutdown$$00000007      0x080002e6   Section        0  libshutdown2.o(.ARM.Collect$$libshutdown$$00000007)
    .ARM.Collect$$libshutdown$$0000000A      0x080002e6   Section        0  libshutdown2.o(.ARM.Collect$$libshutdown$$0000000A)
    .ARM.Collect$$libshutdown$$0000000C      0x080002e6   Section        0  libshutdown2.o(.ARM.Collect$$libshutdown$$0000000C)
    .ARM.Collect$$libshutdown$$0000000F      0x080002e6   Section        0  libshutdown2.o(.ARM.Collect$$libshutdown$$0000000F)
    .ARM.Collect$$libshutdown$$00000010      0x080002e6   Section        2  libshutdown2.o(.ARM.Collect$$libshutdown$$00000010)
    .ARM.Collect$$rtentry$$00000000          0x080002e8   Section        0  __rtentry.o(.ARM.Collect$$rtentry$$00000000)
    .ARM.Collect$$rtentry$$00000002          0x080002e8   Section        0  __rtentry2.o(.ARM.Collect$$rtentry$$00000002)
    .ARM.Collect$$rtentry$$00000004          0x080002e8   Section        6  __rtentry4.o(.ARM.Collect$$rtentry$$00000004)
    .ARM.Collect$$rtentry$$00000009          0x080002ee   Section        0  __rtentry2.o(.ARM.Collect$$rtentry$$00000009)
    .ARM.Collect$$rtentry$$0000000A          0x080002ee   Section        4  __rtentry2.o(.ARM.Collect$$rtentry$$0000000A)
    .ARM.Collect$$rtentry$$0000000C          0x080002f2   Section        0  __rtentry2.o(.ARM.Collect$$rtentry$$0000000C)
    .ARM.Collect$$rtentry$$0000000D          0x080002f2   Section        8  __rtentry2.o(.ARM.Collect$$rtentry$$0000000D)
    .ARM.Collect$$rtexit$$00000000           0x080002fa   Section        2  rtexit.o(.ARM.Collect$$rtexit$$00000000)
    .ARM.Collect$$rtexit$$00000002           0x080002fc   Section        0  rtexit2.o(.ARM.Collect$$rtexit$$00000002)
    .ARM.Collect$$rtexit$$00000003           0x080002fc   Section        4  rtexit2.o(.ARM.Collect$$rtexit$$00000003)
    .ARM.Collect$$rtexit$$00000004           0x08000300   Section        6  rtexit2.o(.ARM.Collect$$rtexit$$00000004)
    .text                                    0x08000308   Section       64  startup_stm32f415xx.o(.text)
    $v0                                      0x08000308   Number         0  startup_stm32f415xx.o(.text)
    .text                                    0x08000348   Section        0  arm_cmplx_mag_f32.o(.text)
    .text                                    0x08000444   Section        0  arm_cfft_f32.o(.text)
    .text                                    0x08000b68   Section        0  arm_max_f32.o(.text)
    .text                                    0x08000c40   Section        0  arm_cfft_radix8_f32.o(.text)
    .text                                    0x0800111c   Section        0  noretval__2sprintf.o(.text)
    .text                                    0x08001144   Section        0  __printf.o(.text)
    .text                                    0x080011ac   Section        0  _printf_dec.o(.text)
    .text                                    0x08001224   Section        0  heapauxi.o(.text)
    .text                                    0x0800122a   Section        0  _printf_intcommon.o(.text)
    .text                                    0x080012dc   Section        0  _printf_fp_dec.o(.text)
    _fp_digits                               0x080012df   Thumb Code   428  _printf_fp_dec.o(.text)
    .text                                    0x080016f8   Section        0  _printf_char_common.o(.text)
    _printf_input_char                       0x080016f9   Thumb Code    10  _printf_char_common.o(.text)
    .text                                    0x08001728   Section        0  _sputc.o(.text)
    .text                                    0x08001734   Section        8  rt_locale_intlibspace.o(.text)
    .text                                    0x0800173c   Section      138  lludiv10.o(.text)
    .text                                    0x080017c8   Section        0  _fptrap.o(.text)
    .text                                    0x080017f8   Section        0  _printf_fp_infnan.o(.text)
    .text                                    0x08001878   Section        0  bigflt0.o(.text)
    .text                                    0x08001954   Section        8  libspace.o(.text)
    .text                                    0x0800195c   Section       74  sys_stackheap_outer.o(.text)
    .text                                    0x080019a6   Section        0  exit.o(.text)
    .text                                    0x080019b8   Section        0  defsig_fpe_outer.o(.text)
    .text                                    0x080019c8   Section      128  strcmpv7m.o(.text)
    .text                                    0x08001a48   Section        0  defsig_exit.o(.text)
    .text                                    0x08001a54   Section        0  defsig_fpe_inner.o(.text)
    .text                                    0x08001b00   Section        0  sys_exit.o(.text)
    .text                                    0x08001b0c   Section        0  defsig_general.o(.text)
    .text                                    0x08001b3e   Section        0  sys_wrch.o(.text)
    .text                                    0x08001b4c   Section        2  use_no_semi.o(.text)
    .text                                    0x08001b4e   Section        0  indicate_semi.o(.text)
    CL$$btod_d2e                             0x08001b4e   Section       62  btod.o(CL$$btod_d2e)
    CL$$btod_d2e_denorm_low                  0x08001b8c   Section       70  btod.o(CL$$btod_d2e_denorm_low)
    CL$$btod_d2e_norm_op1                    0x08001bd2   Section       96  btod.o(CL$$btod_d2e_norm_op1)
    CL$$btod_div_common                      0x08001c32   Section      824  btod.o(CL$$btod_div_common)
    CL$$btod_e2e                             0x08001f6a   Section      198  btod.o(CL$$btod_e2e)
    CL$$btod_ediv                            0x08002030   Section       40  btod.o(CL$$btod_ediv)
    CL$$btod_emul                            0x08002058   Section       40  btod.o(CL$$btod_emul)
    CL$$btod_mult_common                     0x08002080   Section      580  btod.o(CL$$btod_mult_common)
    i.ADC_Cmd                                0x080022c4   Section        0  stm32f4xx_adc.o(i.ADC_Cmd)
    i.ADC_DeInit                             0x080022da   Section        0  stm32f4xx_adc.o(i.ADC_DeInit)
    i.ADC_GetConversionValue                 0x080022f0   Section        0  stm32f4xx_adc.o(i.ADC_GetConversionValue)
    i.ADC_GetFlagStatus                      0x080022f8   Section        0  stm32f4xx_adc.o(i.ADC_GetFlagStatus)
    i.ADC_Init                               0x0800230c   Section        0  stm32f4xx_adc.o(i.ADC_Init)
    i.ADC_RegularChannelConfig               0x08002360   Section        0  stm32f4xx_adc.o(i.ADC_RegularChannelConfig)
    i.ADC_SoftwareStartConv                  0x08002418   Section        0  stm32f4xx_adc.o(i.ADC_SoftwareStartConv)
    i.GPIO_Init                              0x08002422   Section        0  stm32f4xx_gpio.o(i.GPIO_Init)
    i.GPIO_PinAFConfig                       0x080024b2   Section        0  stm32f4xx_gpio.o(i.GPIO_PinAFConfig)
    i.GPIO_StructInit                        0x080024f8   Section        0  stm32f4xx_gpio.o(i.GPIO_StructInit)
    i.InitializeSystem                       0x0800250c   Section        0  main.o(i.InitializeSystem)
    i.Initialize_ADC                         0x0800252c   Section        0  adc.o(i.Initialize_ADC)
    i.Initialize_UART                        0x080025a8   Section        0  uart.o(i.Initialize_UART)
    i.NVIC_DisableIRQ                        0x08002630   Section        0  inputdata.o(i.NVIC_DisableIRQ)
    NVIC_DisableIRQ                          0x08002631   Thumb Code    18  inputdata.o(i.NVIC_DisableIRQ)
    i.RCC_AHB1PeriphClockCmd                 0x08002648   Section        0  stm32f4xx_rcc.o(i.RCC_AHB1PeriphClockCmd)
    i.RCC_APB2PeriphClockCmd                 0x08002668   Section        0  stm32f4xx_rcc.o(i.RCC_APB2PeriphClockCmd)
    i.RCC_APB2PeriphResetCmd                 0x08002688   Section        0  stm32f4xx_rcc.o(i.RCC_APB2PeriphResetCmd)
    i.RCC_GetClocksFreq                      0x080026a8   Section        0  stm32f4xx_rcc.o(i.RCC_GetClocksFreq)
    i.SetSysClock                            0x08002790   Section        0  system_stm32f4xx.o(i.SetSysClock)
    SetSysClock                              0x08002791   Thumb Code   220  system_stm32f4xx.o(i.SetSysClock)
    i.SetupDebugButtons                      0x0800287c   Section        0  main.o(i.SetupDebugButtons)
    i.SetupDebugLeds                         0x080028b0   Section        0  main.o(i.SetupDebugLeds)
    i.SystemInit                             0x080028ec   Section        0  system_stm32f4xx.o(i.SystemInit)
    i.TIM2_IRQHandler                        0x08002954   Section        0  adc.o(i.TIM2_IRQHandler)
    i.TIM_ClearITPendingBit                  0x080029e8   Section        0  stm32f4xx_tim.o(i.TIM_ClearITPendingBit)
    i.TIM_GetITStatus                        0x080029ee   Section        0  stm32f4xx_tim.o(i.TIM_GetITStatus)
    i.UART_puts                              0x08002a10   Section        0  uart.o(i.UART_puts)
    i.USART_Cmd                              0x08002a3c   Section        0  stm32f4xx_usart.o(i.USART_Cmd)
    i.USART_Init                             0x08002a54   Section        0  stm32f4xx_usart.o(i.USART_Init)
    i.USART_SendData                         0x08002b24   Section        0  stm32f4xx_usart.o(i.USART_SendData)
    i.__ARM_fpclassify                       0x08002b2c   Section        0  fpclassify.o(i.__ARM_fpclassify)
    i.computeFFT                             0x08002b5c   Section        0  fft.o(i.computeFFT)
    i.getFrequency                           0x08002b9c   Section        0  fft.o(i.getFrequency)
    i.getMaxValueIndex                       0x08002ca4   Section        0  fft.o(i.getMaxValueIndex)
    i.insertValue                            0x08002cbc   Section        0  inputdata.o(i.insertValue)
    i.main                                   0x08002d2c   Section        0  main.o(i.main)
    i.readADC1                               0x08002d7c   Section        0  adc.o(i.readADC1)
    locale$$code                             0x08002da0   Section       44  lc_numeric_c.o(locale$$code)
    x$fpl$d2f                                0x08002dcc   Section      708  d2f_clz.o(x$fpl$d2f)
    $v0                                      0x08002dcc   Number         0  d2f_clz.o(x$fpl$d2f)
    x$fpl$dadd                               0x08003090   Section      588  daddsub_clz.o(x$fpl$dadd)
    $v0                                      0x08003090   Number         0  daddsub_clz.o(x$fpl$dadd)
    _dadd1                                   0x080030bb   Thumb Code     0  daddsub_clz.o(x$fpl$dadd)
    dadd_zerodenorm                          0x0800325b   Thumb Code     0  daddsub_clz.o(x$fpl$dadd)
    x$fpl$ddiv                               0x080032dc   Section      892  ddiv_clz.o(x$fpl$ddiv)
    $v0                                      0x080032dc   Number         0  ddiv_clz.o(x$fpl$ddiv)
    ddiv_entry                               0x080032e3   Thumb Code     0  ddiv_clz.o(x$fpl$ddiv)
    x$fpl$dfltn                              0x08003658   Section       26  dflt_clz.o(x$fpl$dfltn)
    $v0                                      0x08003658   Number         0  dflt_clz.o(x$fpl$dfltn)
    x$fpl$dfltu                              0x08003672   Section       38  dflt_clz.o(x$fpl$dfltu)
    $v0                                      0x08003672   Number         0  dflt_clz.o(x$fpl$dfltu)
    x$fpl$dnaninf                            0x08003698   Section      258  dnaninf.o(x$fpl$dnaninf)
    $v0                                      0x08003698   Number         0  dnaninf.o(x$fpl$dnaninf)
    x$fpl$drenorm                            0x0800379a   Section      112  drenorm_clz.o(x$fpl$drenorm)
    $v0                                      0x0800379a   Number         0  drenorm_clz.o(x$fpl$drenorm)
    x$fpl$dretinf                            0x0800380a   Section       12  dretinf.o(x$fpl$dretinf)
    $v0                                      0x0800380a   Number         0  dretinf.o(x$fpl$dretinf)
    x$fpl$dsub                               0x08003818   Section      668  daddsub_clz.o(x$fpl$dsub)
    $v0                                      0x08003818   Number         0  daddsub_clz.o(x$fpl$dsub)
    _dsub1                                   0x08003843   Thumb Code     0  daddsub_clz.o(x$fpl$dsub)
    daddsub_denorm                           0x08003a07   Thumb Code     0  daddsub_clz.o(x$fpl$dsub)
    dsub_uncommon_first                      0x08003a1b   Thumb Code     0  daddsub_clz.o(x$fpl$dsub)
    dsub_zerodenorm                          0x08003a39   Thumb Code     0  daddsub_clz.o(x$fpl$dsub)
    x$fpl$dunder                             0x08003ab4   Section      378  dunder_clz.o(x$fpl$dunder)
    $v0                                      0x08003ab4   Number         0  dunder_clz.o(x$fpl$dunder)
    x$fpl$exception                          0x08003c30   Section      492  except.o(x$fpl$exception)
    $v0                                      0x08003c30   Number         0  except.o(x$fpl$exception)
    x$fpl$f2d                                0x08003e1c   Section      122  f2d.o(x$fpl$f2d)
    $v0                                      0x08003e1c   Number         0  f2d.o(x$fpl$f2d)
    x$fpl$fnaninf                            0x08003e96   Section      242  fnaninf.o(x$fpl$fnaninf)
    $v0                                      0x08003e96   Number         0  fnaninf.o(x$fpl$fnaninf)
    x$fpl$fpinit                             0x08003f88   Section       10  fpinit.o(x$fpl$fpinit)
    $v0                                      0x08003f88   Number         0  fpinit.o(x$fpl$fpinit)
    x$fpl$fretinf                            0x08003f92   Section       10  fretinf.o(x$fpl$fretinf)
    $v0                                      0x08003f92   Number         0  fretinf.o(x$fpl$fretinf)
    x$fpl$funder                             0x08003f9c   Section      316  funder_clz.o(x$fpl$funder)
    $v0                                      0x08003f9c   Number         0  funder_clz.o(x$fpl$funder)
    x$fpl$ieeestatus                         0x080040d8   Section       32  istatus.o(x$fpl$ieeestatus)
    $v0                                      0x080040d8   Number         0  istatus.o(x$fpl$ieeestatus)
    x$fpl$printf1                            0x080040f8   Section        4  printf1.o(x$fpl$printf1)
    $v0                                      0x080040f8   Number         0  printf1.o(x$fpl$printf1)
    x$fpl$retnan                             0x080040fc   Section      178  retnan.o(x$fpl$retnan)
    $v0                                      0x080040fc   Number         0  retnan.o(x$fpl$retnan)
    x$fpl$trapveneer                         0x080041ae   Section      126  trapv.o(x$fpl$trapveneer)
    $v0                                      0x080041ae   Number         0  trapv.o(x$fpl$trapveneer)
    .constdata                               0x0800422c   Section       16  arm_const_structs.o(.constdata)
    x$fpl$usenofp                            0x0800422c   Section        0  usenofp.o(x$fpl$usenofp)
    .constdata                               0x0800423c   Section     8192  arm_common_tables.o(.constdata)
    .constdata                               0x0800623c   Section     3600  arm_common_tables.o(.constdata)
    .constdata                               0x0800704c   Section      148  bigflt0.o(.constdata)
    tenpwrs_x                                0x0800704c   Data          60  bigflt0.o(.constdata)
    tenpwrs_i                                0x08007088   Data          64  bigflt0.o(.constdata)
    locale$$data                             0x08007100   Section       28  lc_numeric_c.o(locale$$data)
    __lcnum_c_name                           0x08007104   Data           2  lc_numeric_c.o(locale$$data)
    __lcnum_c_start                          0x0800710c   Data           0  lc_numeric_c.o(locale$$data)
    __lcnum_c_point                          0x08007118   Data           0  lc_numeric_c.o(locale$$data)
    __lcnum_c_thousands                      0x0800711a   Data           0  lc_numeric_c.o(locale$$data)
    __lcnum_c_grouping                       0x0800711b   Data           0  lc_numeric_c.o(locale$$data)
    __lcnum_c_end                            0x0800711c   Data           0  lc_numeric_c.o(locale$$data)
    .data                                    0x20000000   Section       16  main.o(.data)
    .data                                    0x20000010   Section       16  stm32f4xx_rcc.o(.data)
    APBAHBPrescTable                         0x20000010   Data          16  stm32f4xx_rcc.o(.data)
    .bss                                     0x20000020   Section    12288  main.o(.bss)
    .bss                                     0x20003020   Section       96  libspace.o(.bss)
    HEAP                                     0x20003080   Section      512  startup_stm32f415xx.o(HEAP)
    Heap_Mem                                 0x20003080   Data         512  startup_stm32f415xx.o(HEAP)
    STACK                                    0x20003280   Section     1024  startup_stm32f415xx.o(STACK)
    Stack_Mem                                0x20003280   Data        1024  startup_stm32f415xx.o(STACK)
    __initial_sp                             0x20003680   Data           0  startup_stm32f415xx.o(STACK)

    Global Symbols

    Symbol Name                              Value     Ov Type        Size  Object(Section)

    BuildAttributes$$THM_ISAv4$E$P$D$K$B$S$7EM$VFPi3$EXTD16$VFPS$VFMA$PE$A:L22UL41UL21$X:L11$S22US41US21$IEEE1$IW$USESV6$~STKCKD$USESV7$~SHL$OTIME$ROPI$IEEEX$EBA8$UX$STANDARDLIB$REQ8$PRES8$EABIv2 0x00000000   Number         0  anon$$obj.o ABSOLUTE
    __ARM_use_no_argv                        0x00000000   Number         0  main.o ABSOLUTE
    __ARM_exceptions_init                     - Undefined Weak Reference
    __alloca_initialize                       - Undefined Weak Reference
    __arm_preinit_                            - Undefined Weak Reference
    __cpp_initialize__aeabi_                  - Undefined Weak Reference
    __cxa_finalize                            - Undefined Weak Reference
    __sigvec_lookup                           - Undefined Weak Reference
    _atexit_init                              - Undefined Weak Reference
    _call_atexit_fns                          - Undefined Weak Reference
    _clock_init                               - Undefined Weak Reference
    _fp_trap_big                              - Undefined Weak Reference
    _fp_trap_init                             - Undefined Weak Reference
    _fp_trap_shutdown                         - Undefined Weak Reference
    _get_lc_collate                           - Undefined Weak Reference
    _get_lc_ctype                             - Undefined Weak Reference
    _get_lc_monetary                          - Undefined Weak Reference
    _get_lc_time                              - Undefined Weak Reference
    _getenv_init                              - Undefined Weak Reference
    _handle_redirection                       - Undefined Weak Reference
    _init_alloc                               - Undefined Weak Reference
    _init_user_alloc                          - Undefined Weak Reference
    _initio                                   - Undefined Weak Reference
    _printf_post_padding                      - Undefined Weak Reference
    _printf_pre_padding                       - Undefined Weak Reference
    _printf_truncate_signed                   - Undefined Weak Reference
    _printf_truncate_unsigned                 - Undefined Weak Reference
    _rand_init                                - Undefined Weak Reference
    _signal_finish                            - Undefined Weak Reference
    _signal_init                              - Undefined Weak Reference
    _terminate_alloc                          - Undefined Weak Reference
    _terminate_user_alloc                     - Undefined Weak Reference
    _terminateio                              - Undefined Weak Reference
    __Vectors_Size                           0x00000188   Number         0  startup_stm32f415xx.o ABSOLUTE
    __Vectors                                0x08000000   Data           4  startup_stm32f415xx.o(RESET)
    __Vectors_End                            0x08000188   Data           0  startup_stm32f415xx.o(RESET)
    __main                                   0x08000189   Thumb Code     8  __main.o(!!!main)
    __scatterload                            0x08000191   Thumb Code     0  __scatter.o(!!!scatter)
    __scatterload_rt2                        0x08000191   Thumb Code    44  __scatter.o(!!!scatter)
    __scatterload_rt2_thumb_only             0x08000191   Thumb Code     0  __scatter.o(!!!scatter)
    __scatterload_null                       0x0800019f   Thumb Code     0  __scatter.o(!!!scatter)
    __scatterload_copy                       0x080001c5   Thumb Code    26  __scatter_copy.o(!!handler_copy)
    __scatterload_zeroinit                   0x080001e1   Thumb Code    28  __scatter_zi.o(!!handler_zi)
    arm_bitreversal_32                       0x080001fd   Thumb Code   106  arm_bitreversal2.o(. text)
    arm_bitreversal_16                       0x08000267   Thumb Code    86  arm_bitreversal2.o(. text)
    _printf_f                                0x080002bd   Thumb Code     0  _printf_f.o(.ARM.Collect$$_printf_percent$$00000003)
    _printf_percent                          0x080002bd   Thumb Code     0  _printf_percent.o(.ARM.Collect$$_printf_percent$$00000000)
    _printf_d                                0x080002c3   Thumb Code     0  _printf_d.o(.ARM.Collect$$_printf_percent$$00000009)
    _printf_percent_end                      0x080002c9   Thumb Code     0  _printf_percent_end.o(.ARM.Collect$$_printf_percent$$00000017)
    __rt_lib_init                            0x080002cd   Thumb Code     0  libinit.o(.ARM.Collect$$libinit$$00000000)
    __rt_lib_init_fp_1                       0x080002cf   Thumb Code     0  libinit2.o(.ARM.Collect$$libinit$$00000001)
    __rt_lib_init_heap_1                     0x080002d3   Thumb Code     0  libinit2.o(.ARM.Collect$$libinit$$0000000A)
    __rt_lib_init_lc_common                  0x080002d3   Thumb Code     0  libinit2.o(.ARM.Collect$$libinit$$0000000F)
    __rt_lib_init_preinit_1                  0x080002d3   Thumb Code     0  libinit2.o(.ARM.Collect$$libinit$$00000004)
    __rt_lib_init_rand_1                     0x080002d3   Thumb Code     0  libinit2.o(.ARM.Collect$$libinit$$0000000E)
    __rt_lib_init_user_alloc_1               0x080002d3   Thumb Code     0  libinit2.o(.ARM.Collect$$libinit$$0000000C)
    __rt_lib_init_lc_collate_1               0x080002d9   Thumb Code     0  libinit2.o(.ARM.Collect$$libinit$$00000011)
    __rt_lib_init_lc_ctype_1                 0x080002d9   Thumb Code     0  libinit2.o(.ARM.Collect$$libinit$$00000013)
    __rt_lib_init_lc_monetary_1              0x080002d9   Thumb Code     0  libinit2.o(.ARM.Collect$$libinit$$00000015)
    __rt_lib_init_lc_numeric_2               0x080002d9   Thumb Code     0  libinit2.o(.ARM.Collect$$libinit$$00000016)
    __rt_lib_init_alloca_1                   0x080002e3   Thumb Code     0  libinit2.o(.ARM.Collect$$libinit$$0000002E)
    __rt_lib_init_argv_1                     0x080002e3   Thumb Code     0  libinit2.o(.ARM.Collect$$libinit$$0000002C)
    __rt_lib_init_atexit_1                   0x080002e3   Thumb Code     0  libinit2.o(.ARM.Collect$$libinit$$0000001B)
    __rt_lib_init_clock_1                    0x080002e3   Thumb Code     0  libinit2.o(.ARM.Collect$$libinit$$00000021)
    __rt_lib_init_cpp_1                      0x080002e3   Thumb Code     0  libinit2.o(.ARM.Collect$$libinit$$00000032)
    __rt_lib_init_exceptions_1               0x080002e3   Thumb Code     0  libinit2.o(.ARM.Collect$$libinit$$00000030)
    __rt_lib_init_fp_trap_1                  0x080002e3   Thumb Code     0  libinit2.o(.ARM.Collect$$libinit$$0000001F)
    __rt_lib_init_getenv_1                   0x080002e3   Thumb Code     0  libinit2.o(.ARM.Collect$$libinit$$00000023)
    __rt_lib_init_lc_numeric_1               0x080002e3   Thumb Code     0  libinit2.o(.ARM.Collect$$libinit$$00000017)
    __rt_lib_init_lc_time_1                  0x080002e3   Thumb Code     0  libinit2.o(.ARM.Collect$$libinit$$00000019)
    __rt_lib_init_return                     0x080002e3   Thumb Code     0  libinit2.o(.ARM.Collect$$libinit$$00000033)
    __rt_lib_init_signal_1                   0x080002e3   Thumb Code     0  libinit2.o(.ARM.Collect$$libinit$$0000001D)
    __rt_lib_init_stdio_1                    0x080002e3   Thumb Code     0  libinit2.o(.ARM.Collect$$libinit$$00000025)
    __rt_lib_shutdown                        0x080002e5   Thumb Code     0  libshutdown.o(.ARM.Collect$$libshutdown$$00000000)
    __rt_lib_shutdown_cpp_1                  0x080002e7   Thumb Code     0  libshutdown2.o(.ARM.Collect$$libshutdown$$00000002)
    __rt_lib_shutdown_fp_trap_1              0x080002e7   Thumb Code     0  libshutdown2.o(.ARM.Collect$$libshutdown$$00000007)
    __rt_lib_shutdown_heap_1                 0x080002e7   Thumb Code     0  libshutdown2.o(.ARM.Collect$$libshutdown$$0000000F)
    __rt_lib_shutdown_return                 0x080002e7   Thumb Code     0  libshutdown2.o(.ARM.Collect$$libshutdown$$00000010)
    __rt_lib_shutdown_signal_1               0x080002e7   Thumb Code     0  libshutdown2.o(.ARM.Collect$$libshutdown$$0000000A)
    __rt_lib_shutdown_stdio_1                0x080002e7   Thumb Code     0  libshutdown2.o(.ARM.Collect$$libshutdown$$00000004)
    __rt_lib_shutdown_user_alloc_1           0x080002e7   Thumb Code     0  libshutdown2.o(.ARM.Collect$$libshutdown$$0000000C)
    __rt_entry                               0x080002e9   Thumb Code     0  __rtentry.o(.ARM.Collect$$rtentry$$00000000)
    __rt_entry_presh_1                       0x080002e9   Thumb Code     0  __rtentry2.o(.ARM.Collect$$rtentry$$00000002)
    __rt_entry_sh                            0x080002e9   Thumb Code     0  __rtentry4.o(.ARM.Collect$$rtentry$$00000004)
    __rt_entry_li                            0x080002ef   Thumb Code     0  __rtentry2.o(.ARM.Collect$$rtentry$$0000000A)
    __rt_entry_postsh_1                      0x080002ef   Thumb Code     0  __rtentry2.o(.ARM.Collect$$rtentry$$00000009)
    __rt_entry_main                          0x080002f3   Thumb Code     0  __rtentry2.o(.ARM.Collect$$rtentry$$0000000D)
    __rt_entry_postli_1                      0x080002f3   Thumb Code     0  __rtentry2.o(.ARM.Collect$$rtentry$$0000000C)
    __rt_exit                                0x080002fb   Thumb Code     0  rtexit.o(.ARM.Collect$$rtexit$$00000000)
    __rt_exit_ls                             0x080002fd   Thumb Code     0  rtexit2.o(.ARM.Collect$$rtexit$$00000003)
    __rt_exit_prels_1                        0x080002fd   Thumb Code     0  rtexit2.o(.ARM.Collect$$rtexit$$00000002)
    __rt_exit_exit                           0x08000301   Thumb Code     0  rtexit2.o(.ARM.Collect$$rtexit$$00000004)
    Reset_Handler                            0x08000309   Thumb Code     8  startup_stm32f415xx.o(.text)
    NMI_Handler                              0x08000311   Thumb Code     2  startup_stm32f415xx.o(.text)
    HardFault_Handler                        0x08000313   Thumb Code     2  startup_stm32f415xx.o(.text)
    MemManage_Handler                        0x08000315   Thumb Code     2  startup_stm32f415xx.o(.text)
    BusFault_Handler                         0x08000317   Thumb Code     2  startup_stm32f415xx.o(.text)
    UsageFault_Handler                       0x08000319   Thumb Code     2  startup_stm32f415xx.o(.text)
    SVC_Handler                              0x0800031b   Thumb Code     2  startup_stm32f415xx.o(.text)
    DebugMon_Handler                         0x0800031d   Thumb Code     2  startup_stm32f415xx.o(.text)
    PendSV_Handler                           0x0800031f   Thumb Code     2  startup_stm32f415xx.o(.text)
    SysTick_Handler                          0x08000321   Thumb Code     2  startup_stm32f415xx.o(.text)
    ADC_IRQHandler                           0x08000323   Thumb Code     0  startup_stm32f415xx.o(.text)
    CAN1_RX0_IRQHandler                      0x08000323   Thumb Code     0  startup_stm32f415xx.o(.text)
    CAN1_RX1_IRQHandler                      0x08000323   Thumb Code     0  startup_stm32f415xx.o(.text)
    CAN1_SCE_IRQHandler                      0x08000323   Thumb Code     0  startup_stm32f415xx.o(.text)
    CAN1_TX_IRQHandler                       0x08000323   Thumb Code     0  startup_stm32f415xx.o(.text)
    CAN2_RX0_IRQHandler                      0x08000323   Thumb Code     0  startup_stm32f415xx.o(.text)
    CAN2_RX1_IRQHandler                      0x08000323   Thumb Code     0  startup_stm32f415xx.o(.text)
    CAN2_SCE_IRQHandler                      0x08000323   Thumb Code     0  startup_stm32f415xx.o(.text)
    CAN2_TX_IRQHandler                       0x08000323   Thumb Code     0  startup_stm32f415xx.o(.text)
    CRYP_IRQHandler                          0x08000323   Thumb Code     0  startup_stm32f415xx.o(.text)
    DMA1_Stream0_IRQHandler                  0x08000323   Thumb Code     0  startup_stm32f415xx.o(.text)
    DMA1_Stream1_IRQHandler                  0x08000323   Thumb Code     0  startup_stm32f415xx.o(.text)
    DMA1_Stream2_IRQHandler                  0x08000323   Thumb Code     0  startup_stm32f415xx.o(.text)
    DMA1_Stream3_IRQHandler                  0x08000323   Thumb Code     0  startup_stm32f415xx.o(.text)
    DMA1_Stream4_IRQHandler                  0x08000323   Thumb Code     0  startup_stm32f415xx.o(.text)
    DMA1_Stream5_IRQHandler                  0x08000323   Thumb Code     0  startup_stm32f415xx.o(.text)
    DMA1_Stream6_IRQHandler                  0x08000323   Thumb Code     0  startup_stm32f415xx.o(.text)
    DMA1_Stream7_IRQHandler                  0x08000323   Thumb Code     0  startup_stm32f415xx.o(.text)
    DMA2_Stream0_IRQHandler                  0x08000323   Thumb Code     0  startup_stm32f415xx.o(.text)
    DMA2_Stream1_IRQHandler                  0x08000323   Thumb Code     0  startup_stm32f415xx.o(.text)
    DMA2_Stream2_IRQHandler                  0x08000323   Thumb Code     0  startup_stm32f415xx.o(.text)
    DMA2_Stream3_IRQHandler                  0x08000323   Thumb Code     0  startup_stm32f415xx.o(.text)
    DMA2_Stream4_IRQHandler                  0x08000323   Thumb Code     0  startup_stm32f415xx.o(.text)
    DMA2_Stream5_IRQHandler                  0x08000323   Thumb Code     0  startup_stm32f415xx.o(.text)
    DMA2_Stream6_IRQHandler                  0x08000323   Thumb Code     0  startup_stm32f415xx.o(.text)
    DMA2_Stream7_IRQHandler                  0x08000323   Thumb Code     0  startup_stm32f415xx.o(.text)
    EXTI0_IRQHandler                         0x08000323   Thumb Code     0  startup_stm32f415xx.o(.text)
    EXTI15_10_IRQHandler                     0x08000323   Thumb Code     0  startup_stm32f415xx.o(.text)
    EXTI1_IRQHandler                         0x08000323   Thumb Code     0  startup_stm32f415xx.o(.text)
    EXTI2_IRQHandler                         0x08000323   Thumb Code     0  startup_stm32f415xx.o(.text)
    EXTI3_IRQHandler                         0x08000323   Thumb Code     0  startup_stm32f415xx.o(.text)
    EXTI4_IRQHandler                         0x08000323   Thumb Code     0  startup_stm32f415xx.o(.text)
    EXTI9_5_IRQHandler                       0x08000323   Thumb Code     0  startup_stm32f415xx.o(.text)
    FLASH_IRQHandler                         0x08000323   Thumb Code     0  startup_stm32f415xx.o(.text)
    FMC_IRQHandler                           0x08000323   Thumb Code     0  startup_stm32f415xx.o(.text)
    FPU_IRQHandler                           0x08000323   Thumb Code     0  startup_stm32f415xx.o(.text)
    HASH_RNG_IRQHandler                      0x08000323   Thumb Code     0  startup_stm32f415xx.o(.text)
    I2C1_ER_IRQHandler                       0x08000323   Thumb Code     0  startup_stm32f415xx.o(.text)
    I2C1_EV_IRQHandler                       0x08000323   Thumb Code     0  startup_stm32f415xx.o(.text)
    I2C2_ER_IRQHandler                       0x08000323   Thumb Code     0  startup_stm32f415xx.o(.text)
    I2C2_EV_IRQHandler                       0x08000323   Thumb Code     0  startup_stm32f415xx.o(.text)
    I2C3_ER_IRQHandler                       0x08000323   Thumb Code     0  startup_stm32f415xx.o(.text)
    I2C3_EV_IRQHandler                       0x08000323   Thumb Code     0  startup_stm32f415xx.o(.text)
    OTG_FS_IRQHandler                        0x08000323   Thumb Code     0  startup_stm32f415xx.o(.text)
    OTG_FS_WKUP_IRQHandler                   0x08000323   Thumb Code     0  startup_stm32f415xx.o(.text)
    OTG_HS_EP1_IN_IRQHandler                 0x08000323   Thumb Code     0  startup_stm32f415xx.o(.text)
    OTG_HS_EP1_OUT_IRQHandler                0x08000323   Thumb Code     0  startup_stm32f415xx.o(.text)
    OTG_HS_IRQHandler                        0x08000323   Thumb Code     0  startup_stm32f415xx.o(.text)
    OTG_HS_WKUP_IRQHandler                   0x08000323   Thumb Code     0  startup_stm32f415xx.o(.text)
    PVD_IRQHandler                           0x08000323   Thumb Code     0  startup_stm32f415xx.o(.text)
    RCC_IRQHandler                           0x08000323   Thumb Code     0  startup_stm32f415xx.o(.text)
    RTC_Alarm_IRQHandler                     0x08000323   Thumb Code     0  startup_stm32f415xx.o(.text)
    RTC_WKUP_IRQHandler                      0x08000323   Thumb Code     0  startup_stm32f415xx.o(.text)
    SDIO_IRQHandler                          0x08000323   Thumb Code     0  startup_stm32f415xx.o(.text)
    SPI1_IRQHandler                          0x08000323   Thumb Code     0  startup_stm32f415xx.o(.text)
    SPI2_IRQHandler                          0x08000323   Thumb Code     0  startup_stm32f415xx.o(.text)
    SPI3_IRQHandler                          0x08000323   Thumb Code     0  startup_stm32f415xx.o(.text)
    TAMP_STAMP_IRQHandler                    0x08000323   Thumb Code     0  startup_stm32f415xx.o(.text)
    TIM1_BRK_TIM9_IRQHandler                 0x08000323   Thumb Code     0  startup_stm32f415xx.o(.text)
    TIM1_CC_IRQHandler                       0x08000323   Thumb Code     0  startup_stm32f415xx.o(.text)
    TIM1_TRG_COM_TIM11_IRQHandler            0x08000323   Thumb Code     0  startup_stm32f415xx.o(.text)
    TIM1_UP_TIM10_IRQHandler                 0x08000323   Thumb Code     0  startup_stm32f415xx.o(.text)
    TIM3_IRQHandler                          0x08000323   Thumb Code     0  startup_stm32f415xx.o(.text)
    TIM4_IRQHandler                          0x08000323   Thumb Code     0  startup_stm32f415xx.o(.text)
    TIM5_IRQHandler                          0x08000323   Thumb Code     0  startup_stm32f415xx.o(.text)
    TIM6_DAC_IRQHandler                      0x08000323   Thumb Code     0  startup_stm32f415xx.o(.text)
    TIM7_IRQHandler                          0x08000323   Thumb Code     0  startup_stm32f415xx.o(.text)
    TIM8_BRK_TIM12_IRQHandler                0x08000323   Thumb Code     0  startup_stm32f415xx.o(.text)
    TIM8_CC_IRQHandler                       0x08000323   Thumb Code     0  startup_stm32f415xx.o(.text)
    TIM8_TRG_COM_TIM14_IRQHandler            0x08000323   Thumb Code     0  startup_stm32f415xx.o(.text)
    TIM8_UP_TIM13_IRQHandler                 0x08000323   Thumb Code     0  startup_stm32f415xx.o(.text)
    UART4_IRQHandler                         0x08000323   Thumb Code     0  startup_stm32f415xx.o(.text)
    UART5_IRQHandler                         0x08000323   Thumb Code     0  startup_stm32f415xx.o(.text)
    USART1_IRQHandler                        0x08000323   Thumb Code     0  startup_stm32f415xx.o(.text)
    USART2_IRQHandler                        0x08000323   Thumb Code     0  startup_stm32f415xx.o(.text)
    USART3_IRQHandler                        0x08000323   Thumb Code     0  startup_stm32f415xx.o(.text)
    USART6_IRQHandler                        0x08000323   Thumb Code     0  startup_stm32f415xx.o(.text)
    WWDG_IRQHandler                          0x08000323   Thumb Code     0  startup_stm32f415xx.o(.text)
    __user_initial_stackheap                 0x08000325   Thumb Code     0  startup_stm32f415xx.o(.text)
    arm_cmplx_mag_f32                        0x08000349   Thumb Code   246  arm_cmplx_mag_f32.o(.text)
    arm_cfft_radix8by2_f32                   0x08000445   Thumb Code   398  arm_cfft_f32.o(.text)
    arm_cfft_radix8by4_f32                   0x080005d3   Thumb Code  1098  arm_cfft_f32.o(.text)
    arm_cfft_f32                             0x08000a1d   Thumb Code   330  arm_cfft_f32.o(.text)
    arm_max_f32                              0x08000b69   Thumb Code   216  arm_max_f32.o(.text)
    arm_radix8_butterfly_f32                 0x08000c41   Thumb Code  1244  arm_cfft_radix8_f32.o(.text)
    __2sprintf                               0x0800111d   Thumb Code    34  noretval__2sprintf.o(.text)
    __printf                                 0x08001145   Thumb Code   104  __printf.o(.text)
    _printf_int_dec                          0x080011ad   Thumb Code   104  _printf_dec.o(.text)
    __use_two_region_memory                  0x08001225   Thumb Code     2  heapauxi.o(.text)
    __rt_heap_escrow$2region                 0x08001227   Thumb Code     2  heapauxi.o(.text)
    __rt_heap_expand$2region                 0x08001229   Thumb Code     2  heapauxi.o(.text)
    _printf_int_common                       0x0800122b   Thumb Code   178  _printf_intcommon.o(.text)
    __lib_sel_fp_printf                      0x080012dd   Thumb Code     2  _printf_fp_dec.o(.text)
    _printf_fp_dec_real                      0x0800148b   Thumb Code   620  _printf_fp_dec.o(.text)
    _printf_char_common                      0x08001703   Thumb Code    32  _printf_char_common.o(.text)
    _sputc                                   0x08001729   Thumb Code    10  _sputc.o(.text)
    __rt_locale                              0x08001735   Thumb Code     8  rt_locale_intlibspace.o(.text)
    _ll_udiv10                               0x0800173d   Thumb Code   138  lludiv10.o(.text)
    _fp_trap                                 0x080017c9   Thumb Code    44  _fptrap.o(.text)
    _printf_fp_infnan                        0x080017f9   Thumb Code   112  _printf_fp_infnan.o(.text)
    _btod_etento                             0x08001879   Thumb Code   216  bigflt0.o(.text)
    __user_libspace                          0x08001955   Thumb Code     8  libspace.o(.text)
    __user_perproc_libspace                  0x08001955   Thumb Code     0  libspace.o(.text)
    __user_perthread_libspace                0x08001955   Thumb Code     0  libspace.o(.text)
    __user_setup_stackheap                   0x0800195d   Thumb Code    74  sys_stackheap_outer.o(.text)
    exit                                     0x080019a7   Thumb Code    18  exit.o(.text)
    __rt_SIGFPE                              0x080019b9   Thumb Code    14  defsig_fpe_outer.o(.text)
    strcmp                                   0x080019c9   Thumb Code   128  strcmpv7m.o(.text)
    __sig_exit                               0x08001a49   Thumb Code    10  defsig_exit.o(.text)
    __rt_SIGFPE_inner                        0x08001a55   Thumb Code    62  defsig_fpe_inner.o(.text)
    _sys_exit                                0x08001b01   Thumb Code     8  sys_exit.o(.text)
    __default_signal_display                 0x08001b0d   Thumb Code    50  defsig_general.o(.text)
    _ttywrch                                 0x08001b3f   Thumb Code    14  sys_wrch.o(.text)
    __I$use$semihosting                      0x08001b4d   Thumb Code     0  use_no_semi.o(.text)
    __use_no_semihosting_swi                 0x08001b4d   Thumb Code     2  use_no_semi.o(.text)
    __semihosting_library_function           0x08001b4f   Thumb Code     0  indicate_semi.o(.text)
    _btod_d2e                                0x08001b4f   Thumb Code    62  btod.o(CL$$btod_d2e)
    _d2e_denorm_low                          0x08001b8d   Thumb Code    70  btod.o(CL$$btod_d2e_denorm_low)
    _d2e_norm_op1                            0x08001bd3   Thumb Code    96  btod.o(CL$$btod_d2e_norm_op1)
    __btod_div_common                        0x08001c33   Thumb Code   696  btod.o(CL$$btod_div_common)
    _e2e                                     0x08001f6b   Thumb Code   198  btod.o(CL$$btod_e2e)
    _btod_ediv                               0x08002031   Thumb Code    40  btod.o(CL$$btod_ediv)
    _btod_emul                               0x08002059   Thumb Code    40  btod.o(CL$$btod_emul)
    __btod_mult_common                       0x08002081   Thumb Code   580  btod.o(CL$$btod_mult_common)
    ADC_Cmd                                  0x080022c5   Thumb Code    22  stm32f4xx_adc.o(i.ADC_Cmd)
    ADC_DeInit                               0x080022db   Thumb Code    22  stm32f4xx_adc.o(i.ADC_DeInit)
    ADC_GetConversionValue                   0x080022f1   Thumb Code     8  stm32f4xx_adc.o(i.ADC_GetConversionValue)
    ADC_GetFlagStatus                        0x080022f9   Thumb Code    18  stm32f4xx_adc.o(i.ADC_GetFlagStatus)
    ADC_Init                                 0x0800230d   Thumb Code    74  stm32f4xx_adc.o(i.ADC_Init)
    ADC_RegularChannelConfig                 0x08002361   Thumb Code   184  stm32f4xx_adc.o(i.ADC_RegularChannelConfig)
    ADC_SoftwareStartConv                    0x08002419   Thumb Code    10  stm32f4xx_adc.o(i.ADC_SoftwareStartConv)
    GPIO_Init                                0x08002423   Thumb Code   144  stm32f4xx_gpio.o(i.GPIO_Init)
    GPIO_PinAFConfig                         0x080024b3   Thumb Code    70  stm32f4xx_gpio.o(i.GPIO_PinAFConfig)
    GPIO_StructInit                          0x080024f9   Thumb Code    18  stm32f4xx_gpio.o(i.GPIO_StructInit)
    InitializeSystem                         0x0800250d   Thumb Code    28  main.o(i.InitializeSystem)
    Initialize_ADC                           0x0800252d   Thumb Code   116  adc.o(i.Initialize_ADC)
    Initialize_UART                          0x080025a9   Thumb Code   126  uart.o(i.Initialize_UART)
    RCC_AHB1PeriphClockCmd                   0x08002649   Thumb Code    26  stm32f4xx_rcc.o(i.RCC_AHB1PeriphClockCmd)
    RCC_APB2PeriphClockCmd                   0x08002669   Thumb Code    26  stm32f4xx_rcc.o(i.RCC_APB2PeriphClockCmd)
    RCC_APB2PeriphResetCmd                   0x08002689   Thumb Code    26  stm32f4xx_rcc.o(i.RCC_APB2PeriphResetCmd)
    RCC_GetClocksFreq                        0x080026a9   Thumb Code   214  stm32f4xx_rcc.o(i.RCC_GetClocksFreq)
    SetupDebugButtons                        0x0800287d   Thumb Code    48  main.o(i.SetupDebugButtons)
    SetupDebugLeds                           0x080028b1   Thumb Code    54  main.o(i.SetupDebugLeds)
    SystemInit                               0x080028ed   Thumb Code    88  system_stm32f4xx.o(i.SystemInit)
    TIM2_IRQHandler                          0x08002955   Thumb Code   134  adc.o(i.TIM2_IRQHandler)
    TIM_ClearITPendingBit                    0x080029e9   Thumb Code     6  stm32f4xx_tim.o(i.TIM_ClearITPendingBit)
    TIM_GetITStatus                          0x080029ef   Thumb Code    34  stm32f4xx_tim.o(i.TIM_GetITStatus)
    UART_puts                                0x08002a11   Thumb Code    40  uart.o(i.UART_puts)
    USART_Cmd                                0x08002a3d   Thumb Code    24  stm32f4xx_usart.o(i.USART_Cmd)
    USART_Init                               0x08002a55   Thumb Code   198  stm32f4xx_usart.o(i.USART_Init)
    USART_SendData                           0x08002b25   Thumb Code     8  stm32f4xx_usart.o(i.USART_SendData)
    __ARM_fpclassify                         0x08002b2d   Thumb Code    48  fpclassify.o(i.__ARM_fpclassify)
    computeFFT                               0x08002b5d   Thumb Code    42  fft.o(i.computeFFT)
    getFrequency                             0x08002b9d   Thumb Code   212  fft.o(i.getFrequency)
    getMaxValueIndex                         0x08002ca5   Thumb Code    20  fft.o(i.getMaxValueIndex)
    insertValue                              0x08002cbd   Thumb Code    96  inputdata.o(i.insertValue)
    main                                     0x08002d2d   Thumb Code    64  main.o(i.main)
    readADC1                                 0x08002d7d   Thumb Code    32  adc.o(i.readADC1)
    _get_lc_numeric                          0x08002da1   Thumb Code    44  lc_numeric_c.o(locale$$code)
    __aeabi_d2f                              0x08002dcd   Thumb Code     0  d2f_clz.o(x$fpl$d2f)
    _d2f                                     0x08002dcd   Thumb Code   700  d2f_clz.o(x$fpl$d2f)
    __aeabi_dadd                             0x08003091   Thumb Code     0  daddsub_clz.o(x$fpl$dadd)
    _dadd                                    0x08003091   Thumb Code   580  daddsub_clz.o(x$fpl$dadd)
    __aeabi_ddiv                             0x080032dd   Thumb Code     0  ddiv_clz.o(x$fpl$ddiv)
    _ddiv                                    0x080032dd   Thumb Code   748  ddiv_clz.o(x$fpl$ddiv)
    __dflt_normalise                         0x08003659   Thumb Code    26  dflt_clz.o(x$fpl$dfltn)
    __aeabi_ui2d                             0x08003673   Thumb Code     0  dflt_clz.o(x$fpl$dfltu)
    _dfltu                                   0x08003673   Thumb Code    38  dflt_clz.o(x$fpl$dfltu)
    __fpl_dnaninf                            0x08003699   Thumb Code   258  dnaninf.o(x$fpl$dnaninf)
    __fpl_drenorm2                           0x0800379b   Thumb Code   106  drenorm_clz.o(x$fpl$drenorm)
    __fpl_drenorm1                           0x08003805   Thumb Code     6  drenorm_clz.o(x$fpl$drenorm)
    __fpl_dretinf                            0x0800380b   Thumb Code    12  dretinf.o(x$fpl$dretinf)
    __aeabi_dsub                             0x08003819   Thumb Code     0  daddsub_clz.o(x$fpl$dsub)
    _dsub                                    0x08003819   Thumb Code   664  daddsub_clz.o(x$fpl$dsub)
    __dunder                                 0x08003ab5   Thumb Code   314  dunder_clz.o(x$fpl$dunder)
    __dunder_d                               0x08003bef   Thumb Code    64  dunder_clz.o(x$fpl$dunder)
    __fpl_exception                          0x08003c31   Thumb Code   454  except.o(x$fpl$exception)
    __aeabi_f2d                              0x08003e1d   Thumb Code     0  f2d.o(x$fpl$f2d)
    _f2d                                     0x08003e1d   Thumb Code   122  f2d.o(x$fpl$f2d)
    __fpl_fnaninf                            0x08003e97   Thumb Code   242  fnaninf.o(x$fpl$fnaninf)
    _fp_init                                 0x08003f89   Thumb Code    10  fpinit.o(x$fpl$fpinit)
    __fplib_config_fpu_vfp                   0x08003f91   Thumb Code     0  fpinit.o(x$fpl$fpinit)
    __fplib_config_pureend_doubles           0x08003f91   Thumb Code     0  fpinit.o(x$fpl$fpinit)
    __fpl_fretinf                            0x08003f93   Thumb Code    10  fretinf.o(x$fpl$fretinf)
    __funder                                 0x08003f9d   Thumb Code   254  funder_clz.o(x$fpl$funder)
    __funder_d                               0x0800409b   Thumb Code    62  funder_clz.o(x$fpl$funder)
    __ieee_status                            0x080040d9   Thumb Code    28  istatus.o(x$fpl$ieeestatus)
    _printf_fp_dec                           0x080040f9   Thumb Code     4  printf1.o(x$fpl$printf1)
    __fpl_return_NaN                         0x080040fd   Thumb Code   178  retnan.o(x$fpl$retnan)
    _fp_trapveneer                           0x080041af   Thumb Code    36  trapv.o(x$fpl$trapveneer)
    __fpl_cmpreturn                          0x080041d3   Thumb Code    90  trapv.o(x$fpl$trapveneer)
    __I$use$fp                               0x0800422c   Number         0  usenofp.o(x$fpl$usenofp)
    arm_cfft_sR_f32_len1024                  0x0800422c   Data          16  arm_const_structs.o(.constdata)
    twiddleCoef_1024                         0x0800423c   Data        8192  arm_common_tables.o(.constdata)
    armBitRevIndexTable1024                  0x0800623c   Data        3600  arm_common_tables.o(.constdata)
    Region$$Table$$Base                      0x080070e0   Number         0  anon$$obj.o(Region$$Table)
    Region$$Table$$Limit                     0x08007100   Number         0  anon$$obj.o(Region$$Table)
    inputIndex                               0x20000000   Data           2  main.o(.data)
    outputIndex                              0x20000002   Data           2  main.o(.data)
    dataReady                                0x20000004   Data           1  main.o(.data)
    divisor                                  0x20000008   Data           4  main.o(.data)
    currentFrequencyBin                      0x2000000c   Data           4  main.o(.data)
    input                                    0x20000020   Data        8192  main.o(.bss)
    output                                   0x20002020   Data        4096  main.o(.bss)
    __libspace_start                         0x20003020   Data          96  libspace.o(.bss)
    __temporary_stack_top$libspace           0x20003080   Data           0  libspace.o(.bss)



==============================================================================

Memory Map of the image

  Image Entry point : 0x08000309

  Load Region LR_1 (Base: 0x08000000, Size: 0x0000713c, Max: 0xffffffff, ABSOLUTE)

    Execution Region ER_RO (Base: 0x08000000, Size: 0x0000711c, Max: 0xffffffff, ABSOLUTE)

    Base Addr    Size         Type   Attr      Idx    E Section Name        Object

    0x08000000   0x00000188   Data   RO         4526    RESET               startup_stm32f415xx.o
    0x08000188   0x00000008   Code   RO         4874  * !!!main             c_w.l(__main.o)
    0x08000190   0x00000034   Code   RO         5134    !!!scatter          c_w.l(__scatter.o)
    0x080001c4   0x0000001a   Code   RO         5136    !!handler_copy      c_w.l(__scatter_copy.o)
    0x080001de   0x00000002   PAD
    0x080001e0   0x0000001c   Code   RO         5138    !!handler_zi        c_w.l(__scatter_zi.o)
    0x080001fc   0x000000c0   Code   RO         4753    . text              arm_cortexM4lf_math.lib(arm_bitreversal2.o)
    0x080002bc   0x00000000   Code   RO         4871    .ARM.Collect$$_printf_percent$$00000000  c_w.l(_printf_percent.o)
    0x080002bc   0x00000006   Code   RO         4870    .ARM.Collect$$_printf_percent$$00000003  c_w.l(_printf_f.o)
    0x080002c2   0x00000006   Code   RO         4869    .ARM.Collect$$_printf_percent$$00000009  c_w.l(_printf_d.o)
    0x080002c8   0x00000004   Code   RO         4907    .ARM.Collect$$_printf_percent$$00000017  c_w.l(_printf_percent_end.o)
    0x080002cc   0x00000002   Code   RO         5007    .ARM.Collect$$libinit$$00000000  c_w.l(libinit.o)
    0x080002ce   0x00000004   Code   RO         5008    .ARM.Collect$$libinit$$00000001  c_w.l(libinit2.o)
    0x080002d2   0x00000000   Code   RO         5011    .ARM.Collect$$libinit$$00000004  c_w.l(libinit2.o)
    0x080002d2   0x00000000   Code   RO         5014    .ARM.Collect$$libinit$$0000000A  c_w.l(libinit2.o)
    0x080002d2   0x00000000   Code   RO         5016    .ARM.Collect$$libinit$$0000000C  c_w.l(libinit2.o)
    0x080002d2   0x00000000   Code   RO         5018    .ARM.Collect$$libinit$$0000000E  c_w.l(libinit2.o)
    0x080002d2   0x00000006   Code   RO         5019    .ARM.Collect$$libinit$$0000000F  c_w.l(libinit2.o)
    0x080002d8   0x00000000   Code   RO         5021    .ARM.Collect$$libinit$$00000011  c_w.l(libinit2.o)
    0x080002d8   0x00000000   Code   RO         5023    .ARM.Collect$$libinit$$00000013  c_w.l(libinit2.o)
    0x080002d8   0x00000000   Code   RO         5025    .ARM.Collect$$libinit$$00000015  c_w.l(libinit2.o)
    0x080002d8   0x0000000a   Code   RO         5026    .ARM.Collect$$libinit$$00000016  c_w.l(libinit2.o)
    0x080002e2   0x00000000   Code   RO         5027    .ARM.Collect$$libinit$$00000017  c_w.l(libinit2.o)
    0x080002e2   0x00000000   Code   RO         5029    .ARM.Collect$$libinit$$00000019  c_w.l(libinit2.o)
    0x080002e2   0x00000000   Code   RO         5031    .ARM.Collect$$libinit$$0000001B  c_w.l(libinit2.o)
    0x080002e2   0x00000000   Code   RO         5033    .ARM.Collect$$libinit$$0000001D  c_w.l(libinit2.o)
    0x080002e2   0x00000000   Code   RO         5035    .ARM.Collect$$libinit$$0000001F  c_w.l(libinit2.o)
    0x080002e2   0x00000000   Code   RO         5037    .ARM.Collect$$libinit$$00000021  c_w.l(libinit2.o)
    0x080002e2   0x00000000   Code   RO         5039    .ARM.Collect$$libinit$$00000023  c_w.l(libinit2.o)
    0x080002e2   0x00000000   Code   RO         5041    .ARM.Collect$$libinit$$00000025  c_w.l(libinit2.o)
    0x080002e2   0x00000000   Code   RO         5045    .ARM.Collect$$libinit$$0000002C  c_w.l(libinit2.o)
    0x080002e2   0x00000000   Code   RO         5047    .ARM.Collect$$libinit$$0000002E  c_w.l(libinit2.o)
    0x080002e2   0x00000000   Code   RO         5049    .ARM.Collect$$libinit$$00000030  c_w.l(libinit2.o)
    0x080002e2   0x00000000   Code   RO         5051    .ARM.Collect$$libinit$$00000032  c_w.l(libinit2.o)
    0x080002e2   0x00000002   Code   RO         5052    .ARM.Collect$$libinit$$00000033  c_w.l(libinit2.o)
    0x080002e4   0x00000002   Code   RO         5099    .ARM.Collect$$libshutdown$$00000000  c_w.l(libshutdown.o)
    0x080002e6   0x00000000   Code   RO         5117    .ARM.Collect$$libshutdown$$00000002  c_w.l(libshutdown2.o)
    0x080002e6   0x00000000   Code   RO         5119    .ARM.Collect$$libshutdown$$00000004  c_w.l(libshutdown2.o)
    0x080002e6   0x00000000   Code   RO         5122    .ARM.Collect$$libshutdown$$00000007  c_w.l(libshutdown2.o)
    0x080002e6   0x00000000   Code   RO         5125    .ARM.Collect$$libshutdown$$0000000A  c_w.l(libshutdown2.o)
    0x080002e6   0x00000000   Code   RO         5127    .ARM.Collect$$libshutdown$$0000000C  c_w.l(libshutdown2.o)
    0x080002e6   0x00000000   Code   RO         5130    .ARM.Collect$$libshutdown$$0000000F  c_w.l(libshutdown2.o)
    0x080002e6   0x00000002   Code   RO         5131    .ARM.Collect$$libshutdown$$00000010  c_w.l(libshutdown2.o)
    0x080002e8   0x00000000   Code   RO         4898    .ARM.Collect$$rtentry$$00000000  c_w.l(__rtentry.o)
    0x080002e8   0x00000000   Code   RO         4928    .ARM.Collect$$rtentry$$00000002  c_w.l(__rtentry2.o)
    0x080002e8   0x00000006   Code   RO         4940    .ARM.Collect$$rtentry$$00000004  c_w.l(__rtentry4.o)
    0x080002ee   0x00000000   Code   RO         4930    .ARM.Collect$$rtentry$$00000009  c_w.l(__rtentry2.o)
    0x080002ee   0x00000004   Code   RO         4931    .ARM.Collect$$rtentry$$0000000A  c_w.l(__rtentry2.o)
    0x080002f2   0x00000000   Code   RO         4933    .ARM.Collect$$rtentry$$0000000C  c_w.l(__rtentry2.o)
    0x080002f2   0x00000008   Code   RO         4934    .ARM.Collect$$rtentry$$0000000D  c_w.l(__rtentry2.o)
    0x080002fa   0x00000002   Code   RO         5053    .ARM.Collect$$rtexit$$00000000  c_w.l(rtexit.o)
    0x080002fc   0x00000000   Code   RO         5068    .ARM.Collect$$rtexit$$00000002  c_w.l(rtexit2.o)
    0x080002fc   0x00000004   Code   RO         5069    .ARM.Collect$$rtexit$$00000003  c_w.l(rtexit2.o)
    0x08000300   0x00000006   Code   RO         5070    .ARM.Collect$$rtexit$$00000004  c_w.l(rtexit2.o)
    0x08000306   0x00000002   PAD
    0x08000308   0x00000040   Code   RO         4527  * .text               startup_stm32f415xx.o
    0x08000348   0x000000fc   Code   RO         4575    .text               arm_cortexM4lf_math.lib(arm_cmplx_mag_f32.o)
    0x08000444   0x00000722   Code   RO         4627    .text               arm_cortexM4lf_math.lib(arm_cfft_f32.o)
    0x08000b66   0x00000002   PAD
    0x08000b68   0x000000d8   Code   RO         4658    .text               arm_cortexM4lf_math.lib(arm_max_f32.o)
    0x08000c40   0x000004dc   Code   RO         4732    .text               arm_cortexM4lf_math.lib(arm_cfft_radix8_f32.o)
    0x0800111c   0x00000028   Code   RO         4843    .text               c_w.l(noretval__2sprintf.o)
    0x08001144   0x00000068   Code   RO         4845    .text               c_w.l(__printf.o)
    0x080011ac   0x00000078   Code   RO         4847    .text               c_w.l(_printf_dec.o)
    0x08001224   0x00000006   Code   RO         4872    .text               c_w.l(heapauxi.o)
    0x0800122a   0x000000b2   Code   RO         4899    .text               c_w.l(_printf_intcommon.o)
    0x080012dc   0x0000041a   Code   RO         4901    .text               c_w.l(_printf_fp_dec.o)
    0x080016f6   0x00000002   PAD
    0x080016f8   0x00000030   Code   RO         4903    .text               c_w.l(_printf_char_common.o)
    0x08001728   0x0000000a   Code   RO         4905    .text               c_w.l(_sputc.o)
    0x08001732   0x00000002   PAD
    0x08001734   0x00000008   Code   RO         4945    .text               c_w.l(rt_locale_intlibspace.o)
    0x0800173c   0x0000008a   Code   RO         4947    .text               c_w.l(lludiv10.o)
    0x080017c6   0x00000002   PAD
    0x080017c8   0x00000030   Code   RO         4949    .text               c_w.l(_fptrap.o)
    0x080017f8   0x00000080   Code   RO         4951    .text               c_w.l(_printf_fp_infnan.o)
    0x08001878   0x000000dc   Code   RO         4955    .text               c_w.l(bigflt0.o)
    0x08001954   0x00000008   Code   RO         4989    .text               c_w.l(libspace.o)
    0x0800195c   0x0000004a   Code   RO         4992    .text               c_w.l(sys_stackheap_outer.o)
    0x080019a6   0x00000012   Code   RO         4994    .text               c_w.l(exit.o)
    0x080019b8   0x0000000e   Code   RO         4996    .text               c_w.l(defsig_fpe_outer.o)
    0x080019c6   0x00000002   PAD
    0x080019c8   0x00000080   Code   RO         5000    .text               c_w.l(strcmpv7m.o)
    0x08001a48   0x0000000a   Code   RO         5057    .text               c_w.l(defsig_exit.o)
    0x08001a52   0x00000002   PAD
    0x08001a54   0x000000ac   Code   RO         5059    .text               c_w.l(defsig_fpe_inner.o)
    0x08001b00   0x0000000c   Code   RO         5065    .text               c_w.l(sys_exit.o)
    0x08001b0c   0x00000032   Code   RO         5076    .text               c_w.l(defsig_general.o)
    0x08001b3e   0x0000000e   Code   RO         5082    .text               c_w.l(sys_wrch.o)
    0x08001b4c   0x00000002   Code   RO         5086    .text               c_w.l(use_no_semi.o)
    0x08001b4e   0x00000000   Code   RO         5088    .text               c_w.l(indicate_semi.o)
    0x08001b4e   0x0000003e   Code   RO         4958    CL$$btod_d2e        c_w.l(btod.o)
    0x08001b8c   0x00000046   Code   RO         4960    CL$$btod_d2e_denorm_low  c_w.l(btod.o)
    0x08001bd2   0x00000060   Code   RO         4959    CL$$btod_d2e_norm_op1  c_w.l(btod.o)
    0x08001c32   0x00000338   Code   RO         4968    CL$$btod_div_common  c_w.l(btod.o)
    0x08001f6a   0x000000c6   Code   RO         4965    CL$$btod_e2e        c_w.l(btod.o)
    0x08002030   0x00000028   Code   RO         4962    CL$$btod_ediv       c_w.l(btod.o)
    0x08002058   0x00000028   Code   RO         4961    CL$$btod_emul       c_w.l(btod.o)
    0x08002080   0x00000244   Code   RO         4967    CL$$btod_mult_common  c_w.l(btod.o)
    0x080022c4   0x00000016   Code   RO          377    i.ADC_Cmd           stm32f4xx_adc.o
    0x080022da   0x00000016   Code   RO          383    i.ADC_DeInit        stm32f4xx_adc.o
    0x080022f0   0x00000008   Code   RO          389    i.ADC_GetConversionValue  stm32f4xx_adc.o
    0x080022f8   0x00000012   Code   RO          390    i.ADC_GetFlagStatus  stm32f4xx_adc.o
    0x0800230a   0x00000002   PAD
    0x0800230c   0x00000054   Code   RO          397    i.ADC_Init          stm32f4xx_adc.o
    0x08002360   0x000000b8   Code   RO          402    i.ADC_RegularChannelConfig  stm32f4xx_adc.o
    0x08002418   0x0000000a   Code   RO          404    i.ADC_SoftwareStartConv  stm32f4xx_adc.o
    0x08002422   0x00000090   Code   RO         1895    i.GPIO_Init         stm32f4xx_gpio.o
    0x080024b2   0x00000046   Code   RO         1896    i.GPIO_PinAFConfig  stm32f4xx_gpio.o
    0x080024f8   0x00000012   Code   RO         1904    i.GPIO_StructInit   stm32f4xx_gpio.o
    0x0800250a   0x00000002   PAD
    0x0800250c   0x00000020   Code   RO            4    i.InitializeSystem  main.o
    0x0800252c   0x0000007c   Code   RO          139    i.Initialize_ADC    adc.o
    0x080025a8   0x00000088   Code   RO          276    i.Initialize_UART   uart.o
    0x08002630   0x00000018   Code   RO          189    i.NVIC_DisableIRQ   inputdata.o
    0x08002648   0x00000020   Code   RO         2551    i.RCC_AHB1PeriphClockCmd  stm32f4xx_rcc.o
    0x08002668   0x00000020   Code   RO         2563    i.RCC_APB2PeriphClockCmd  stm32f4xx_rcc.o
    0x08002688   0x00000020   Code   RO         2565    i.RCC_APB2PeriphResetCmd  stm32f4xx_rcc.o
    0x080026a8   0x000000e8   Code   RO         2572    i.RCC_GetClocksFreq  stm32f4xx_rcc.o
    0x08002790   0x000000ec   Code   RO         4534    i.SetSysClock       system_stm32f4xx.o
    0x0800287c   0x00000034   Code   RO            5    i.SetupDebugButtons  main.o
    0x080028b0   0x0000003c   Code   RO            6    i.SetupDebugLeds    main.o
    0x080028ec   0x00000068   Code   RO         4536    i.SystemInit        system_stm32f4xx.o
    0x08002954   0x00000094   Code   RO          140    i.TIM2_IRQHandler   adc.o
    0x080029e8   0x00000006   Code   RO         3705    i.TIM_ClearITPendingBit  stm32f4xx_tim.o
    0x080029ee   0x00000022   Code   RO         3731    i.TIM_GetITStatus   stm32f4xx_tim.o
    0x08002a10   0x0000002c   Code   RO          277    i.UART_puts         uart.o
    0x08002a3c   0x00000018   Code   RO         4267    i.USART_Cmd         stm32f4xx_usart.o
    0x08002a54   0x000000d0   Code   RO         4274    i.USART_Init        stm32f4xx_usart.o
    0x08002b24   0x00000008   Code   RO         4284    i.USART_SendData    stm32f4xx_usart.o
    0x08002b2c   0x00000030   Code   RO         4987    i.__ARM_fpclassify  m_wm.l(fpclassify.o)
    0x08002b5c   0x00000040   Code   RO          240    i.computeFFT        fft.o
    0x08002b9c   0x00000108   Code   RO          241    i.getFrequency      fft.o
    0x08002ca4   0x00000018   Code   RO          242    i.getMaxValueIndex  fft.o
    0x08002cbc   0x00000070   Code   RO          190    i.insertValue       inputdata.o
    0x08002d2c   0x00000050   Code   RO            7    i.main              main.o
    0x08002d7c   0x00000024   Code   RO          141    i.readADC1          adc.o
    0x08002da0   0x0000002c   Code   RO         4981    locale$$code        c_w.l(lc_numeric_c.o)
    0x08002dcc   0x000002c4   Code   RO         4876    x$fpl$d2f           g_wm.l(d2f_clz.o)
    0x08003090   0x0000024c   Code   RO         4878    x$fpl$dadd          g_wm.l(daddsub_clz.o)
    0x080032dc   0x0000037c   Code   RO         4885    x$fpl$ddiv          g_wm.l(ddiv_clz.o)
    0x08003658   0x0000001a   Code   RO         4890    x$fpl$dfltn         g_wm.l(dflt_clz.o)
    0x08003672   0x00000026   Code   RO         4888    x$fpl$dfltu         g_wm.l(dflt_clz.o)
    0x08003698   0x00000102   Code   RO         4908    x$fpl$dnaninf       g_wm.l(dnaninf.o)
    0x0800379a   0x00000070   Code   RO         4910    x$fpl$drenorm       g_wm.l(drenorm_clz.o)
    0x0800380a   0x0000000c   Code   RO         4912    x$fpl$dretinf       g_wm.l(dretinf.o)
    0x08003816   0x00000002   PAD
    0x08003818   0x0000029c   Code   RO         4880    x$fpl$dsub          g_wm.l(daddsub_clz.o)
    0x08003ab4   0x0000017a   Code   RO         4914    x$fpl$dunder        g_wm.l(dunder_clz.o)
    0x08003c2e   0x00000002   PAD
    0x08003c30   0x000001ec   Code   RO         4916    x$fpl$exception     g_wm.l(except.o)
    0x08003e1c   0x0000007a   Code   RO         4894    x$fpl$f2d           g_wm.l(f2d.o)
    0x08003e96   0x000000f2   Code   RO         4918    x$fpl$fnaninf       g_wm.l(fnaninf.o)
    0x08003f88   0x0000000a   Code   RO         5063    x$fpl$fpinit        g_wm.l(fpinit.o)
    0x08003f92   0x0000000a   Code   RO         4920    x$fpl$fretinf       g_wm.l(fretinf.o)
    0x08003f9c   0x0000013c   Code   RO         4922    x$fpl$funder        g_wm.l(funder_clz.o)
    0x080040d8   0x00000020   Code   RO         4983    x$fpl$ieeestatus    g_wm.l(istatus.o)
    0x080040f8   0x00000004   Code   RO         4896    x$fpl$printf1       g_wm.l(printf1.o)
    0x080040fc   0x000000b2   Code   RO         4985    x$fpl$retnan        g_wm.l(retnan.o)
    0x080041ae   0x0000007e   Code   RO         4924    x$fpl$trapveneer    g_wm.l(trapv.o)
    0x0800422c   0x00000000   Code   RO         4926    x$fpl$usenofp       g_wm.l(usenofp.o)
    0x0800422c   0x00000010   Data   RO         4688    .constdata          arm_cortexM4lf_math.lib(arm_const_structs.o)
    0x0800423c   0x00002000   Data   RO         4767    .constdata          arm_cortexM4lf_math.lib(arm_common_tables.o)
    0x0800623c   0x00000e10   Data   RO         4796    .constdata          arm_cortexM4lf_math.lib(arm_common_tables.o)
    0x0800704c   0x00000094   Data   RO         4956    .constdata          c_w.l(bigflt0.o)
    0x080070e0   0x00000020   Data   RO         5132    Region$$Table       anon$$obj.o
    0x08007100   0x0000001c   Data   RO         4980    locale$$data        c_w.l(lc_numeric_c.o)


    Execution Region ER_RW (Base: 0x20000000, Size: 0x00000020, Max: 0xffffffff, ABSOLUTE)

    Base Addr    Size         Type   Attr      Idx    E Section Name        Object

    0x20000000   0x00000010   Data   RW            9    .data               main.o
    0x20000010   0x00000010   Data   RW         2595    .data               stm32f4xx_rcc.o


    Execution Region ER_ZI (Base: 0x20000020, Size: 0x00003660, Max: 0xffffffff, ABSOLUTE)

    Base Addr    Size         Type   Attr      Idx    E Section Name        Object

    0x20000020   0x00003000   Zero   RW            8    .bss                main.o
    0x20003020   0x00000060   Zero   RW         4990    .bss                c_w.l(libspace.o)
    0x20003080   0x00000200   Zero   RW         4525    HEAP                startup_stm32f415xx.o
    0x20003280   0x00000400   Zero   RW         4524    STACK               startup_stm32f415xx.o


==============================================================================

Image component sizes


      Code (inc. data)   RO Data    RW Data    ZI Data      Debug   Object Name

       308         26          0          0          0       1770   adc.o
       352         78          0          0          0       1863   fft.o
       136         22          0          0          0      27693   inputdata.o
       224         30          0         16      12288     254147   main.o
         0          0          0          0          0     207392   misc.o
        64         26        392          0       1536        876   startup_stm32f415xx.o
       348         10          0          0          0      32250   stm32f4xx_adc.o
       232          0          0          0          0       8669   stm32f4xx_gpio.o
       328         36          0         16          0       4423   stm32f4xx_rcc.o
        40          0          0          0          0      21586   stm32f4xx_tim.o
       240         10          0          0          0       8558   stm32f4xx_usart.o
       340         32          0          0          0       1633   system_stm32f4xx.o
       180         14          0          0          0       1186   uart.o

    ----------------------------------------------------------------------
      2796        284        424         32      13824     572046   Object Totals
         0          0         32          0          0          0   (incl. Generated)
         4          0          0          0          0          0   (incl. Padding)

    ----------------------------------------------------------------------

      Code (inc. data)   RO Data    RW Data    ZI Data      Debug   Library Member Name

       192          0          0          0          0        528   arm_bitreversal2.o
      1826          0          0          0          0      17225   arm_cfft_f32.o
      1244          4          0          0          0       3087   arm_cfft_radix8_f32.o
       252          6          0          0          0      17504   arm_cmplx_mag_f32.o
         0          0      11792          0          0       4636   arm_common_tables.o
         0          0         16          0          0       2191   arm_const_structs.o
       216          0          0          0          0       1654   arm_max_f32.o
         8          0          0          0          0         68   __main.o
       104          0          0          0          0         84   __printf.o
         0          0          0          0          0          0   __rtentry.o
        12          0          0          0          0          0   __rtentry2.o
         6          0          0          0          0          0   __rtentry4.o
        52          8          0          0          0          0   __scatter.o
        26          0          0          0          0          0   __scatter_copy.o
        28          0          0          0          0          0   __scatter_zi.o
        48          4          0          0          0         84   _fptrap.o
        48          6          0          0          0         96   _printf_char_common.o
         6          0          0          0          0          0   _printf_d.o
       120         16          0          0          0         92   _printf_dec.o
         6          0          0          0          0          0   _printf_f.o
      1050          0          0          0          0        216   _printf_fp_dec.o
       128         16          0          0          0         84   _printf_fp_infnan.o
       178          0          0          0          0         88   _printf_intcommon.o
         0          0          0          0          0          0   _printf_percent.o
         4          0          0          0          0          0   _printf_percent_end.o
        10          0          0          0          0         68   _sputc.o
       220          4        148          0          0         96   bigflt0.o
      1910        128          0          0          0        672   btod.o
        10          0          0          0          0         68   defsig_exit.o
       172        110          0          0          0         76   defsig_fpe_inner.o
        14          0          0          0          0         80   defsig_fpe_outer.o
        50          0          0          0          0         88   defsig_general.o
        18          0          0          0          0         80   exit.o
         6          0          0          0          0        152   heapauxi.o
         0          0          0          0          0          0   indicate_semi.o
        44         10         28          0          0         76   lc_numeric_c.o
         2          0          0          0          0          0   libinit.o
        22          0          0          0          0          0   libinit2.o
         2          0          0          0          0          0   libshutdown.o
         2          0          0          0          0          0   libshutdown2.o
         8          4          0          0         96         68   libspace.o
       138          0          0          0          0         80   lludiv10.o
        40          6          0          0          0         84   noretval__2sprintf.o
         8          4          0          0          0         68   rt_locale_intlibspace.o
         2          0          0          0          0          0   rtexit.o
        10          0          0          0          0          0   rtexit2.o
       128          0          0          0          0         68   strcmpv7m.o
        12          4          0          0          0         68   sys_exit.o
        74          0          0          0          0         80   sys_stackheap_outer.o
        14          0          0          0          0         76   sys_wrch.o
         2          0          0          0          0         68   use_no_semi.o
       708         16          0          0          0        140   d2f_clz.o
      1256         28          0          0          0        408   daddsub_clz.o
       892        152          0          0          0        292   ddiv_clz.o
        64          0          0          0          0        232   dflt_clz.o
       258          4          0          0          0        156   dnaninf.o
       112          0          0          0          0        160   drenorm_clz.o
        12          0          0          0          0        116   dretinf.o
       378          0          0          0          0        168   dunder_clz.o
       492         36          0          0          0        148   except.o
       122          8          0          0          0        132   f2d.o
       242          4          0          0          0        144   fnaninf.o
        10          0          0          0          0        116   fpinit.o
        10          0          0          0          0        116   fretinf.o
       316          0          0          0          0        132   funder_clz.o
        32          4          0          0          0        116   istatus.o
         4          0          0          0          0        116   printf1.o
       178          0          0          0          0        116   retnan.o
       126          0          0          0          0        148   trapv.o
         0          0          0          0          0          0   usenofp.o
        48          0          0          0          0        124   fpclassify.o

    ----------------------------------------------------------------------
     13752        582      11984          0         96      52833   Library Totals
        20          0          0          0          0          0   (incl. Padding)

    ----------------------------------------------------------------------

      Code (inc. data)   RO Data    RW Data    ZI Data      Debug   Library Name

      3730         10      11808          0          0      46825   arm_cortexM4lf_math.lib
      4742        320        176          0         96       2928   c_w.l
      5212        252          0          0          0       2956   g_wm.l
        48          0          0          0          0        124   m_wm.l

    ----------------------------------------------------------------------
     13752        582      11984          0         96      52833   Library Totals

    ----------------------------------------------------------------------

==============================================================================


      Code (inc. data)   RO Data    RW Data    ZI Data      Debug   

     16548        866      12408         32      13920     617767   Grand Totals
     16548        866      12408         32      13920     617767   ELF Image Totals
     16548        866      12408         32          0          0   ROM Totals

==============================================================================

    Total RO  Size (Code + RO Data)                28956 (  28.28kB)
    Total RW  Size (RW Data + ZI Data)             13952 (  13.63kB)
    Total ROM Size (Code + RO Data + RW Data)      28988 (  28.31kB)

==============================================================================

